

================================================================
== Vivado HLS Report for 'crypto_sign_open'
================================================================
* Date:           Fri May  8 13:17:04 2020

* Version:        2019.2 (Build 2704478 on Wed Nov 06 22:10:23 MST 2019)
* Project:        picnic1
* Solution:       sing_open
* Product family: artix7
* Target device:  xc7a200t-fbg676-2


================================================================
== Performance Estimates
================================================================
+ Timing: 
    * Summary: 
    +--------+----------+----------+------------+
    |  Clock |  Target  | Estimated| Uncertainty|
    +--------+----------+----------+------------+
    |ap_clk  | 10.00 ns | 9.122 ns |   1.25 ns  |
    +--------+----------+----------+------------+

+ Latency: 
    * Summary: 
    +---------+---------+----------+----------+-----+-----+---------+
    |  Latency (cycles) |  Latency (absolute) |  Interval | Pipeline|
    |   min   |   max   |    min   |    max   | min | max |   Type  |
    +---------+---------+----------+----------+-----+-----+---------+
    |        ?|        ?|         ?|         ?|    ?|    ?|   none  |
    +---------+---------+----------+----------+-----+-----+---------+

    + Detail: 
        * Instance: 
        +--------------------------+---------------+---------+---------+----------+----------+-----+-----+---------+
        |                          |               |  Latency (cycles) |  Latency (absolute) |  Interval | Pipeline|
        |         Instance         |     Module    |   min   |   max   |    min   |    max   | min | max |   Type  |
        +--------------------------+---------------+---------+---------+----------+----------+-----+-----+---------+
        |grp_picnic_verify_fu_288  |picnic_verify  |        ?|        ?|         ?|         ?|    ?|    ?|   none  |
        +--------------------------+---------------+---------+---------+----------+----------+-----+-----+---------+

        * Loop: 
        +----------+---------+---------+----------+-----------+-----------+------+----------+
        |          |  Latency (cycles) | Iteration|  Initiation Interval  | Trip |          |
        | Loop Name|   min   |   max   |  Latency |  achieved |   target  | Count| Pipelined|
        +----------+---------+---------+----------+-----------+-----------+------+----------+
        |- Loop 1  |       32|       32|         2|          -|          -|    16|    no    |
        |- Loop 2  |       32|       32|         2|          -|          -|    16|    no    |
        |- Loop 3  |        ?|        ?|         2|          -|          -|     ?|    no    |
        +----------+---------+---------+----------+-----------+-----------+------+----------+



================================================================
== Utilization Estimates
================================================================
* Summary: 
+-----------------+---------+-------+--------+--------+-----+
|       Name      | BRAM_18K| DSP48E|   FF   |   LUT  | URAM|
+-----------------+---------+-------+--------+--------+-----+
|DSP              |        -|      -|       -|       -|    -|
|Expression       |        -|      -|       0|     491|    -|
|FIFO             |        -|      -|       -|       -|    -|
|Instance         |      317|      2|   33847|   93390|    0|
|Memory           |        0|      -|      32|       8|    0|
|Multiplexer      |        -|      -|       -|     281|    -|
|Register         |        -|      -|     345|       -|    -|
+-----------------+---------+-------+--------+--------+-----+
|Total            |      317|      2|   34224|   94170|    0|
+-----------------+---------+-------+--------+--------+-----+
|Available        |      730|    740|  269200|  134600|    0|
+-----------------+---------+-------+--------+--------+-----+
|Utilization (%)  |       43|   ~0  |      12|      69|    0|
+-----------------+---------+-------+--------+--------+-----+

+ Detail: 
    * Instance: 
    +--------------------------+---------------+---------+-------+-------+-------+-----+
    |         Instance         |     Module    | BRAM_18K| DSP48E|   FF  |  LUT  | URAM|
    +--------------------------+---------------+---------+-------+-------+-------+-----+
    |grp_picnic_verify_fu_288  |picnic_verify  |      317|      2|  33847|  93390|    0|
    +--------------------------+---------------+---------+-------+-------+-------+-----+
    |Total                     |               |      317|      2|  33847|  93390|    0|
    +--------------------------+---------------+---------+-------+-------+-------+-----+

    * DSP48E: 
    N/A

    * Memory: 
    +-----------------------+----------------------+---------+----+----+-----+------+-----+------+-------------+
    |         Memory        |        Module        | BRAM_18K| FF | LUT| URAM| Words| Bits| Banks| W*Bits*Banks|
    +-----------------------+----------------------+---------+----+----+-----+------+-----+------+-------------+
    |pubkey_0_plaintext_U   |crypto_sign_open_Mgi  |        0|  16|   4|    0|    32|    8|     1|          256|
    |pubkey_0_ciphertext_U  |crypto_sign_open_Mgi  |        0|  16|   4|    0|    32|    8|     1|          256|
    +-----------------------+----------------------+---------+----+----+-----+------+-----+------+-------------+
    |Total                  |                      |        0|  32|   8|    0|    64|   16|     2|          512|
    +-----------------------+----------------------+---------+----+----+-----+------+-----+------+-------------+

    * FIFO: 
    N/A

    * Expression: 
    +-----------------------+----------+-------+---+----+------------+------------+
    |     Variable Name     | Operation| DSP48E| FF| LUT| Bitwidth P0| Bitwidth P1|
    +-----------------------+----------+-------+---+----+------------+------------+
    |add_ln142_fu_462_p2    |     +    |      0|  0|  71|          64|           4|
    |add_ln155_fu_498_p2    |     +    |      0|  0|  39|          32|           3|
    |add_ln582_1_fu_432_p2  |     +    |      0|  0|  15|           6|           5|
    |loop_38_fu_400_p2      |     +    |      0|  0|  15|           5|           1|
    |loop_39_fu_426_p2      |     +    |      0|  0|  15|           5|           1|
    |loop_fu_492_p2         |     +    |      0|  0|  39|          32|           1|
    |message_len_fu_478_p2  |     +    |      0|  0|  71|          64|           4|
    |sub_ln146_fu_473_p2    |     -    |      0|  0|  71|          64|          64|
    |empty_188_fu_322_p2    |   icmp   |      0|  0|   9|           4|           3|
    |empty_190_fu_334_p2    |   icmp   |      0|  0|   9|           4|           3|
    |empty_192_fu_346_p2    |   icmp   |      0|  0|   9|           4|           4|
    |empty_194_fu_358_p2    |   icmp   |      0|  0|   9|           4|           4|
    |empty_196_fu_370_p2    |   icmp   |      0|  0|   9|           4|           4|
    |empty_198_fu_382_p2    |   icmp   |      0|  0|   9|           4|           1|
    |empty_fu_316_p2        |   icmp   |      0|  0|   9|           4|           2|
    |icmp_ln142_fu_467_p2   |   icmp   |      0|  0|  29|          64|          64|
    |icmp_ln154_fu_487_p2   |   icmp   |      0|  0|  29|          64|          64|
    |icmp_ln576_fu_394_p2   |   icmp   |      0|  0|  11|           5|           6|
    |icmp_ln581_fu_420_p2   |   icmp   |      0|  0|  11|           5|           6|
    |empty_189_fu_328_p2    |    or    |      0|  0|   2|           1|           1|
    |empty_191_fu_340_p2    |    or    |      0|  0|   2|           1|           1|
    |empty_193_fu_352_p2    |    or    |      0|  0|   2|           1|           1|
    |empty_195_fu_364_p2    |    or    |      0|  0|   2|           1|           1|
    |empty_197_fu_376_p2    |    or    |      0|  0|   2|           1|           1|
    |empty_199_fu_388_p2    |    or    |      0|  0|   2|           1|           1|
    +-----------------------+----------+-------+---+----+------------+------------+
    |Total                  |          |      0|  0| 491|         444|         250|
    +-----------------------+----------+-------+---+----+------------+------------+

    * Multiplexer: 
    +------------------------------+----+-----------+-----+-----------+
    |             Name             | LUT| Input Size| Bits| Total Bits|
    +------------------------------+----+-----------+-----+-----------+
    |ap_NS_fsm                     |  62|         15|    1|         15|
    |loop_0_i_reg_233              |   9|          2|    5|         10|
    |loop_0_reg_257                |   9|          2|   32|         64|
    |loop_1_i_reg_245              |   9|          2|    5|         10|
    |p_0_reg_268                   |  15|          3|    2|          6|
    |pk_address0                   |  21|          4|    6|         24|
    |pubkey_0_ciphertext_address0  |  15|          3|    5|         15|
    |pubkey_0_ciphertext_ce0       |  15|          3|    1|          3|
    |pubkey_0_ciphertext_ce1       |   9|          2|    1|          2|
    |pubkey_0_plaintext_address0   |  15|          3|    5|         15|
    |pubkey_0_plaintext_ce0        |  15|          3|    1|          3|
    |pubkey_0_plaintext_ce1        |   9|          2|    1|          2|
    |sm_address0                   |  27|          5|   16|         80|
    |sm_address1                   |  21|          4|   16|         64|
    |sm_ce0                        |  15|          3|    1|          3|
    |sm_ce1                        |  15|          3|    1|          3|
    +------------------------------+----+-----------+-----+-----------+
    |Total                         | 281|         59|   99|        319|
    +------------------------------+----+-----------+-----+-----------+

    * Register: 
    +---------------------------------------+----+----+-----+-----------+
    |                  Name                 | FF | LUT| Bits| Const Bits|
    +---------------------------------------+----+----+-----+-----------+
    |ap_CS_fsm                              |  14|   0|   14|          0|
    |grp_picnic_verify_fu_288_ap_start_reg  |   1|   0|    1|          0|
    |loop_0_i_reg_233                       |   5|   0|    5|          0|
    |loop_0_reg_257                         |  32|   0|   32|          0|
    |loop_1_i_reg_245                       |   5|   0|    5|          0|
    |loop_38_reg_545                        |   5|   0|    5|          0|
    |loop_39_reg_558                        |   5|   0|    5|          0|
    |loop_reg_625                           |  32|   0|   32|          0|
    |message_len_reg_607                    |  64|   0|   64|          0|
    |p_0_reg_268                            |   2|   0|    2|          0|
    |pubkey_0_params_reg_534                |   4|   0|    4|          0|
    |sext_ln154_reg_617                     |  64|   0|   64|          0|
    |signature_len_reg_593                  |  32|   0|   32|          0|
    |sm_load_1_reg_583                      |   8|   0|    8|          0|
    |sm_load_reg_578                        |   8|   0|    8|          0|
    |sub_ln146_reg_601                      |  64|   0|   64|          0|
    +---------------------------------------+----+----+-----+-----------+
    |Total                                  | 345|   0|  345|          0|
    +---------------------------------------+----+----+-----+-----------+



================================================================
== Interface
================================================================
* Summary: 
+----------------------+-----+-----+------------+------------------+--------------+
|       RTL Ports      | Dir | Bits|  Protocol  |   Source Object  |    C Type    |
+----------------------+-----+-----+------------+------------------+--------------+
|ap_clk                |  in |    1| ap_ctrl_hs | crypto_sign_open | return value |
|ap_rst                |  in |    1| ap_ctrl_hs | crypto_sign_open | return value |
|ap_start              |  in |    1| ap_ctrl_hs | crypto_sign_open | return value |
|ap_done               | out |    1| ap_ctrl_hs | crypto_sign_open | return value |
|ap_idle               | out |    1| ap_ctrl_hs | crypto_sign_open | return value |
|ap_ready              | out |    1| ap_ctrl_hs | crypto_sign_open | return value |
|ap_return             | out |   32| ap_ctrl_hs | crypto_sign_open | return value |
|m_address0            | out |   12|  ap_memory |         m        |     array    |
|m_ce0                 | out |    1|  ap_memory |         m        |     array    |
|m_we0                 | out |    1|  ap_memory |         m        |     array    |
|m_d0                  | out |    8|  ap_memory |         m        |     array    |
|mlen_address0         | out |    1|  ap_memory |       mlen       |     array    |
|mlen_ce0              | out |    1|  ap_memory |       mlen       |     array    |
|mlen_we0              | out |    1|  ap_memory |       mlen       |     array    |
|mlen_d0               | out |   64|  ap_memory |       mlen       |     array    |
|sm_address0           | out |   16|  ap_memory |        sm        |     array    |
|sm_ce0                | out |    1|  ap_memory |        sm        |     array    |
|sm_q0                 |  in |    8|  ap_memory |        sm        |     array    |
|sm_address1           | out |   16|  ap_memory |        sm        |     array    |
|sm_ce1                | out |    1|  ap_memory |        sm        |     array    |
|sm_q1                 |  in |    8|  ap_memory |        sm        |     array    |
|smlen                 |  in |   64|   ap_none  |       smlen      |    scalar    |
|pk_address0           | out |    6|  ap_memory |        pk        |     array    |
|pk_ce0                | out |    1|  ap_memory |        pk        |     array    |
|pk_q0                 |  in |    8|  ap_memory |        pk        |     array    |
|viewOutputs_address0  | out |   14|  ap_memory |    viewOutputs   |     array    |
|viewOutputs_ce0       | out |    1|  ap_memory |    viewOutputs   |     array    |
|viewOutputs_we0       | out |    1|  ap_memory |    viewOutputs   |     array    |
|viewOutputs_d0        | out |   32|  ap_memory |    viewOutputs   |     array    |
|viewOutputs_q0        |  in |   32|  ap_memory |    viewOutputs   |     array    |
+----------------------+-----+-----+------------+------------------+--------------+

