

================================================================
== Vivado HLS Report for 'KeccakWidth1600_Spon_13'
================================================================
* Date:           Fri May  8 13:15:37 2020

* Version:        2019.2 (Build 2704478 on Wed Nov 06 22:10:23 MST 2019)
* Project:        picnic1
* Solution:       sing_open
* Product family: artix7
* Target device:  xc7a200t-fbg676-2


================================================================
== Performance Estimates
================================================================
+ Timing: 
    * Summary: 
    +--------+----------+----------+------------+
    |  Clock |  Target  | Estimated| Uncertainty|
    +--------+----------+----------+------------+
    |ap_clk  | 10.00 ns | 8.579 ns |   1.25 ns  |
    +--------+----------+----------+------------+

+ Latency: 
    * Summary: 
    +---------+---------+----------+----------+-----+-----+---------+
    |  Latency (cycles) |  Latency (absolute) |  Interval | Pipeline|
    |   min   |   max   |    min   |    max   | min | max |   Type  |
    +---------+---------+----------+----------+-----+-----+---------+
    |        ?|        ?|         ?|         ?|    ?|    ?|   none  |
    +---------+---------+----------+----------+-----+-----+---------+

    + Detail: 
        * Instance: 
        N/A

        * Loop: 
        +-----------------+---------+---------+----------+-----------+-----------+------+----------+
        |                 |  Latency (cycles) | Iteration|  Initiation Interval  | Trip |          |
        |    Loop Name    |   min   |   max   |  Latency |  achieved |   target  | Count| Pipelined|
        +-----------------+---------+---------+----------+-----------+-----------+------+----------+
        |- Loop 1         |        ?|        ?|         ?|          -|          -|     ?|    no    |
        | + Loop 1.1      |        ?|        ?|     18923|          -|          -|     ?|    no    |
        |  ++ Loop 1.1.1  |      336|      336|         2|          -|          -|   168|    no    |
        | + Loop 1.2      |        ?|        ?|         2|          -|          -|     ?|    no    |
        +-----------------+---------+---------+----------+-----------+-----------+------+----------+

============================================================
+ Verbose Summary: Synthesis Manager
============================================================
InlineROM: 1
ExposeGlobal: 1
============================================================
+ Verbose Summary: CDFG Model
============================================================
IsTopModel: 0
ResetActiveHigh: 1
IsCombinational: 0
IsDatapathOnly: 0
HasWiredReturn: 1
HasMFsm: 0
HasVarLatency: 1
IsPipeline: 0
IsRtlPipelined: 0
IsInstanceOverlapped: 0
IsDontTouch: 0
HasImplIP: 0
IsGatedGlobalClock: 0


============================================================
+ Verbose Summary: Schedule
============================================================
* Number of FSM states : 10
* Pipeline : 0
* Dataflow Pipeline: 0

* FSM state transitions: 
1 --> 2 
2 --> 7 3 
3 --> 4 10 
4 --> 5 6 
5 --> 4 
6 --> 3 
7 --> 8 
8 --> 9 10 
9 --> 8 
10 --> 2 

* FSM state operations: 

State 1 <SV = 0> <Delay = 1.45>
ST_1 : Operation 11 [1/1] (0.00ns)   --->   "%i_31 = alloca i34"   --->   Operation 11 'alloca' 'i_31' <Predicate = true> <Delay = 0.00>
ST_1 : Operation 12 [1/1] (0.00ns)   --->   "%instance_byteIOIndex = alloca i32"   --->   Operation 12 'alloca' 'instance_byteIOIndex' <Predicate = true> <Delay = 0.00>
ST_1 : Operation 13 [1/1] (0.00ns)   --->   "%dataByteLen_read = call i8 @_ssdm_op_Read.ap_auto.i8(i8 %dataByteLen)"   --->   Operation 13 'read' 'dataByteLen_read' <Predicate = true> <Delay = 0.00>
ST_1 : Operation 14 [1/1] (0.00ns)   --->   "%instance_byteIOIndex_43 = call i32 @_ssdm_op_Read.ap_auto.i32(i32 %instance_byteIOIndex_read)"   --->   Operation 14 'read' 'instance_byteIOIndex_43' <Predicate = true> <Delay = 0.00>
ST_1 : Operation 15 [1/1] (0.00ns)   --->   "%dataByteLen_cast1_ca = zext i8 %dataByteLen_read to i34"   --->   Operation 15 'zext' 'dataByteLen_cast1_ca' <Predicate = true> <Delay = 0.00>
ST_1 : Operation 16 [1/1] (0.00ns)   --->   "%zext_ln195 = zext i8 %dataByteLen_read to i30" [sha3/KeccakSpongeWidth1600.c:195]   --->   Operation 16 'zext' 'zext_ln195' <Predicate = true> <Delay = 0.00>
ST_1 : Operation 17 [1/1] (0.00ns)   --->   "%zext_ln223 = zext i8 %dataByteLen_read to i32" [sha3/KeccakSpongeWidth1600.c:223]   --->   Operation 17 'zext' 'zext_ln223' <Predicate = true> <Delay = 0.00>
ST_1 : Operation 18 [1/1] (1.45ns)   --->   "store i32 %instance_byteIOIndex_43, i32* %instance_byteIOIndex" [sha3/KeccakSpongeWidth1600.c:194]   --->   Operation 18 'store' <Predicate = true> <Delay = 1.45>
ST_1 : Operation 19 [1/1] (1.45ns)   --->   "store i34 0, i34* %i_31" [sha3/KeccakSpongeWidth1600.c:194]   --->   Operation 19 'store' <Predicate = true> <Delay = 1.45>
ST_1 : Operation 20 [1/1] (1.35ns)   --->   "br label %.preheader2" [sha3/KeccakSpongeWidth1600.c:194]   --->   Operation 20 'br' <Predicate = true> <Delay = 1.35>

State 2 <SV = 1> <Delay = 4.23>
ST_2 : Operation 21 [1/1] (0.00ns)   --->   "%p_01_rec = phi i64 [ 0, %.preheader2.preheader ], [ %p_2_rec, %._crit_edge6 ]" [sha3/KeccakSpongeWidth1600.c:214]   --->   Operation 21 'phi' 'p_01_rec' <Predicate = true> <Delay = 0.00>
ST_2 : Operation 22 [1/1] (0.00ns)   --->   "%i_31_load = load i34* %i_31" [sha3/KeccakSpongeWidth1600.c:223]   --->   Operation 22 'load' 'i_31_load' <Predicate = true> <Delay = 0.00>
ST_2 : Operation 23 [1/1] (2.12ns)   --->   "%icmp_ln194 = icmp ult i34 %i_31_load, %dataByteLen_cast1_ca" [sha3/KeccakSpongeWidth1600.c:194]   --->   Operation 23 'icmp' 'icmp_ln194' <Predicate = true> <Delay = 2.12> <Core = "Cmp">   --->   Core 25 'Cmp' <Latency = 0> <II = 1> <Delay = 2.11> <FuncUnit> <Opcode : 'icmp'> <InPorts = 2> <OutPorts = 1>
ST_2 : Operation 24 [1/1] (0.00ns)   --->   "br i1 %icmp_ln194, label %0, label %.loopexit" [sha3/KeccakSpongeWidth1600.c:194]   --->   Operation 24 'br' <Predicate = true> <Delay = 0.00>
ST_2 : Operation 25 [1/1] (0.00ns)   --->   "%instance_byteIOIndex_44 = load i32* %instance_byteIOIndex" [sha3/KeccakSpongeWidth1600.c:195]   --->   Operation 25 'load' 'instance_byteIOIndex_44' <Predicate = (icmp_ln194)> <Delay = 0.00>
ST_2 : Operation 26 [1/1] (2.11ns)   --->   "%icmp_ln195 = icmp eq i32 %instance_byteIOIndex_44, 0" [sha3/KeccakSpongeWidth1600.c:195]   --->   Operation 26 'icmp' 'icmp_ln195' <Predicate = (icmp_ln194)> <Delay = 2.11> <Core = "Cmp">   --->   Core 25 'Cmp' <Latency = 0> <II = 1> <Delay = 2.11> <FuncUnit> <Opcode : 'icmp'> <InPorts = 2> <OutPorts = 1>
ST_2 : Operation 27 [1/1] (0.00ns)   --->   "br i1 %icmp_ln195, label %1, label %._crit_edge" [sha3/KeccakSpongeWidth1600.c:195]   --->   Operation 27 'br' <Predicate = (icmp_ln194)> <Delay = 0.00>
ST_2 : Operation 28 [1/1] (0.00ns)   --->   "%trunc_ln195 = trunc i34 %i_31_load to i30" [sha3/KeccakSpongeWidth1600.c:195]   --->   Operation 28 'trunc' 'trunc_ln195' <Predicate = (icmp_ln194 & icmp_ln195)> <Delay = 0.00>
ST_2 : Operation 29 [1/1] (2.13ns)   --->   "%add_ln195 = add i30 168, %trunc_ln195" [sha3/KeccakSpongeWidth1600.c:195]   --->   Operation 29 'add' 'add_ln195' <Predicate = (icmp_ln194 & icmp_ln195)> <Delay = 2.13> <Core = "AddSub">   --->   Core 14 'AddSub' <Latency = 0> <II = 1> <Delay = 2.99> <FuncUnit> <Opcode : 'add' 'sub'> <InPorts = 2> <OutPorts = 1>
ST_2 : Operation 30 [1/1] (2.09ns)   --->   "%icmp_ln195_1 = icmp ugt i30 %add_ln195, %zext_ln195" [sha3/KeccakSpongeWidth1600.c:195]   --->   Operation 30 'icmp' 'icmp_ln195_1' <Predicate = (icmp_ln194 & icmp_ln195)> <Delay = 2.09> <Core = "Cmp">   --->   Core 25 'Cmp' <Latency = 0> <II = 1> <Delay = 2.11> <FuncUnit> <Opcode : 'icmp'> <InPorts = 2> <OutPorts = 1>
ST_2 : Operation 31 [1/1] (0.00ns)   --->   "br i1 %icmp_ln195_1, label %._crit_edge, label %2" [sha3/KeccakSpongeWidth1600.c:195]   --->   Operation 31 'br' <Predicate = (icmp_ln194 & icmp_ln195)> <Delay = 0.00>
ST_2 : Operation 32 [1/1] (2.23ns)   --->   "%j = sub i34 %dataByteLen_cast1_ca, %i_31_load" [sha3/KeccakSpongeWidth1600.c:206]   --->   Operation 32 'sub' 'j' <Predicate = (icmp_ln194 & icmp_ln195 & !icmp_ln195_1)> <Delay = 2.23> <Core = "AddSub">   --->   Core 14 'AddSub' <Latency = 0> <II = 1> <Delay = 2.99> <FuncUnit> <Opcode : 'add' 'sub'> <InPorts = 2> <OutPorts = 1>
ST_2 : Operation 33 [1/1] (0.00ns)   --->   "%sext_ln206 = sext i34 %j to i64" [sha3/KeccakSpongeWidth1600.c:206]   --->   Operation 33 'sext' 'sext_ln206' <Predicate = (icmp_ln194 & icmp_ln195 & !icmp_ln195_1)> <Delay = 0.00>
ST_2 : Operation 34 [1/1] (1.35ns)   --->   "br label %3" [sha3/KeccakSpongeWidth1600.c:206]   --->   Operation 34 'br' <Predicate = (icmp_ln194 & icmp_ln195 & !icmp_ln195_1)> <Delay = 1.35>
ST_2 : Operation 35 [1/1] (0.00ns)   --->   "%trunc_ln223 = trunc i34 %i_31_load to i32" [sha3/KeccakSpongeWidth1600.c:223]   --->   Operation 35 'trunc' 'trunc_ln223' <Predicate = (icmp_ln194 & icmp_ln195_1) | (icmp_ln194 & !icmp_ln195)> <Delay = 0.00>
ST_2 : Operation 36 [1/1] (2.18ns)   --->   "%partialBlock = sub i32 %zext_ln223, %trunc_ln223" [sha3/KeccakSpongeWidth1600.c:223]   --->   Operation 36 'sub' 'partialBlock' <Predicate = (icmp_ln194 & icmp_ln195_1) | (icmp_ln194 & !icmp_ln195)> <Delay = 2.18> <Core = "AddSub">   --->   Core 14 'AddSub' <Latency = 0> <II = 1> <Delay = 2.99> <FuncUnit> <Opcode : 'add' 'sub'> <InPorts = 2> <OutPorts = 1>
ST_2 : Operation 37 [1/1] (0.00ns)   --->   "%instance_byteIOIndex_48 = load i32* %instance_byteIOIndex"   --->   Operation 37 'load' 'instance_byteIOIndex_48' <Predicate = (!icmp_ln194)> <Delay = 0.00>
ST_2 : Operation 38 [1/1] (0.00ns)   --->   "ret i32 %instance_byteIOIndex_48"   --->   Operation 38 'ret' <Predicate = (!icmp_ln194)> <Delay = 0.00>

State 3 <SV = 2> <Delay = 3.68>
ST_3 : Operation 39 [1/1] (0.00ns)   --->   "%j_0 = phi i64 [ %sext_ln206, %2 ], [ %j_13, %5 ]"   --->   Operation 39 'phi' 'j_0' <Predicate = true> <Delay = 0.00>
ST_3 : Operation 40 [1/1] (0.00ns)   --->   "%p_1_rec = phi i64 [ 0, %2 ], [ %add_ln214, %5 ]" [sha3/KeccakSpongeWidth1600.c:214]   --->   Operation 40 'phi' 'p_1_rec' <Predicate = true> <Delay = 0.00>
ST_3 : Operation 41 [1/1] (2.34ns)   --->   "%icmp_ln206 = icmp ult i64 %j_0, 168" [sha3/KeccakSpongeWidth1600.c:206]   --->   Operation 41 'icmp' 'icmp_ln206' <Predicate = true> <Delay = 2.34> <Core = "Cmp">   --->   Core 25 'Cmp' <Latency = 0> <II = 1> <Delay = 2.11> <FuncUnit> <Opcode : 'icmp'> <InPorts = 2> <OutPorts = 1>
ST_3 : Operation 42 [1/1] (0.00ns)   --->   "br i1 %icmp_ln206, label %6, label %.preheader.preheader" [sha3/KeccakSpongeWidth1600.c:206]   --->   Operation 42 'br' <Predicate = true> <Delay = 0.00>
ST_3 : Operation 43 [1/1] (1.35ns)   --->   "br label %.preheader" [sha3/KeccakSpongeWidth1600.c:211]   --->   Operation 43 'br' <Predicate = (!icmp_ln206)> <Delay = 1.35>
ST_3 : Operation 44 [1/1] (0.00ns)   --->   "%zext_ln216 = zext i8 %dataByteLen_read to i34" [sha3/KeccakSpongeWidth1600.c:216]   --->   Operation 44 'zext' 'zext_ln216' <Predicate = (icmp_ln206)> <Delay = 0.00>
ST_3 : Operation 45 [1/1] (0.00ns)   --->   "%trunc_ln216 = trunc i64 %j_0 to i34" [sha3/KeccakSpongeWidth1600.c:216]   --->   Operation 45 'trunc' 'trunc_ln216' <Predicate = (icmp_ln206)> <Delay = 0.00>
ST_3 : Operation 46 [1/1] (2.23ns)   --->   "%sub_ln216 = sub i34 %zext_ln216, %trunc_ln216" [sha3/KeccakSpongeWidth1600.c:216]   --->   Operation 46 'sub' 'sub_ln216' <Predicate = (icmp_ln206)> <Delay = 2.23> <Core = "AddSub">   --->   Core 14 'AddSub' <Latency = 0> <II = 1> <Delay = 2.99> <FuncUnit> <Opcode : 'add' 'sub'> <InPorts = 2> <OutPorts = 1>
ST_3 : Operation 47 [1/1] (1.45ns)   --->   "store i32 0, i32* %instance_byteIOIndex" [sha3/KeccakSpongeWidth1600.c:220]   --->   Operation 47 'store' <Predicate = (icmp_ln206)> <Delay = 1.45>
ST_3 : Operation 48 [1/1] (1.45ns)   --->   "store i34 %sub_ln216, i34* %i_31" [sha3/KeccakSpongeWidth1600.c:220]   --->   Operation 48 'store' <Predicate = (icmp_ln206)> <Delay = 1.45>
ST_3 : Operation 49 [1/1] (1.35ns)   --->   "br label %._crit_edge6" [sha3/KeccakSpongeWidth1600.c:220]   --->   Operation 49 'br' <Predicate = (icmp_ln206)> <Delay = 1.35>

State 4 <SV = 3> <Delay = 4.79>
ST_4 : Operation 50 [1/1] (0.00ns)   --->   "%offset_assign_14 = phi i8 [ %loop_48, %4 ], [ 0, %.preheader.preheader ]"   --->   Operation 50 'phi' 'offset_assign_14' <Predicate = true> <Delay = 0.00>
ST_4 : Operation 51 [1/1] (1.24ns)   --->   "%icmp_ln211 = icmp eq i8 %offset_assign_14, -88" [sha3/KeccakSpongeWidth1600.c:211]   --->   Operation 51 'icmp' 'icmp_ln211' <Predicate = true> <Delay = 1.24> <Core = "Cmp">   --->   Core 25 'Cmp' <Latency = 0> <II = 1> <Delay = 2.11> <FuncUnit> <Opcode : 'icmp'> <InPorts = 2> <OutPorts = 1>
ST_4 : Operation 52 [1/1] (1.71ns)   --->   "%loop_48 = add i8 %offset_assign_14, 1" [sha3/KeccakSpongeWidth1600.c:211]   --->   Operation 52 'add' 'loop_48' <Predicate = true> <Delay = 1.71> <Core = "AddSub">   --->   Core 14 'AddSub' <Latency = 0> <II = 1> <Delay = 2.99> <FuncUnit> <Opcode : 'add' 'sub'> <InPorts = 2> <OutPorts = 1>
ST_4 : Operation 53 [1/1] (0.00ns)   --->   "%empty = call i32 (...)* @_ssdm_op_SpecLoopTripCount(i64 168, i64 168, i64 168)"   --->   Operation 53 'speclooptripcount' 'empty' <Predicate = true> <Delay = 0.00>
ST_4 : Operation 54 [1/1] (0.00ns)   --->   "br i1 %icmp_ln211, label %5, label %4" [sha3/KeccakSpongeWidth1600.c:211]   --->   Operation 54 'br' <Predicate = true> <Delay = 0.00>
ST_4 : Operation 55 [1/1] (0.00ns)   --->   "%zext_ln212 = zext i8 %offset_assign_14 to i64" [sha3/KeccakSpongeWidth1600.c:212]   --->   Operation 55 'zext' 'zext_ln212' <Predicate = (!icmp_ln211)> <Delay = 0.00>
ST_4 : Operation 56 [1/1] (0.00ns)   --->   "%trunc_ln206 = trunc i64 %p_1_rec to i8" [sha3/KeccakSpongeWidth1600.c:206]   --->   Operation 56 'trunc' 'trunc_ln206' <Predicate = (!icmp_ln211)> <Delay = 0.00>
ST_4 : Operation 57 [1/1] (0.00ns) (grouped into TernaryAdder)   --->   "%add_ln212 = add i8 %trunc_ln206, %offset_assign_14" [sha3/KeccakSpongeWidth1600.c:212]   --->   Operation 57 'add' 'add_ln212' <Predicate = (!icmp_ln211)> <Delay = 0.00> <Core = "TAddSub">   --->   Core 83 'TAddSub' <Latency = 0> <II = 1> <Delay = 1.51> <IPBlock> <Opcode : 'add' 'sub'> <InPorts = 3> <OutPorts = 1> <Sync> <CReg>
ST_4 : Operation 58 [1/1] (0.00ns)   --->   "%trunc_ln194_6 = trunc i64 %p_01_rec to i8" [sha3/KeccakSpongeWidth1600.c:194]   --->   Operation 58 'trunc' 'trunc_ln194_6' <Predicate = (!icmp_ln211)> <Delay = 0.00>
ST_4 : Operation 59 [1/1] (3.02ns) (root node of TernaryAdder)   --->   "%add_ln212_5 = add i8 %add_ln212, %trunc_ln194_6" [sha3/KeccakSpongeWidth1600.c:212]   --->   Operation 59 'add' 'add_ln212_5' <Predicate = (!icmp_ln211)> <Delay = 3.02> <Core = "TAddSub">   --->   Core 83 'TAddSub' <Latency = 0> <II = 1> <Delay = 1.51> <IPBlock> <Opcode : 'add' 'sub'> <InPorts = 3> <OutPorts = 1> <Sync> <CReg>
ST_4 : Operation 60 [1/1] (0.00ns)   --->   "%zext_ln212_6 = zext i8 %add_ln212_5 to i64" [sha3/KeccakSpongeWidth1600.c:212]   --->   Operation 60 'zext' 'zext_ln212_6' <Predicate = (!icmp_ln211)> <Delay = 0.00>
ST_4 : Operation 61 [1/1] (0.00ns)   --->   "%data_addr_5 = getelementptr [75 x i8]* %data, i64 0, i64 %zext_ln212_6" [sha3/KeccakSpongeWidth1600.c:212]   --->   Operation 61 'getelementptr' 'data_addr_5' <Predicate = (!icmp_ln211)> <Delay = 0.00>
ST_4 : Operation 62 [2/2] (1.77ns)   --->   "%data_load_4 = load i8* %data_addr_5, align 1" [sha3/KeccakSpongeWidth1600.c:212]   --->   Operation 62 'load' 'data_load_4' <Predicate = (!icmp_ln211)> <Delay = 1.77> <Core = "RAM">   --->   Core 37 'RAM' <Latency = 1> <II = 1> <Delay = 2.77> <Storage> <Opcode : 'load' 'store'> <Ports = 2> <Width = 8> <Depth = 200> <RAM>
ST_4 : Operation 63 [1/1] (0.00ns)   --->   "%instance_state_addr_11 = getelementptr [200 x i8]* %instance_state, i64 0, i64 %zext_ln212" [sha3/KeccakP-1600-reference.c:149->sha3/KeccakSpongeWidth1600.c:212]   --->   Operation 63 'getelementptr' 'instance_state_addr_11' <Predicate = (!icmp_ln211)> <Delay = 0.00>
ST_4 : Operation 64 [2/2] (2.77ns)   --->   "%instance_state_load_11 = load i8* %instance_state_addr_11, align 1" [sha3/KeccakP-1600-reference.c:149->sha3/KeccakSpongeWidth1600.c:212]   --->   Operation 64 'load' 'instance_state_load_11' <Predicate = (!icmp_ln211)> <Delay = 2.77> <Core = "RAM">   --->   Core 37 'RAM' <Latency = 1> <II = 1> <Delay = 2.77> <Storage> <Opcode : 'load' 'store'> <Ports = 2> <Width = 8> <Depth = 200> <RAM>
ST_4 : Operation 65 [2/2] (1.35ns)   --->   "call fastcc void @KeccakP1600_Permute_([200 x i8]* %instance_state)" [sha3/KeccakSpongeWidth1600.c:213]   --->   Operation 65 'call' <Predicate = (icmp_ln211)> <Delay = 1.35> <CoreType = "Generic">   --->   Core 0 '' <Latency = 0> <II = 1> <Delay = 1.00> <Generic> <Opcode : >
ST_4 : Operation 66 [1/1] (2.99ns)   --->   "%j_13 = add i64 %j_0, -168" [sha3/KeccakSpongeWidth1600.c:206]   --->   Operation 66 'add' 'j_13' <Predicate = (icmp_ln211)> <Delay = 2.99> <Core = "AddSub">   --->   Core 14 'AddSub' <Latency = 0> <II = 1> <Delay = 2.99> <FuncUnit> <Opcode : 'add' 'sub'> <InPorts = 2> <OutPorts = 1>

State 5 <SV = 4> <Delay = 6.34>
ST_5 : Operation 67 [1/2] (1.77ns)   --->   "%data_load_4 = load i8* %data_addr_5, align 1" [sha3/KeccakSpongeWidth1600.c:212]   --->   Operation 67 'load' 'data_load_4' <Predicate = true> <Delay = 1.77> <Core = "RAM">   --->   Core 37 'RAM' <Latency = 1> <II = 1> <Delay = 2.77> <Storage> <Opcode : 'load' 'store'> <Ports = 2> <Width = 8> <Depth = 200> <RAM>
ST_5 : Operation 68 [1/2] (2.77ns)   --->   "%instance_state_load_11 = load i8* %instance_state_addr_11, align 1" [sha3/KeccakP-1600-reference.c:149->sha3/KeccakSpongeWidth1600.c:212]   --->   Operation 68 'load' 'instance_state_load_11' <Predicate = true> <Delay = 2.77> <Core = "RAM">   --->   Core 37 'RAM' <Latency = 1> <II = 1> <Delay = 2.77> <Storage> <Opcode : 'load' 'store'> <Ports = 2> <Width = 8> <Depth = 200> <RAM>
ST_5 : Operation 69 [1/1] (0.80ns)   --->   "%xor_ln149_7 = xor i8 %instance_state_load_11, %data_load_4" [sha3/KeccakP-1600-reference.c:149->sha3/KeccakSpongeWidth1600.c:212]   --->   Operation 69 'xor' 'xor_ln149_7' <Predicate = true> <Delay = 0.80> <Core = "LogicGate">   --->   Core 27 'LogicGate' <Latency = 0> <II = 1> <Delay = 0.80> <FuncUnit> <Opcode : 'and' 'or' 'xor'> <InPorts = 2> <OutPorts = 1>
ST_5 : Operation 70 [1/1] (2.77ns)   --->   "store i8 %xor_ln149_7, i8* %instance_state_addr_11, align 1" [sha3/KeccakP-1600-reference.c:149->sha3/KeccakSpongeWidth1600.c:212]   --->   Operation 70 'store' <Predicate = true> <Delay = 2.77> <Core = "RAM">   --->   Core 37 'RAM' <Latency = 1> <II = 1> <Delay = 2.77> <Storage> <Opcode : 'load' 'store'> <Ports = 2> <Width = 8> <Depth = 200> <RAM>
ST_5 : Operation 71 [1/1] (0.00ns)   --->   "br label %.preheader" [sha3/KeccakSpongeWidth1600.c:211]   --->   Operation 71 'br' <Predicate = true> <Delay = 0.00>

State 6 <SV = 4> <Delay = 2.99>
ST_6 : Operation 72 [1/2] (0.00ns)   --->   "call fastcc void @KeccakP1600_Permute_([200 x i8]* %instance_state)" [sha3/KeccakSpongeWidth1600.c:213]   --->   Operation 72 'call' <Predicate = true> <Delay = 0.00> <CoreType = "Generic">   --->   Core 0 '' <Latency = 0> <II = 1> <Delay = 1.00> <Generic> <Opcode : >
ST_6 : Operation 73 [1/1] (2.99ns)   --->   "%add_ln214 = add i64 %p_1_rec, 168" [sha3/KeccakSpongeWidth1600.c:214]   --->   Operation 73 'add' 'add_ln214' <Predicate = true> <Delay = 2.99> <Core = "AddSub">   --->   Core 14 'AddSub' <Latency = 0> <II = 1> <Delay = 2.99> <FuncUnit> <Opcode : 'add' 'sub'> <InPorts = 2> <OutPorts = 1>
ST_6 : Operation 74 [1/1] (0.00ns)   --->   "br label %3" [sha3/KeccakSpongeWidth1600.c:206]   --->   Operation 74 'br' <Predicate = true> <Delay = 0.00>

State 7 <SV = 2> <Delay = 7.29>
ST_7 : Operation 75 [1/1] (0.00ns)   --->   "%instance_byteIOIndex_45 = load i32* %instance_byteIOIndex" [sha3/KeccakSpongeWidth1600.c:224]   --->   Operation 75 'load' 'instance_byteIOIndex_45' <Predicate = true> <Delay = 0.00>
ST_7 : Operation 76 [1/1] (2.18ns)   --->   "%add_ln224 = add i32 %instance_byteIOIndex_45, %partialBlock" [sha3/KeccakSpongeWidth1600.c:224]   --->   Operation 76 'add' 'add_ln224' <Predicate = true> <Delay = 2.18> <Core = "AddSub">   --->   Core 14 'AddSub' <Latency = 0> <II = 1> <Delay = 2.99> <FuncUnit> <Opcode : 'add' 'sub'> <InPorts = 2> <OutPorts = 1>
ST_7 : Operation 77 [1/1] (2.11ns)   --->   "%icmp_ln224 = icmp ugt i32 %add_ln224, 168" [sha3/KeccakSpongeWidth1600.c:224]   --->   Operation 77 'icmp' 'icmp_ln224' <Predicate = true> <Delay = 2.11> <Core = "Cmp">   --->   Core 25 'Cmp' <Latency = 0> <II = 1> <Delay = 2.11> <FuncUnit> <Opcode : 'icmp'> <InPorts = 2> <OutPorts = 1>
ST_7 : Operation 78 [1/1] (2.18ns)   --->   "%partialBlock_11 = sub i32 168, %instance_byteIOIndex_45" [sha3/KeccakSpongeWidth1600.c:225]   --->   Operation 78 'sub' 'partialBlock_11' <Predicate = true> <Delay = 2.18> <Core = "AddSub">   --->   Core 14 'AddSub' <Latency = 0> <II = 1> <Delay = 2.99> <FuncUnit> <Opcode : 'add' 'sub'> <InPorts = 2> <OutPorts = 1>
ST_7 : Operation 79 [1/1] (0.77ns)   --->   "%select_ln224 = select i1 %icmp_ln224, i32 %partialBlock_11, i32 %partialBlock" [sha3/KeccakSpongeWidth1600.c:224]   --->   Operation 79 'select' 'select_ln224' <Predicate = true> <Delay = 0.77> <Core = "Sel">   --->   Core 26 'Sel' <Latency = 0> <II = 1> <Delay = 0.77> <FuncUnit> <Opcode : 'select'> <InPorts = 3> <OutPorts = 1>
ST_7 : Operation 80 [1/1] (0.00ns)   --->   "%zext_ln229 = zext i32 %select_ln224 to i64" [sha3/KeccakSpongeWidth1600.c:229]   --->   Operation 80 'zext' 'zext_ln229' <Predicate = true> <Delay = 0.00>
ST_7 : Operation 81 [1/1] (0.00ns)   --->   "%zext_ln229_6 = zext i32 %select_ln224 to i34" [sha3/KeccakSpongeWidth1600.c:229]   --->   Operation 81 'zext' 'zext_ln229_6' <Predicate = true> <Delay = 0.00>
ST_7 : Operation 82 [1/1] (2.23ns)   --->   "%i = add i34 %i_31_load, %zext_ln229_6" [sha3/KeccakSpongeWidth1600.c:229]   --->   Operation 82 'add' 'i' <Predicate = true> <Delay = 2.23> <Core = "AddSub">   --->   Core 14 'AddSub' <Latency = 0> <II = 1> <Delay = 2.99> <FuncUnit> <Opcode : 'add' 'sub'> <InPorts = 2> <OutPorts = 1>
ST_7 : Operation 83 [1/1] (1.35ns)   --->   "br label %7" [sha3/KeccakSpongeWidth1600.c:231]   --->   Operation 83 'br' <Predicate = true> <Delay = 1.35>

State 8 <SV = 3> <Delay = 4.95>
ST_8 : Operation 84 [1/1] (0.00ns)   --->   "%loop_1 = phi i32 [ 0, %._crit_edge ], [ %loop, %8 ]"   --->   Operation 84 'phi' 'loop_1' <Predicate = true> <Delay = 0.00>
ST_8 : Operation 85 [1/1] (2.11ns)   --->   "%icmp_ln231 = icmp eq i32 %loop_1, %select_ln224" [sha3/KeccakSpongeWidth1600.c:231]   --->   Operation 85 'icmp' 'icmp_ln231' <Predicate = true> <Delay = 2.11> <Core = "Cmp">   --->   Core 25 'Cmp' <Latency = 0> <II = 1> <Delay = 2.11> <FuncUnit> <Opcode : 'icmp'> <InPorts = 2> <OutPorts = 1>
ST_8 : Operation 86 [1/1] (2.18ns)   --->   "%loop = add nsw i32 %loop_1, 1" [sha3/KeccakSpongeWidth1600.c:231]   --->   Operation 86 'add' 'loop' <Predicate = true> <Delay = 2.18> <Core = "AddSub">   --->   Core 14 'AddSub' <Latency = 0> <II = 1> <Delay = 2.99> <FuncUnit> <Opcode : 'add' 'sub'> <InPorts = 2> <OutPorts = 1>
ST_8 : Operation 87 [1/1] (0.00ns)   --->   "br i1 %icmp_ln231, label %9, label %8" [sha3/KeccakSpongeWidth1600.c:231]   --->   Operation 87 'br' <Predicate = true> <Delay = 0.00>
ST_8 : Operation 88 [1/1] (0.00ns)   --->   "%instance_byteIOIndex_46 = load i32* %instance_byteIOIndex" [sha3/KeccakSpongeWidth1600.c:232]   --->   Operation 88 'load' 'instance_byteIOIndex_46' <Predicate = (!icmp_ln231)> <Delay = 0.00>
ST_8 : Operation 89 [1/1] (0.00ns)   --->   "%trunc_ln232 = trunc i32 %loop_1 to i8" [sha3/KeccakSpongeWidth1600.c:232]   --->   Operation 89 'trunc' 'trunc_ln232' <Predicate = (!icmp_ln231)> <Delay = 0.00>
ST_8 : Operation 90 [1/1] (0.00ns)   --->   "%trunc_ln194 = trunc i64 %p_01_rec to i8" [sha3/KeccakSpongeWidth1600.c:194]   --->   Operation 90 'trunc' 'trunc_ln194' <Predicate = (!icmp_ln231)> <Delay = 0.00>
ST_8 : Operation 91 [1/1] (1.71ns)   --->   "%add_ln232 = add i8 %trunc_ln194, %trunc_ln232" [sha3/KeccakSpongeWidth1600.c:232]   --->   Operation 91 'add' 'add_ln232' <Predicate = (!icmp_ln231)> <Delay = 1.71> <Core = "AddSub">   --->   Core 14 'AddSub' <Latency = 0> <II = 1> <Delay = 2.99> <FuncUnit> <Opcode : 'add' 'sub'> <InPorts = 2> <OutPorts = 1>
ST_8 : Operation 92 [1/1] (0.00ns)   --->   "%zext_ln232 = zext i8 %add_ln232 to i64" [sha3/KeccakSpongeWidth1600.c:232]   --->   Operation 92 'zext' 'zext_ln232' <Predicate = (!icmp_ln231)> <Delay = 0.00>
ST_8 : Operation 93 [1/1] (0.00ns)   --->   "%data_addr = getelementptr [75 x i8]* %data, i64 0, i64 %zext_ln232" [sha3/KeccakSpongeWidth1600.c:232]   --->   Operation 93 'getelementptr' 'data_addr' <Predicate = (!icmp_ln231)> <Delay = 0.00>
ST_8 : Operation 94 [2/2] (1.77ns)   --->   "%data_load = load i8* %data_addr, align 1" [sha3/KeccakSpongeWidth1600.c:232]   --->   Operation 94 'load' 'data_load' <Predicate = (!icmp_ln231)> <Delay = 1.77> <Core = "RAM">   --->   Core 37 'RAM' <Latency = 1> <II = 1> <Delay = 2.77> <Storage> <Opcode : 'load' 'store'> <Ports = 2> <Width = 8> <Depth = 200> <RAM>
ST_8 : Operation 95 [1/1] (2.18ns)   --->   "%add_ln232_9 = add i32 %instance_byteIOIndex_46, %loop_1" [sha3/KeccakSpongeWidth1600.c:232]   --->   Operation 95 'add' 'add_ln232_9' <Predicate = (!icmp_ln231)> <Delay = 2.18> <Core = "AddSub">   --->   Core 14 'AddSub' <Latency = 0> <II = 1> <Delay = 2.99> <FuncUnit> <Opcode : 'add' 'sub'> <InPorts = 2> <OutPorts = 1>
ST_8 : Operation 96 [1/1] (0.00ns)   --->   "%zext_ln149 = zext i32 %add_ln232_9 to i64" [sha3/KeccakP-1600-reference.c:149->sha3/KeccakSpongeWidth1600.c:232]   --->   Operation 96 'zext' 'zext_ln149' <Predicate = (!icmp_ln231)> <Delay = 0.00>
ST_8 : Operation 97 [1/1] (0.00ns)   --->   "%instance_state_addr = getelementptr [200 x i8]* %instance_state, i64 0, i64 %zext_ln149" [sha3/KeccakP-1600-reference.c:149->sha3/KeccakSpongeWidth1600.c:232]   --->   Operation 97 'getelementptr' 'instance_state_addr' <Predicate = (!icmp_ln231)> <Delay = 0.00>
ST_8 : Operation 98 [2/2] (2.77ns)   --->   "%instance_state_load = load i8* %instance_state_addr, align 1" [sha3/KeccakP-1600-reference.c:149->sha3/KeccakSpongeWidth1600.c:232]   --->   Operation 98 'load' 'instance_state_load' <Predicate = (!icmp_ln231)> <Delay = 2.77> <Core = "RAM">   --->   Core 37 'RAM' <Latency = 1> <II = 1> <Delay = 2.77> <Storage> <Opcode : 'load' 'store'> <Ports = 2> <Width = 8> <Depth = 200> <RAM>
ST_8 : Operation 99 [1/1] (0.00ns)   --->   "%instance_byteIOIndex_47 = load i32* %instance_byteIOIndex" [sha3/KeccakSpongeWidth1600.c:236]   --->   Operation 99 'load' 'instance_byteIOIndex_47' <Predicate = (icmp_ln231)> <Delay = 0.00>
ST_8 : Operation 100 [1/1] (2.18ns)   --->   "%add_ln236 = add i32 %instance_byteIOIndex_47, %select_ln224" [sha3/KeccakSpongeWidth1600.c:236]   --->   Operation 100 'add' 'add_ln236' <Predicate = (icmp_ln231)> <Delay = 2.18> <Core = "AddSub">   --->   Core 14 'AddSub' <Latency = 0> <II = 1> <Delay = 2.99> <FuncUnit> <Opcode : 'add' 'sub'> <InPorts = 2> <OutPorts = 1>
ST_8 : Operation 101 [1/1] (2.11ns)   --->   "%icmp_ln237 = icmp eq i32 %add_ln236, 168" [sha3/KeccakSpongeWidth1600.c:237]   --->   Operation 101 'icmp' 'icmp_ln237' <Predicate = (icmp_ln231)> <Delay = 2.11> <Core = "Cmp">   --->   Core 25 'Cmp' <Latency = 0> <II = 1> <Delay = 2.11> <FuncUnit> <Opcode : 'icmp'> <InPorts = 2> <OutPorts = 1>
ST_8 : Operation 102 [1/1] (1.45ns)   --->   "store i34 %i, i34* %i_31" [sha3/KeccakSpongeWidth1600.c:237]   --->   Operation 102 'store' <Predicate = (icmp_ln231)> <Delay = 1.45>
ST_8 : Operation 103 [1/1] (0.00ns)   --->   "br i1 %icmp_ln237, label %10, label %.._crit_edge6_crit_edge" [sha3/KeccakSpongeWidth1600.c:237]   --->   Operation 103 'br' <Predicate = (icmp_ln231)> <Delay = 0.00>
ST_8 : Operation 104 [1/1] (1.45ns)   --->   "store i32 %add_ln236, i32* %instance_byteIOIndex" [sha3/KeccakSpongeWidth1600.c:237]   --->   Operation 104 'store' <Predicate = (icmp_ln231 & !icmp_ln237)> <Delay = 1.45>
ST_8 : Operation 105 [1/1] (1.35ns)   --->   "br label %._crit_edge6" [sha3/KeccakSpongeWidth1600.c:237]   --->   Operation 105 'br' <Predicate = (icmp_ln231 & !icmp_ln237)> <Delay = 1.35>
ST_8 : Operation 106 [2/2] (1.35ns)   --->   "call fastcc void @KeccakP1600_Permute_([200 x i8]* %instance_state)" [sha3/KeccakSpongeWidth1600.c:238]   --->   Operation 106 'call' <Predicate = (icmp_ln231 & icmp_ln237)> <Delay = 1.35> <CoreType = "Generic">   --->   Core 0 '' <Latency = 0> <II = 1> <Delay = 1.00> <Generic> <Opcode : >
ST_8 : Operation 107 [1/1] (1.45ns)   --->   "store i32 0, i32* %instance_byteIOIndex" [sha3/KeccakSpongeWidth1600.c:240]   --->   Operation 107 'store' <Predicate = (icmp_ln231 & icmp_ln237)> <Delay = 1.45>

State 9 <SV = 4> <Delay = 6.34>
ST_9 : Operation 108 [1/2] (1.77ns)   --->   "%data_load = load i8* %data_addr, align 1" [sha3/KeccakSpongeWidth1600.c:232]   --->   Operation 108 'load' 'data_load' <Predicate = true> <Delay = 1.77> <Core = "RAM">   --->   Core 37 'RAM' <Latency = 1> <II = 1> <Delay = 2.77> <Storage> <Opcode : 'load' 'store'> <Ports = 2> <Width = 8> <Depth = 200> <RAM>
ST_9 : Operation 109 [1/2] (2.77ns)   --->   "%instance_state_load = load i8* %instance_state_addr, align 1" [sha3/KeccakP-1600-reference.c:149->sha3/KeccakSpongeWidth1600.c:232]   --->   Operation 109 'load' 'instance_state_load' <Predicate = true> <Delay = 2.77> <Core = "RAM">   --->   Core 37 'RAM' <Latency = 1> <II = 1> <Delay = 2.77> <Storage> <Opcode : 'load' 'store'> <Ports = 2> <Width = 8> <Depth = 200> <RAM>
ST_9 : Operation 110 [1/1] (0.80ns)   --->   "%xor_ln149 = xor i8 %instance_state_load, %data_load" [sha3/KeccakP-1600-reference.c:149->sha3/KeccakSpongeWidth1600.c:232]   --->   Operation 110 'xor' 'xor_ln149' <Predicate = true> <Delay = 0.80> <Core = "LogicGate">   --->   Core 27 'LogicGate' <Latency = 0> <II = 1> <Delay = 0.80> <FuncUnit> <Opcode : 'and' 'or' 'xor'> <InPorts = 2> <OutPorts = 1>
ST_9 : Operation 111 [1/1] (2.77ns)   --->   "store i8 %xor_ln149, i8* %instance_state_addr, align 1" [sha3/KeccakP-1600-reference.c:149->sha3/KeccakSpongeWidth1600.c:232]   --->   Operation 111 'store' <Predicate = true> <Delay = 2.77> <Core = "RAM">   --->   Core 37 'RAM' <Latency = 1> <II = 1> <Delay = 2.77> <Storage> <Opcode : 'load' 'store'> <Ports = 2> <Width = 8> <Depth = 200> <RAM>
ST_9 : Operation 112 [1/1] (0.00ns)   --->   "br label %7" [sha3/KeccakSpongeWidth1600.c:231]   --->   Operation 112 'br' <Predicate = true> <Delay = 0.00>

State 10 <SV = 4> <Delay = 4.34>
ST_10 : Operation 113 [1/2] (0.00ns)   --->   "call fastcc void @KeccakP1600_Permute_([200 x i8]* %instance_state)" [sha3/KeccakSpongeWidth1600.c:238]   --->   Operation 113 'call' <Predicate = (icmp_ln195_1 & icmp_ln237) | (!icmp_ln195 & icmp_ln237)> <Delay = 0.00> <CoreType = "Generic">   --->   Core 0 '' <Latency = 0> <II = 1> <Delay = 1.00> <Generic> <Opcode : >
ST_10 : Operation 114 [1/1] (1.35ns)   --->   "br label %._crit_edge6" [sha3/KeccakSpongeWidth1600.c:240]   --->   Operation 114 'br' <Predicate = (icmp_ln195_1 & icmp_ln237) | (!icmp_ln195 & icmp_ln237)> <Delay = 1.35>
ST_10 : Operation 115 [1/1] (0.00ns)   --->   "%p_1_rec_pn = phi i64 [ %p_1_rec, %6 ], [ %zext_ln229, %10 ], [ %zext_ln229, %.._crit_edge6_crit_edge ]" [sha3/KeccakSpongeWidth1600.c:214]   --->   Operation 115 'phi' 'p_1_rec_pn' <Predicate = true> <Delay = 0.00>
ST_10 : Operation 116 [1/1] (2.99ns)   --->   "%p_2_rec = add i64 %p_1_rec_pn, %p_01_rec" [sha3/KeccakSpongeWidth1600.c:214]   --->   Operation 116 'add' 'p_2_rec' <Predicate = true> <Delay = 2.99> <Core = "AddSub">   --->   Core 14 'AddSub' <Latency = 0> <II = 1> <Delay = 2.99> <FuncUnit> <Opcode : 'add' 'sub'> <InPorts = 2> <OutPorts = 1>
ST_10 : Operation 117 [1/1] (0.00ns)   --->   "br label %.preheader2" [sha3/KeccakSpongeWidth1600.c:242]   --->   Operation 117 'br' <Predicate = true> <Delay = 0.00>


============================================================
+ Verbose Summary: Timing violations
============================================================
Target clock period: 10ns, clock uncertainty: 1.25ns.

 <State 1>: 1.45ns
The critical path consists of the following:
	'alloca' operation ('i') [9]  (0 ns)
	'store' operation ('store_ln194', sha3/KeccakSpongeWidth1600.c:194) of constant 0 on local variable 'i' [17]  (1.45 ns)

 <State 2>: 4.23ns
The critical path consists of the following:
	'load' operation ('i_31_load', sha3/KeccakSpongeWidth1600.c:223) on local variable 'i' [21]  (0 ns)
	'add' operation ('add_ln195', sha3/KeccakSpongeWidth1600.c:195) [30]  (2.14 ns)
	'icmp' operation ('icmp_ln195_1', sha3/KeccakSpongeWidth1600.c:195) [31]  (2.09 ns)

 <State 3>: 3.68ns
The critical path consists of the following:
	'phi' operation ('j') with incoming values : ('sext_ln206', sha3/KeccakSpongeWidth1600.c:206) ('j', sha3/KeccakSpongeWidth1600.c:206) [38]  (0 ns)
	'sub' operation ('sub_ln216', sha3/KeccakSpongeWidth1600.c:216) [72]  (2.23 ns)
	'store' operation ('store_ln220', sha3/KeccakSpongeWidth1600.c:220) of variable 'sub_ln216', sha3/KeccakSpongeWidth1600.c:216 on local variable 'i' [74]  (1.45 ns)

 <State 4>: 4.8ns
The critical path consists of the following:
	'phi' operation ('loop') with incoming values : ('loop', sha3/KeccakSpongeWidth1600.c:211) [45]  (0 ns)
	'add' operation ('add_ln212', sha3/KeccakSpongeWidth1600.c:212) [53]  (0 ns)
	'add' operation ('add_ln212_5', sha3/KeccakSpongeWidth1600.c:212) [55]  (3.02 ns)
	'getelementptr' operation ('data_addr_5', sha3/KeccakSpongeWidth1600.c:212) [57]  (0 ns)
	'load' operation ('byte', sha3/KeccakSpongeWidth1600.c:212) on array 'data' [58]  (1.77 ns)

 <State 5>: 6.34ns
The critical path consists of the following:
	'load' operation ('instance_state_load_11', sha3/KeccakP-1600-reference.c:149->sha3/KeccakSpongeWidth1600.c:212) on array 'instance_state' [60]  (2.77 ns)
	'xor' operation ('xor_ln149_7', sha3/KeccakP-1600-reference.c:149->sha3/KeccakSpongeWidth1600.c:212) [61]  (0.8 ns)
	'store' operation ('store_ln149', sha3/KeccakP-1600-reference.c:149->sha3/KeccakSpongeWidth1600.c:212) of variable 'xor_ln149_7', sha3/KeccakP-1600-reference.c:149->sha3/KeccakSpongeWidth1600.c:212 on array 'instance_state' [62]  (2.77 ns)

 <State 6>: 3ns
The critical path consists of the following:
	'add' operation ('add_ln214', sha3/KeccakSpongeWidth1600.c:214) [66]  (3 ns)

 <State 7>: 7.29ns
The critical path consists of the following:
	'load' operation ('instance_byteIOIndex_45', sha3/KeccakSpongeWidth1600.c:224) on local variable 'instance.byteIOIndex' [77]  (0 ns)
	'add' operation ('add_ln224', sha3/KeccakSpongeWidth1600.c:224) [80]  (2.18 ns)
	'icmp' operation ('icmp_ln224', sha3/KeccakSpongeWidth1600.c:224) [81]  (2.11 ns)
	'select' operation ('select_ln224', sha3/KeccakSpongeWidth1600.c:224) [83]  (0.773 ns)
	'add' operation ('i', sha3/KeccakSpongeWidth1600.c:229) [86]  (2.23 ns)

 <State 8>: 4.95ns
The critical path consists of the following:
	'phi' operation ('loop') with incoming values : ('loop', sha3/KeccakSpongeWidth1600.c:231) [89]  (0 ns)
	'add' operation ('offset', sha3/KeccakSpongeWidth1600.c:232) [101]  (2.18 ns)
	'getelementptr' operation ('instance_state_addr', sha3/KeccakP-1600-reference.c:149->sha3/KeccakSpongeWidth1600.c:232) [103]  (0 ns)
	'load' operation ('instance_state_load', sha3/KeccakP-1600-reference.c:149->sha3/KeccakSpongeWidth1600.c:232) on array 'instance_state' [104]  (2.77 ns)

 <State 9>: 6.34ns
The critical path consists of the following:
	'load' operation ('instance_state_load', sha3/KeccakP-1600-reference.c:149->sha3/KeccakSpongeWidth1600.c:232) on array 'instance_state' [104]  (2.77 ns)
	'xor' operation ('xor_ln149', sha3/KeccakP-1600-reference.c:149->sha3/KeccakSpongeWidth1600.c:232) [105]  (0.8 ns)
	'store' operation ('store_ln149', sha3/KeccakP-1600-reference.c:149->sha3/KeccakSpongeWidth1600.c:232) of variable 'xor_ln149', sha3/KeccakP-1600-reference.c:149->sha3/KeccakSpongeWidth1600.c:232 on array 'instance_state' [106]  (2.77 ns)

 <State 10>: 4.35ns
The critical path consists of the following:
	multiplexor before 'phi' operation ('p_1_rec_pn', sha3/KeccakSpongeWidth1600.c:214) with incoming values : ('add_ln214', sha3/KeccakSpongeWidth1600.c:214) ('zext_ln229', sha3/KeccakSpongeWidth1600.c:229) [122]  (1.35 ns)
	'phi' operation ('p_1_rec_pn', sha3/KeccakSpongeWidth1600.c:214) with incoming values : ('add_ln214', sha3/KeccakSpongeWidth1600.c:214) ('zext_ln229', sha3/KeccakSpongeWidth1600.c:229) [122]  (0 ns)
	'add' operation ('p_2_rec', sha3/KeccakSpongeWidth1600.c:214) [123]  (3 ns)


============================================================
+ Verbose Summary: Binding
============================================================
N/A
* FSMD analyzer results:
  - Output states:
 - Input state : 
  - Chain level:
	State 1
	State 2
	State 3
	State 4
	State 5
	State 6
	State 7
	State 8
	State 9
	State 10


============================================================
+ Verbose Summary: Datapath Resource usage 
============================================================
N/A
