

================================================================
== Vivado HLS Report for 'verify'
================================================================
* Date:           Thu May  7 18:02:03 2020

* Version:        2019.2 (Build 2704478 on Wed Nov 06 22:10:23 MST 2019)
* Project:        picnic1
* Solution:       sing_open
* Product family: artix7
* Target device:  xc7a200t-fbg676-2


================================================================
== Performance Estimates
================================================================
+ Timing: 
    * Summary: 
    +--------+----------+----------+------------+
    |  Clock |  Target  | Estimated| Uncertainty|
    +--------+----------+----------+------------+
    |ap_clk  | 10.00 ns | 9.122 ns |   1.25 ns  |
    +--------+----------+----------+------------+

+ Latency: 
    * Summary: 
    +---------+---------+----------+----------+-----+-----+---------+
    |  Latency (cycles) |  Latency (absolute) |  Interval | Pipeline|
    |   min   |   max   |    min   |    max   | min | max |   Type  |
    +---------+---------+----------+----------+-----+-----+---------+
    |        ?|        ?|         ?|         ?|    ?|    ?|   none  |
    +---------+---------+----------+----------+-----+-----+---------+

    + Detail: 
        * Instance: 
        +-------------------------------------+-------------------------+---------+---------+----------+----------+-------+-------+---------+
        |                                     |                         |  Latency (cycles) |  Latency (absolute) |    Interval   | Pipeline|
        |               Instance              |          Module         |   min   |   max   |    min   |    max   |  min  |  max  |   Type  |
        +-------------------------------------+-------------------------+---------+---------+----------+----------+-------+-------+---------+
        |grp_verifyProof_23_fu_3198           |verifyProof_23           |        ?|        ?|         ?|         ?|      ?|      ?|   none  |
        |grp_H3_2_fu_3237                     |H3_2                     |        ?|        ?|         ?|         ?|      ?|      ?|   none  |
        |grp_KeccakWidth1600_Spon_fu_3258     |KeccakWidth1600_Spon     |        ?|        ?|         ?|         ?|      ?|      ?|   none  |
        |grp_HashUpdate_2_1_fu_3273           |HashUpdate_2_1           |        ?|        ?|         ?|         ?|      ?|      ?|   none  |
        |grp_KeccakWidth1600_Spon_6_fu_3286   |KeccakWidth1600_Spon_6   |        ?|        ?|         ?|         ?|      ?|      ?|   none  |
        |grp_KeccakWidth1600_Spon_5_fu_3300   |KeccakWidth1600_Spon_5   |        ?|        ?|         ?|         ?|      ?|      ?|   none  |
        |grp_KeccakWidth1600_Spon_11_fu_3315  |KeccakWidth1600_Spon_11  |        ?|        ?|         ?|         ?|      ?|      ?|   none  |
        |grp_HashInit_fu_3328                 |HashInit                 |        ?|        ?|         ?|         ?|      ?|      ?|   none  |
        |grp_HashFinal_fu_3340                |HashFinal                |    18589|    18589| 0.186 ms | 0.186 ms |  18589|  18589|   none  |
        +-------------------------------------+-------------------------+---------+---------+----------+----------+-------+-------+---------+

        * Loop: 
        +--------------+---------+---------+----------+-----------+-----------+------+----------+
        |              |  Latency (cycles) | Iteration|  Initiation Interval  | Trip |          |
        |   Loop Name  |   min   |   max   |  Latency |  achieved |   target  | Count| Pipelined|
        +--------------+---------+---------+----------+-----------+-----------+------+----------+
        |- Loop 1      |        ?|        ?|         ?|          -|          -|   219|    no    |
        | + Loop 1.1   |      656|      656|         3|          -|          -|   219|    no    |
        | + Loop 1.2   |     8540|     8540|        39|          -|          -|   219|    no    |
        | + Loop 1.3   |      656|      656|         3|          -|          -|   219|    no    |
        | + Loop 1.4   |      656|      656|         3|          -|          -|   219|    no    |
        | + Loop 1.5   |     8540|     8540|        39|          -|          -|   219|    no    |
        | + Loop 1.6   |      656|      656|         3|          -|          -|   219|    no    |
        | + Loop 1.7   |       64|       64|         2|          -|          -|    32|    no    |
        | + Loop 1.8   |        8|        8|         2|          -|          -|     4|    no    |
        | + Loop 1.9   |        8|        8|         2|          -|          -|     4|    no    |
        | + Loop 1.10  |        8|        8|         2|          -|          -|     4|    no    |
        | + Loop 1.11  |        8|        8|         2|          -|          -|     4|    no    |
        |- Loop 2      |      110|      110|         2|          -|          -|    55|    no    |
        +--------------+---------+---------+----------+-----------+-----------+------+----------+



================================================================
== Utilization Estimates
================================================================
* Summary: 
+-----------------+---------+-------+--------+--------+-----+
|       Name      | BRAM_18K| DSP48E|   FF   |   LUT  | URAM|
+-----------------+---------+-------+--------+--------+-----+
|DSP              |        -|      -|       -|       -|    -|
|Expression       |        -|      -|       0|    4205|    -|
|FIFO             |        -|      -|       -|       -|    -|
|Instance         |      318|      2|   47746|  133000|    0|
|Memory           |      107|      -|      32|      19|    0|
|Multiplexer      |        -|      -|       -|    3722|    -|
|Register         |        -|      -|    3171|       -|    -|
+-----------------+---------+-------+--------+--------+-----+
|Total            |      425|      2|   50949|  140946|    0|
+-----------------+---------+-------+--------+--------+-----+
|Available        |      730|    740|  269200|  134600|    0|
+-----------------+---------+-------+--------+--------+-----+
|Utilization (%)  |       58|   ~0  |      18|     104|    0|
+-----------------+---------+-------+--------+--------+-----+

+ Detail: 
    * Instance: 
    +-------------------------------------+-------------------------+---------+-------+-------+-------+-----+
    |               Instance              |          Module         | BRAM_18K| DSP48E|   FF  |  LUT  | URAM|
    +-------------------------------------+-------------------------+---------+-------+-------+-------+-----+
    |grp_H3_2_fu_3237                     |H3_2                     |       75|      0|  14618|  37524|    0|
    |grp_HashFinal_fu_3340                |HashFinal                |        8|      0|   1018|   3224|    0|
    |grp_HashInit_fu_3328                 |HashInit                 |        8|      0|   1227|   3665|    0|
    |grp_HashUpdate_2_1_fu_3273           |HashUpdate_2_1           |        9|      0|   1717|   4353|    0|
    |grp_KeccakWidth1600_Spon_fu_3258     |KeccakWidth1600_Spon     |        8|      0|   1691|   4283|    0|
    |grp_KeccakWidth1600_Spon_11_fu_3315  |KeccakWidth1600_Spon_11  |        8|      0|   1367|   3748|    0|
    |grp_KeccakWidth1600_Spon_5_fu_3300   |KeccakWidth1600_Spon_5   |        8|      0|   1644|   4182|    0|
    |grp_KeccakWidth1600_Spon_6_fu_3286   |KeccakWidth1600_Spon_6   |        8|      0|   1648|   4204|    0|
    |grp_verifyProof_23_fu_3198           |verifyProof_23           |      186|      2|  22816|  67817|    0|
    +-------------------------------------+-------------------------+---------+-------+-------+-------+-----+
    |Total                                |                         |      318|      2|  47746| 133000|    0|
    +-------------------------------------+-------------------------+---------+-------+-------+-------+-----+

    * DSP48E: 
    N/A

    * Memory: 
    +------------------------+----------------------+---------+----+----+-----+-------+-----+------+-------------+
    |         Memory         |        Module        | BRAM_18K| FF | LUT| URAM| Words | Bits| Banks| W*Bits*Banks|
    +------------------------+----------------------+---------+----+----+-----+-------+-----+------+-------------+
    |as_hashes_U             |verify_as_hashes      |       16|   0|   0|    0|  21024|    8|     1|       168192|
    |computed_challengebi_U  |verify_computed_cvdy  |        0|  16|   7|    0|     55|    8|     1|          440|
    |ctx_sponge_state_2_U    |verify_ctx_spongencg  |        1|   0|   0|    0|    200|    8|     1|         1600|
    |ctx_sponge_state_U      |verify_ctx_spongencg  |        1|   0|   0|    0|    200|    8|     1|         1600|
    |data_assign_2_U         |verify_data_assigpcA  |       16|   0|   0|    0|  16425|    8|     1|       131400|
    |data_assign_1_U         |verify_data_assigpcA  |       16|   0|   0|    0|  16425|    8|     1|       131400|
    |tape_0_0_U              |verify_tape_0_0       |        1|   0|   0|    0|    498|    8|     1|         3984|
    |tmp_U                   |verify_tmp            |        0|  16|  12|    0|     96|    8|     1|          768|
    |view1s_communicatedB_U  |verify_view1s_comxdS  |       16|   0|   0|    0|  16425|    8|     1|       131400|
    |view2s_communicatedB_U  |verify_view1s_comxdS  |       16|   0|   0|    0|  16425|    8|     1|       131400|
    |view1s_inputShare_U     |verify_view1s_inpwdI  |        2|   0|   0|    0|    876|   32|     1|        28032|
    |view1s_outputShare_U    |verify_view1s_inpwdI  |        2|   0|   0|    0|    876|   32|     1|        28032|
    |view2s_inputShare_U     |verify_view1s_inpwdI  |        2|   0|   0|    0|    876|   32|     1|        28032|
    |view2s_outputShare_U    |verify_view1s_inpwdI  |        2|   0|   0|    0|    876|   32|     1|        28032|
    |view2s_outputShare18_U  |verify_view2s_outocq  |        2|   0|   0|    0|    876|   32|     1|        28032|
    |view2s_inputShare93_U   |verify_view2s_outocq  |        2|   0|   0|    0|    876|   32|     1|        28032|
    |view1s_outputShare85_U  |verify_view2s_outocq  |        2|   0|   0|    0|    876|   32|     1|        28032|
    |view1s_inputShare1_U    |verify_view2s_outocq  |        2|   0|   0|    0|    876|   32|     1|        28032|
    |view3Slab_U             |verify_view3Slab      |        8|   0|   0|    0|   3504|   32|     1|       112128|
    +------------------------+----------------------+---------+----+----+-----+-------+-----+------+-------------+
    |Total                   |                      |      107|  32|  19|    0|  98285|  368|    19|      1038568|
    +------------------------+----------------------+---------+----+----+-----+-------+-----+------+-------------+

    * FIFO: 
    N/A

    * Expression: 
    +--------------------------+----------+-------+---+----+------------+------------+
    |       Variable Name      | Operation| DSP48E| FF| LUT| Bitwidth P0| Bitwidth P1|
    +--------------------------+----------+-------+---+----+------------+------------+
    |add_ln1236_fu_3395_p2     |     +    |      0|  0|  22|          15|           7|
    |add_ln1241_fu_3435_p2     |     +    |      0|  0|  22|          15|           7|
    |add_ln1251_fu_4504_p2     |     +    |      0|  0|  12|           3|           1|
    |add_ln1254_1_fu_5488_p2   |     +    |      0|  0|  12|           2|           3|
    |add_ln1254_2_fu_5505_p2   |     +    |      0|  0|  18|          11|          11|
    |add_ln1254_3_fu_5542_p2   |     +    |      0|  0|  21|          14|          14|
    |add_ln1254_4_fu_5552_p2   |     +    |      0|  0|  23|          16|          16|
    |add_ln1254_fu_5477_p2     |     +    |      0|  0|  12|           2|           3|
    |add_ln1263_1_fu_5581_p2   |     +    |      0|  0|  18|          11|          11|
    |add_ln1263_fu_5557_p2     |     +    |      0|  0|  18|          11|          11|
    |add_ln1265_1_fu_5625_p2   |     +    |      0|  0|  18|          11|          11|
    |add_ln1265_fu_5591_p2     |     +    |      0|  0|  18|          11|          11|
    |add_ln1269_1_fu_5662_p2   |     +    |      0|  0|  18|          11|          11|
    |add_ln1269_fu_5702_p2     |     +    |      0|  0|  17|          10|          10|
    |add_ln1273_1_fu_5728_p2   |     +    |      0|  0|  17|          10|          10|
    |add_ln1273_fu_5685_p2     |     +    |      0|  0|  18|          11|          11|
    |add_ln1275_fu_5739_p2     |     +    |      0|  0|  17|          10|           3|
    |empty_100_fu_4141_p2      |     +    |      0|  0|  22|          15|           6|
    |empty_101_fu_4151_p2      |     +    |      0|  0|  22|          15|           6|
    |empty_102_fu_4161_p2      |     +    |      0|  0|  22|          15|           6|
    |empty_103_fu_4171_p2      |     +    |      0|  0|  22|          15|           6|
    |empty_104_fu_4181_p2      |     +    |      0|  0|  22|          15|           6|
    |empty_105_fu_4191_p2      |     +    |      0|  0|  22|          15|           6|
    |empty_106_fu_4201_p2      |     +    |      0|  0|  22|          15|           6|
    |empty_107_fu_4211_p2      |     +    |      0|  0|  22|          15|           6|
    |empty_108_fu_4221_p2      |     +    |      0|  0|  22|          15|           6|
    |empty_109_fu_4231_p2      |     +    |      0|  0|  22|          15|           6|
    |empty_110_fu_4241_p2      |     +    |      0|  0|  22|          15|           6|
    |empty_111_fu_4251_p2      |     +    |      0|  0|  22|          15|           6|
    |empty_112_fu_4261_p2      |     +    |      0|  0|  22|          15|           6|
    |empty_113_fu_4271_p2      |     +    |      0|  0|  22|          15|           6|
    |empty_114_fu_4281_p2      |     +    |      0|  0|  22|          15|           6|
    |empty_115_fu_4291_p2      |     +    |      0|  0|  22|          15|           6|
    |empty_116_fu_4301_p2      |     +    |      0|  0|  22|          15|           6|
    |empty_117_fu_4311_p2      |     +    |      0|  0|  22|          15|           7|
    |empty_118_fu_4321_p2      |     +    |      0|  0|  22|          15|           7|
    |empty_119_fu_4331_p2      |     +    |      0|  0|  22|          15|           7|
    |empty_120_fu_4341_p2      |     +    |      0|  0|  22|          15|           7|
    |empty_121_fu_4351_p2      |     +    |      0|  0|  22|          15|           7|
    |empty_122_fu_4361_p2      |     +    |      0|  0|  22|          15|           7|
    |empty_123_fu_4371_p2      |     +    |      0|  0|  22|          15|           7|
    |empty_124_fu_4381_p2      |     +    |      0|  0|  22|          15|           7|
    |empty_125_fu_4391_p2      |     +    |      0|  0|  22|          15|           7|
    |empty_126_fu_4401_p2      |     +    |      0|  0|  22|          15|           7|
    |empty_127_fu_4411_p2      |     +    |      0|  0|  22|          15|           7|
    |empty_142_fu_4610_p2      |     +    |      0|  0|  21|          14|           1|
    |empty_143_fu_4621_p2      |     +    |      0|  0|  21|          14|           2|
    |empty_144_fu_4632_p2      |     +    |      0|  0|  21|          14|           2|
    |empty_145_fu_4643_p2      |     +    |      0|  0|  21|          14|           3|
    |empty_146_fu_4654_p2      |     +    |      0|  0|  21|          14|           3|
    |empty_147_fu_4665_p2      |     +    |      0|  0|  21|          14|           3|
    |empty_148_fu_4676_p2      |     +    |      0|  0|  21|          14|           3|
    |empty_149_fu_4687_p2      |     +    |      0|  0|  21|          14|           4|
    |empty_150_fu_4698_p2      |     +    |      0|  0|  21|          14|           4|
    |empty_151_fu_4709_p2      |     +    |      0|  0|  21|          14|           4|
    |empty_152_fu_4720_p2      |     +    |      0|  0|  21|          14|           4|
    |empty_153_fu_4731_p2      |     +    |      0|  0|  21|          14|           4|
    |empty_154_fu_4742_p2      |     +    |      0|  0|  21|          14|           4|
    |empty_155_fu_4753_p2      |     +    |      0|  0|  21|          14|           4|
    |empty_156_fu_4764_p2      |     +    |      0|  0|  21|          14|           4|
    |empty_157_fu_4775_p2      |     +    |      0|  0|  21|          14|           5|
    |empty_158_fu_4786_p2      |     +    |      0|  0|  21|          14|           5|
    |empty_159_fu_4797_p2      |     +    |      0|  0|  21|          14|           5|
    |empty_160_fu_4808_p2      |     +    |      0|  0|  21|          14|           5|
    |empty_161_fu_4819_p2      |     +    |      0|  0|  21|          14|           5|
    |empty_162_fu_4830_p2      |     +    |      0|  0|  21|          14|           5|
    |empty_163_fu_4841_p2      |     +    |      0|  0|  21|          14|           5|
    |empty_164_fu_4852_p2      |     +    |      0|  0|  21|          14|           5|
    |empty_165_fu_4863_p2      |     +    |      0|  0|  21|          14|           5|
    |empty_166_fu_4874_p2      |     +    |      0|  0|  21|          14|           5|
    |empty_167_fu_4885_p2      |     +    |      0|  0|  21|          14|           5|
    |empty_168_fu_4896_p2      |     +    |      0|  0|  21|          14|           5|
    |empty_169_fu_4907_p2      |     +    |      0|  0|  21|          14|           5|
    |empty_170_fu_4918_p2      |     +    |      0|  0|  21|          14|           5|
    |empty_171_fu_4929_p2      |     +    |      0|  0|  21|          14|           5|
    |empty_172_fu_4940_p2      |     +    |      0|  0|  21|          14|           5|
    |empty_173_fu_4951_p2      |     +    |      0|  0|  21|          14|           6|
    |empty_174_fu_4972_p2      |     +    |      0|  0|  21|          14|           6|
    |empty_175_fu_4983_p2      |     +    |      0|  0|  22|          15|           6|
    |empty_176_fu_4994_p2      |     +    |      0|  0|  22|          15|           6|
    |empty_177_fu_5004_p2      |     +    |      0|  0|  22|          15|           6|
    |empty_178_fu_5014_p2      |     +    |      0|  0|  22|          15|           6|
    |empty_179_fu_5024_p2      |     +    |      0|  0|  22|          15|           6|
    |empty_180_fu_5034_p2      |     +    |      0|  0|  22|          15|           6|
    |empty_181_fu_5044_p2      |     +    |      0|  0|  22|          15|           6|
    |empty_182_fu_5054_p2      |     +    |      0|  0|  22|          15|           6|
    |empty_183_fu_5064_p2      |     +    |      0|  0|  22|          15|           6|
    |empty_184_fu_5074_p2      |     +    |      0|  0|  22|          15|           6|
    |empty_185_fu_5084_p2      |     +    |      0|  0|  22|          15|           6|
    |empty_186_fu_5094_p2      |     +    |      0|  0|  22|          15|           6|
    |empty_187_fu_5104_p2      |     +    |      0|  0|  22|          15|           6|
    |empty_188_fu_5114_p2      |     +    |      0|  0|  22|          15|           6|
    |empty_189_fu_5124_p2      |     +    |      0|  0|  22|          15|           6|
    |empty_190_fu_5134_p2      |     +    |      0|  0|  22|          15|           6|
    |empty_191_fu_5144_p2      |     +    |      0|  0|  22|          15|           6|
    |empty_192_fu_5154_p2      |     +    |      0|  0|  22|          15|           6|
    |empty_193_fu_5164_p2      |     +    |      0|  0|  22|          15|           6|
    |empty_194_fu_5174_p2      |     +    |      0|  0|  22|          15|           6|
    |empty_195_fu_5184_p2      |     +    |      0|  0|  22|          15|           6|
    |empty_196_fu_5194_p2      |     +    |      0|  0|  22|          15|           6|
    |empty_197_fu_5204_p2      |     +    |      0|  0|  22|          15|           6|
    |empty_198_fu_5214_p2      |     +    |      0|  0|  22|          15|           6|
    |empty_199_fu_5224_p2      |     +    |      0|  0|  22|          15|           6|
    |empty_200_fu_5234_p2      |     +    |      0|  0|  22|          15|           6|
    |empty_201_fu_5244_p2      |     +    |      0|  0|  22|          15|           6|
    |empty_202_fu_5254_p2      |     +    |      0|  0|  22|          15|           6|
    |empty_203_fu_5264_p2      |     +    |      0|  0|  22|          15|           6|
    |empty_204_fu_5274_p2      |     +    |      0|  0|  22|          15|           6|
    |empty_205_fu_5284_p2      |     +    |      0|  0|  22|          15|           7|
    |empty_206_fu_5294_p2      |     +    |      0|  0|  22|          15|           7|
    |empty_207_fu_5304_p2      |     +    |      0|  0|  22|          15|           7|
    |empty_208_fu_5314_p2      |     +    |      0|  0|  22|          15|           7|
    |empty_209_fu_5324_p2      |     +    |      0|  0|  22|          15|           7|
    |empty_210_fu_5334_p2      |     +    |      0|  0|  22|          15|           7|
    |empty_211_fu_5344_p2      |     +    |      0|  0|  22|          15|           7|
    |empty_212_fu_5354_p2      |     +    |      0|  0|  22|          15|           7|
    |empty_213_fu_5364_p2      |     +    |      0|  0|  22|          15|           7|
    |empty_214_fu_5374_p2      |     +    |      0|  0|  22|          15|           7|
    |empty_215_fu_5384_p2      |     +    |      0|  0|  22|          15|           7|
    |empty_54_fu_3637_p2       |     +    |      0|  0|  21|          14|           1|
    |empty_55_fu_3648_p2       |     +    |      0|  0|  21|          14|           2|
    |empty_56_fu_3659_p2       |     +    |      0|  0|  21|          14|           2|
    |empty_57_fu_3670_p2       |     +    |      0|  0|  21|          14|           3|
    |empty_58_fu_3681_p2       |     +    |      0|  0|  21|          14|           3|
    |empty_59_fu_3692_p2       |     +    |      0|  0|  21|          14|           3|
    |empty_60_fu_3703_p2       |     +    |      0|  0|  21|          14|           3|
    |empty_61_fu_3714_p2       |     +    |      0|  0|  21|          14|           4|
    |empty_62_fu_3725_p2       |     +    |      0|  0|  21|          14|           4|
    |empty_63_fu_3736_p2       |     +    |      0|  0|  21|          14|           4|
    |empty_64_fu_3747_p2       |     +    |      0|  0|  21|          14|           4|
    |empty_65_fu_3758_p2       |     +    |      0|  0|  21|          14|           4|
    |empty_66_fu_3769_p2       |     +    |      0|  0|  21|          14|           4|
    |empty_67_fu_3780_p2       |     +    |      0|  0|  21|          14|           4|
    |empty_68_fu_3791_p2       |     +    |      0|  0|  21|          14|           4|
    |empty_69_fu_3802_p2       |     +    |      0|  0|  21|          14|           5|
    |empty_70_fu_3813_p2       |     +    |      0|  0|  21|          14|           5|
    |empty_71_fu_3824_p2       |     +    |      0|  0|  21|          14|           5|
    |empty_72_fu_3835_p2       |     +    |      0|  0|  21|          14|           5|
    |empty_73_fu_3846_p2       |     +    |      0|  0|  21|          14|           5|
    |empty_74_fu_3857_p2       |     +    |      0|  0|  21|          14|           5|
    |empty_75_fu_3868_p2       |     +    |      0|  0|  21|          14|           5|
    |empty_76_fu_3879_p2       |     +    |      0|  0|  21|          14|           5|
    |empty_77_fu_3890_p2       |     +    |      0|  0|  21|          14|           5|
    |empty_78_fu_3901_p2       |     +    |      0|  0|  21|          14|           5|
    |empty_79_fu_3912_p2       |     +    |      0|  0|  21|          14|           5|
    |empty_80_fu_3923_p2       |     +    |      0|  0|  21|          14|           5|
    |empty_81_fu_3934_p2       |     +    |      0|  0|  21|          14|           5|
    |empty_82_fu_3945_p2       |     +    |      0|  0|  21|          14|           5|
    |empty_83_fu_3956_p2       |     +    |      0|  0|  21|          14|           5|
    |empty_84_fu_3967_p2       |     +    |      0|  0|  21|          14|           5|
    |empty_85_fu_3978_p2       |     +    |      0|  0|  21|          14|           6|
    |empty_86_fu_3999_p2       |     +    |      0|  0|  21|          14|           6|
    |empty_87_fu_4010_p2       |     +    |      0|  0|  22|          15|           6|
    |empty_88_fu_4021_p2       |     +    |      0|  0|  22|          15|           6|
    |empty_89_fu_4031_p2       |     +    |      0|  0|  22|          15|           6|
    |empty_90_fu_4041_p2       |     +    |      0|  0|  22|          15|           6|
    |empty_91_fu_4051_p2       |     +    |      0|  0|  22|          15|           6|
    |empty_92_fu_4061_p2       |     +    |      0|  0|  22|          15|           6|
    |empty_93_fu_4071_p2       |     +    |      0|  0|  22|          15|           6|
    |empty_94_fu_4081_p2       |     +    |      0|  0|  22|          15|           6|
    |empty_95_fu_4091_p2       |     +    |      0|  0|  22|          15|           6|
    |empty_96_fu_4101_p2       |     +    |      0|  0|  22|          15|           6|
    |empty_97_fu_4111_p2       |     +    |      0|  0|  22|          15|           6|
    |empty_98_fu_4121_p2       |     +    |      0|  0|  22|          15|           6|
    |empty_99_fu_4131_p2       |     +    |      0|  0|  22|          15|           6|
    |i_fu_3452_p2              |     +    |      0|  0|  15|           8|           1|
    |indvarinc104_fu_5394_p2   |     +    |      0|  0|  15|           8|           1|
    |indvarinc183_fu_5406_p2   |     +    |      0|  0|  15|           8|           1|
    |indvarinc88_fu_4433_p2    |     +    |      0|  0|  15|           8|           1|
    |indvarinc96_fu_4537_p2    |     +    |      0|  0|  15|           8|           1|
    |indvarinc9_fu_4421_p2     |     +    |      0|  0|  15|           8|           1|
    |indvarinc_fu_3564_p2      |     +    |      0|  0|  15|           8|           1|
    |j_fu_5679_p2              |     +    |      0|  0|  12|           3|           1|
    |loop_21_fu_5765_p2        |     +    |      0|  0|  15|           6|           1|
    |loop_22_fu_5571_p2        |     +    |      0|  0|  12|           3|           1|
    |loop_23_fu_5615_p2        |     +    |      0|  0|  12|           3|           1|
    |loop_24_fu_5718_p2        |     +    |      0|  0|  12|           3|           1|
    |loop_fu_5528_p2           |     +    |      0|  0|  15|           6|           1|
    |next_mul16_fu_4966_p2     |     +    |      0|  0|  21|          14|           7|
    |next_mul_fu_3993_p2       |     +    |      0|  0|  21|          14|           7|
    |sub_ln1254_fu_3429_p2     |     -    |      0|  0|  18|          11|          11|
    |empty_128_fu_4427_p2      |   icmp   |      0|  0|  11|           8|           7|
    |empty_134_fu_4467_p2      |   icmp   |      0|  0|  11|           8|           7|
    |empty_140_fu_4571_p2      |   icmp   |      0|  0|  11|           8|           7|
    |empty_216_fu_5400_p2      |   icmp   |      0|  0|  11|           8|           7|
    |empty_222_fu_5440_p2      |   icmp   |      0|  0|  11|           8|           7|
    |empty_52_fu_3598_p2       |   icmp   |      0|  0|  11|           8|           7|
    |icmp_ln1236_fu_3446_p2    |   icmp   |      0|  0|  11|           8|           7|
    |icmp_ln1251_fu_4510_p2    |   icmp   |      0|  0|   9|           3|           2|
    |icmp_ln1253_fu_5522_p2    |   icmp   |      0|  0|  11|           6|           7|
    |icmp_ln1254_fu_5482_p2    |   icmp   |      0|  0|   9|           3|           2|
    |icmp_ln1262_fu_5565_p2    |   icmp   |      0|  0|   9|           3|           4|
    |icmp_ln1264_fu_5609_p2    |   icmp   |      0|  0|   9|           3|           4|
    |icmp_ln1268_fu_5673_p2    |   icmp   |      0|  0|   9|           3|           4|
    |icmp_ln1272_fu_5712_p2    |   icmp   |      0|  0|   9|           3|           4|
    |icmp_ln1286_fu_5759_p2    |   icmp   |      0|  0|  11|           6|           5|
    |icmp_ln1287_fu_5777_p2    |   icmp   |      0|  0|  11|           8|           8|
    |lshr_ln54_1_fu_3515_p2    |   lshr   |      0|  0|  19|           8|           8|
    |lshr_ln54_2_fu_3534_p2    |   lshr   |      0|  0|  19|           8|           8|
    |lshr_ln54_3_fu_3544_p2    |   lshr   |      0|  0|  19|           8|           8|
    |lshr_ln54_fu_3495_p2      |   lshr   |      0|  0|  19|           8|           8|
    |empty_131_fu_4452_p2      |    or    |      0|  0|  10|          10|           1|
    |empty_132_fu_4473_p2      |    or    |      0|  0|  10|          10|           2|
    |empty_133_fu_4487_p2      |    or    |      0|  0|  10|          10|           2|
    |empty_137_fu_4556_p2      |    or    |      0|  0|  10|          10|           1|
    |empty_138_fu_4577_p2      |    or    |      0|  0|  10|          10|           2|
    |empty_139_fu_4591_p2      |    or    |      0|  0|  10|          10|           2|
    |empty_219_fu_5425_p2      |    or    |      0|  0|  10|          10|           1|
    |empty_220_fu_5446_p2      |    or    |      0|  0|  10|          10|           2|
    |empty_221_fu_5460_p2      |    or    |      0|  0|  10|          10|           2|
    |empty_49_fu_3583_p2       |    or    |      0|  0|  10|          10|           1|
    |empty_50_fu_3604_p2       |    or    |      0|  0|  10|          10|           2|
    |empty_51_fu_3618_p2       |    or    |      0|  0|  10|          10|           2|
    |select_ln1251_fu_4525_p3  |  select  |      0|  0|   3|           1|           3|
    |select_ln1254_fu_5493_p3  |  select  |      0|  0|   3|           1|           3|
    |select_ln1287_fu_5783_p3  |  select  |      0|  0|  32|           1|          32|
    |view3Slab_d0              |    xor   |      0|  0|  32|          32|          32|
    |xor_ln1251_fu_4516_p2     |    xor   |      0|  0|   3|           2|           3|
    |xor_ln1269_fu_5689_p2     |    xor   |      0|  0|  32|          32|          32|
    |xor_ln54_1_fu_3505_p2     |    xor   |      0|  0|   3|           3|           2|
    |xor_ln54_fu_3485_p2       |    xor   |      0|  0|   3|           3|           3|
    +--------------------------+----------+-------+---+----+------------+------------+
    |Total                     |          |      0|  0|4205|        2768|        1236|
    +--------------------------+----------+-------+---+----+------------+------------+

    * Multiplexer: 
    +-------------------------------------------------------+-----+-----------+-----+-----------+
    |                          Name                         | LUT | Input Size| Bits| Total Bits|
    +-------------------------------------------------------+-----+-----------+-----+-----------+
    |ap_NS_fsm                                              |  665|        150|    1|        150|
    |ap_return                                              |    9|          2|   32|         64|
    |as_hashes_address0                                     |   27|          5|   15|         75|
    |as_hashes_ce0                                          |   27|          5|    1|          5|
    |as_hashes_d0                                           |   15|          3|    8|         24|
    |as_hashes_we0                                          |   15|          3|    1|          3|
    |computed_challengebi_address0                          |   15|          3|    6|         18|
    |computed_challengebi_ce0                               |   15|          3|    1|          3|
    |computed_challengebi_we0                               |    9|          2|    1|          2|
    |ctx_sponge_state_2_address0                            |   41|          8|    8|         64|
    |ctx_sponge_state_2_ce0                                 |   41|          8|    1|          8|
    |ctx_sponge_state_2_d0                                  |   41|          8|    8|         64|
    |ctx_sponge_state_2_we0                                 |   41|          8|    1|          8|
    |ctx_sponge_state_address0                              |   41|          8|    8|         64|
    |ctx_sponge_state_ce0                                   |   41|          8|    1|          8|
    |ctx_sponge_state_d0                                    |   41|          8|    8|         64|
    |ctx_sponge_state_we0                                   |   41|          8|    1|          8|
    |data_assign_1_address0                                 |  177|         40|   15|        600|
    |data_assign_1_address1                                 |  169|         38|   15|        570|
    |data_assign_1_ce0                                      |   15|          3|    1|          3|
    |data_assign_2_address0                                 |  177|         40|   15|        600|
    |data_assign_2_address1                                 |  169|         38|   15|        570|
    |data_assign_2_ce0                                      |   15|          3|    1|          3|
    |grp_HashFinal_fu_3340_ctx_sponge_byteIOInd             |   15|          3|   32|         96|
    |grp_HashFinal_fu_3340_ctx_sponge_state_q0              |   15|          3|    8|         24|
    |grp_HashInit_fu_3328_ctx_sponge_state_q0               |   15|          3|    8|         24|
    |grp_HashInit_fu_3328_hashPrefix                        |   15|          3|    4|         12|
    |grp_HashUpdate_2_1_fu_3273_ctx_sponge_byteIOInd        |   15|          3|   32|         96|
    |grp_HashUpdate_2_1_fu_3273_ctx_sponge_state_q0         |   15|          3|    8|         24|
    |grp_HashUpdate_2_1_fu_3273_data_q0                     |   27|          5|   32|        160|
    |grp_KeccakWidth1600_Spon_11_fu_3315_data_q0            |   15|          3|    8|         24|
    |grp_KeccakWidth1600_Spon_11_fu_3315_instance_state_q0  |   15|          3|    8|         24|
    |grp_KeccakWidth1600_Spon_5_fu_3300_data_0_q0           |   15|          3|    8|         24|
    |grp_KeccakWidth1600_Spon_5_fu_3300_instance_state_q0   |   15|          3|    8|         24|
    |grp_KeccakWidth1600_Spon_6_fu_3286_data_offset1        |   15|          3|    2|          6|
    |grp_KeccakWidth1600_Spon_6_fu_3286_instance_state_q0   |   15|          3|    8|         24|
    |grp_KeccakWidth1600_Spon_fu_3258_data_offset1          |   15|          3|    2|          6|
    |grp_KeccakWidth1600_Spon_fu_3258_instance_state_q0     |   15|          3|    8|         24|
    |indvar103_reg_3095                                     |    9|          2|    8|         16|
    |indvar182_reg_3106                                     |    9|          2|    8|         16|
    |indvar87_reg_3061                                      |    9|          2|    8|         16|
    |indvar8_reg_3050                                       |    9|          2|    8|         16|
    |indvar95_reg_3072                                      |    9|          2|    8|         16|
    |indvar_reg_3027                                        |    9|          2|    8|         16|
    |j_0_reg_3152                                           |    9|          2|    3|          6|
    |loop_0_reg_3117                                        |    9|          2|    6|         12|
    |loop_1_reg_3128                                        |    9|          2|    3|          6|
    |loop_2_reg_3140                                        |    9|          2|    3|          6|
    |loop_3_reg_3163                                        |    9|          2|    3|          6|
    |loop_4_reg_3175                                        |    9|          2|    6|         12|
    |phi_mul15_reg_3083                                     |    9|          2|   14|         28|
    |phi_mul17_reg_3016                                     |    9|          2|   15|         30|
    |phi_mul_reg_3038                                       |    9|          2|   14|         28|
    |plaintext_address0                                     |   15|          3|    3|          9|
    |plaintext_ce0                                          |   15|          3|    1|          3|
    |pubKey_address0                                        |   15|          3|    3|          9|
    |pubKey_ce0                                             |   15|          3|    1|          3|
    |round_assign_reg_2992                                  |    9|          2|    8|         16|
    |sig_0_challengeBits_address0                           |   15|          3|    6|         18|
    |sig_0_proofs_seed1_address0                            |   15|          3|   12|         36|
    |sig_0_proofs_seed1_ce0                                 |   15|          3|    1|          3|
    |sig_0_proofs_seed2_address0                            |   15|          3|   12|         36|
    |sig_0_proofs_seed2_ce0                                 |   15|          3|    1|          3|
    |sig_0_salt_address0                                    |   15|          3|    5|         15|
    |sig_0_salt_ce0                                         |   15|          3|    1|          3|
    |status_0_reg_3186                                      |    9|          2|   32|         64|
    |view1s_communicatedB_address0                          |  181|         41|   15|        615|
    |view1s_communicatedB_address1                          |  169|         38|   15|        570|
    |view1s_communicatedB_ce0                               |   15|          3|    1|          3|
    |view1s_communicatedB_d0                                |   15|          3|    8|         24|
    |view1s_communicatedB_we0                               |   15|          3|    1|          3|
    |view1s_inputShare1_address0                            |   21|          4|   10|         40|
    |view1s_inputShare1_address1                            |   15|          3|   10|         30|
    |view1s_inputShare1_ce0                                 |   15|          3|    1|          3|
    |view1s_inputShare_address0                             |   21|          4|   10|         40|
    |view1s_inputShare_address1                             |   15|          3|   10|         30|
    |view1s_inputShare_ce0                                  |   15|          3|    1|          3|
    |view1s_inputShare_we0                                  |    9|          2|    1|          2|
    |view1s_outputShare85_address0                          |   21|          4|   10|         40|
    |view1s_outputShare85_address1                          |   15|          3|   10|         30|
    |view1s_outputShare85_ce0                               |   15|          3|    1|          3|
    |view1s_outputShare_address0                            |   27|          5|   10|         50|
    |view1s_outputShare_address1                            |   21|          4|   10|         40|
    |view1s_outputShare_ce0                                 |   15|          3|    1|          3|
    |view1s_outputShare_we0                                 |    9|          2|    1|          2|
    |view2s_communicatedB_address0                          |  177|         40|   15|        600|
    |view2s_communicatedB_address1                          |  169|         38|   15|        570|
    |view2s_communicatedB_ce0                               |   15|          3|    1|          3|
    |view2s_communicatedB_we0                               |    9|          2|    1|          2|
    |view2s_inputShare93_address0                           |   21|          4|   10|         40|
    |view2s_inputShare93_address1                           |   15|          3|   10|         30|
    |view2s_inputShare93_ce0                                |   15|          3|    1|          3|
    |view2s_inputShare_address0                             |   21|          4|   10|         40|
    |view2s_inputShare_address1                             |   15|          3|   10|         30|
    |view2s_inputShare_ce0                                  |   15|          3|    1|          3|
    |view2s_inputShare_we0                                  |    9|          2|    1|          2|
    |view2s_outputShare18_address0                          |   21|          4|   10|         40|
    |view2s_outputShare18_address1                          |   15|          3|   10|         30|
    |view2s_outputShare18_ce0                               |   15|          3|    1|          3|
    |view2s_outputShare_address0                            |   27|          5|   10|         50|
    |view2s_outputShare_address1                            |   21|          4|   10|         40|
    |view2s_outputShare_ce0                                 |   15|          3|    1|          3|
    |view2s_outputShare_we0                                 |    9|          2|    1|          2|
    |view3Output_0_rec_reg_3004                             |    9|          2|   10|         20|
    |view3Slab_address0                                     |   15|          3|   12|         36|
    |viewOutputs_address0                                   |   27|          5|   14|         70|
    |viewOutputs_ce0                                        |   15|          3|    1|          3|
    |viewOutputs_d0                                         |   21|          4|   32|        128|
    +-------------------------------------------------------+-----+-----------+-----+-----------+
    |Total                                                  | 3722|        796|  854|       7297|
    +-------------------------------------------------------+-----+-----------+-----+-----------+

    * Register: 
    +--------------------------------------------------+-----+----+-----+-----------+
    |                       Name                       |  FF | LUT| Bits| Const Bits|
    +--------------------------------------------------+-----+----+-----+-----------+
    |add_ln1236_reg_5796                               |   15|   0|   15|          0|
    |add_ln1254_4_reg_7742                             |   16|   0|   16|          0|
    |add_ln1263_reg_7747                               |   11|   0|   11|          0|
    |add_ln1265_reg_7765                               |   11|   0|   11|          0|
    |add_ln1273_reg_7811                               |   11|   0|   11|          0|
    |ap_CS_fsm                                         |  149|   0|  149|          0|
    |ap_return_preg                                    |   32|   0|   32|          0|
    |challenge_reg_5850                                |    2|   0|    2|          0|
    |empty_130_reg_6736                                |    8|   0|   64|         56|
    |empty_134_reg_6756                                |    1|   0|    1|          0|
    |empty_136_reg_6807                                |    8|   0|   64|         56|
    |empty_140_reg_6827                                |    1|   0|    1|          0|
    |empty_218_reg_7669                                |    8|   0|   64|         56|
    |empty_222_reg_7689                                |    1|   0|    1|          0|
    |empty_48_reg_5874                                 |    8|   0|   64|         56|
    |empty_52_reg_5894                                 |    1|   0|    1|          0|
    |grp_H3_2_fu_3237_ap_start_reg                     |    1|   0|    1|          0|
    |grp_HashFinal_fu_3340_ap_start_reg                |    1|   0|    1|          0|
    |grp_HashInit_fu_3328_ap_start_reg                 |    1|   0|    1|          0|
    |grp_HashUpdate_2_1_fu_3273_ap_start_reg           |    1|   0|    1|          0|
    |grp_KeccakWidth1600_Spon_11_fu_3315_ap_start_reg  |    1|   0|    1|          0|
    |grp_KeccakWidth1600_Spon_5_fu_3300_ap_start_reg   |    1|   0|    1|          0|
    |grp_KeccakWidth1600_Spon_6_fu_3286_ap_start_reg   |    1|   0|    1|          0|
    |grp_KeccakWidth1600_Spon_fu_3258_ap_start_reg     |    1|   0|    1|          0|
    |grp_verifyProof_23_fu_3198_ap_start_reg           |    1|   0|    1|          0|
    |i_reg_5824                                        |    8|   0|    8|          0|
    |indvar103_reg_3095                                |    8|   0|    8|          0|
    |indvar182_reg_3106                                |    8|   0|    8|          0|
    |indvar87_reg_3061                                 |    8|   0|    8|          0|
    |indvar8_reg_3050                                  |    8|   0|    8|          0|
    |indvar95_reg_3072                                 |    8|   0|    8|          0|
    |indvar_reg_3027                                   |    8|   0|    8|          0|
    |indvarinc183_reg_7658                             |    8|   0|    8|          0|
    |indvarinc88_reg_6725                              |    8|   0|    8|          0|
    |indvarinc96_reg_6796                              |    8|   0|    8|          0|
    |indvarinc_reg_5863                                |    8|   0|    8|          0|
    |j_0_reg_3152                                      |    3|   0|    3|          0|
    |j_reg_7801                                        |    3|   0|    3|          0|
    |loop_0_reg_3117                                   |    6|   0|    6|          0|
    |loop_1_reg_3128                                   |    3|   0|    3|          0|
    |loop_21_reg_7837                                  |    6|   0|    6|          0|
    |loop_22_reg_7755                                  |    3|   0|    3|          0|
    |loop_23_reg_7773                                  |    3|   0|    3|          0|
    |loop_24_reg_7819                                  |    3|   0|    3|          0|
    |loop_2_reg_3140                                   |    3|   0|    3|          0|
    |loop_3_reg_3163                                   |    3|   0|    3|          0|
    |loop_4_reg_3175                                   |    6|   0|    6|          0|
    |loop_reg_7732                                     |    6|   0|    6|          0|
    |next_mul16_reg_7225                               |   14|   0|   14|          0|
    |next_mul_reg_6292                                 |   14|   0|   14|          0|
    |or_ln_reg_5835                                    |    2|   0|    2|          0|
    |p_cast100_reg_6642                                |   15|   0|   64|         49|
    |p_cast101_reg_6637                                |   15|   0|   64|         49|
    |p_cast102_reg_6622                                |   15|   0|   64|         49|
    |p_cast103_reg_6617                                |   15|   0|   64|         49|
    |p_cast104_reg_6602                                |   15|   0|   64|         49|
    |p_cast105_reg_6597                                |   15|   0|   64|         49|
    |p_cast106_reg_6582                                |   15|   0|   64|         49|
    |p_cast107_reg_6577                                |   15|   0|   64|         49|
    |p_cast108_reg_6562                                |   15|   0|   64|         49|
    |p_cast109_reg_6557                                |   15|   0|   64|         49|
    |p_cast110_reg_6542                                |   15|   0|   64|         49|
    |p_cast111_reg_6537                                |   15|   0|   64|         49|
    |p_cast112_reg_6522                                |   15|   0|   64|         49|
    |p_cast113_reg_6517                                |   15|   0|   64|         49|
    |p_cast114_reg_6502                                |   15|   0|   64|         49|
    |p_cast115_reg_6497                                |   15|   0|   64|         49|
    |p_cast116_reg_6482                                |   15|   0|   64|         49|
    |p_cast117_reg_6477                                |   15|   0|   64|         49|
    |p_cast118_reg_6462                                |   15|   0|   64|         49|
    |p_cast119_reg_6457                                |   15|   0|   64|         49|
    |p_cast120_reg_6442                                |   15|   0|   64|         49|
    |p_cast121_reg_6437                                |   15|   0|   64|         49|
    |p_cast122_reg_6422                                |   15|   0|   64|         49|
    |p_cast123_reg_6417                                |   15|   0|   64|         49|
    |p_cast124_reg_6402                                |   15|   0|   64|         49|
    |p_cast125_reg_6397                                |   15|   0|   64|         49|
    |p_cast126_reg_6382                                |   15|   0|   64|         49|
    |p_cast127_reg_6377                                |   15|   0|   64|         49|
    |p_cast128_reg_6362                                |   15|   0|   64|         49|
    |p_cast129_reg_6357                                |   15|   0|   64|         49|
    |p_cast130_reg_6342                                |   15|   0|   64|         49|
    |p_cast131_reg_6337                                |   15|   0|   64|         49|
    |p_cast132_reg_6322                                |   15|   0|   64|         49|
    |p_cast133_reg_6317                                |   15|   0|   64|         49|
    |p_cast134_reg_6302                                |   15|   0|   64|         49|
    |p_cast135_reg_6297                                |   14|   0|   64|         50|
    |p_cast136_reg_6233                                |   14|   0|   64|         50|
    |p_cast137_reg_6228                                |   14|   0|   64|         50|
    |p_cast138_reg_6213                                |   14|   0|   64|         50|
    |p_cast139_reg_6208                                |   14|   0|   64|         50|
    |p_cast140_reg_6193                                |   14|   0|   64|         50|
    |p_cast141_reg_6188                                |   14|   0|   64|         50|
    |p_cast142_reg_6173                                |   14|   0|   64|         50|
    |p_cast143_reg_6168                                |   14|   0|   64|         50|
    |p_cast144_reg_6153                                |   14|   0|   64|         50|
    |p_cast145_reg_6148                                |   14|   0|   64|         50|
    |p_cast146_reg_6133                                |   14|   0|   64|         50|
    |p_cast147_reg_6128                                |   14|   0|   64|         50|
    |p_cast148_reg_6113                                |   14|   0|   64|         50|
    |p_cast149_reg_6108                                |   14|   0|   64|         50|
    |p_cast150_reg_6093                                |   14|   0|   64|         50|
    |p_cast151_reg_6088                                |   14|   0|   64|         50|
    |p_cast152_reg_6073                                |   14|   0|   64|         50|
    |p_cast153_reg_6068                                |   14|   0|   64|         50|
    |p_cast154_reg_6053                                |   14|   0|   64|         50|
    |p_cast155_reg_6048                                |   14|   0|   64|         50|
    |p_cast156_reg_6033                                |   14|   0|   64|         50|
    |p_cast157_reg_6028                                |   14|   0|   64|         50|
    |p_cast158_reg_6013                                |   14|   0|   64|         50|
    |p_cast159_reg_6008                                |   14|   0|   64|         50|
    |p_cast160_reg_5993                                |   14|   0|   64|         50|
    |p_cast161_reg_5988                                |   14|   0|   64|         50|
    |p_cast162_reg_5973                                |   14|   0|   64|         50|
    |p_cast163_reg_5968                                |   14|   0|   64|         50|
    |p_cast164_reg_5953                                |   14|   0|   64|         50|
    |p_cast165_reg_5948                                |   14|   0|   64|         50|
    |p_cast166_reg_5933                                |   14|   0|   64|         50|
    |p_cast167_reg_5928                                |   14|   0|   64|         50|
    |p_cast20_reg_7630                                 |   15|   0|   64|         49|
    |p_cast21_reg_7615                                 |   15|   0|   64|         49|
    |p_cast22_reg_7610                                 |   15|   0|   64|         49|
    |p_cast23_reg_7595                                 |   15|   0|   64|         49|
    |p_cast24_reg_7590                                 |   15|   0|   64|         49|
    |p_cast25_reg_7575                                 |   15|   0|   64|         49|
    |p_cast26_reg_7570                                 |   15|   0|   64|         49|
    |p_cast27_reg_7555                                 |   15|   0|   64|         49|
    |p_cast28_reg_7550                                 |   15|   0|   64|         49|
    |p_cast29_reg_7535                                 |   15|   0|   64|         49|
    |p_cast30_reg_7530                                 |   15|   0|   64|         49|
    |p_cast31_reg_7515                                 |   15|   0|   64|         49|
    |p_cast32_reg_7510                                 |   15|   0|   64|         49|
    |p_cast33_reg_7495                                 |   15|   0|   64|         49|
    |p_cast34_reg_7490                                 |   15|   0|   64|         49|
    |p_cast35_reg_7475                                 |   15|   0|   64|         49|
    |p_cast36_reg_7470                                 |   15|   0|   64|         49|
    |p_cast37_reg_7455                                 |   15|   0|   64|         49|
    |p_cast38_reg_7450                                 |   15|   0|   64|         49|
    |p_cast39_reg_7435                                 |   15|   0|   64|         49|
    |p_cast40_reg_7430                                 |   15|   0|   64|         49|
    |p_cast41_reg_7415                                 |   15|   0|   64|         49|
    |p_cast42_reg_7410                                 |   15|   0|   64|         49|
    |p_cast43_reg_7395                                 |   15|   0|   64|         49|
    |p_cast44_reg_7390                                 |   15|   0|   64|         49|
    |p_cast45_reg_7375                                 |   15|   0|   64|         49|
    |p_cast46_reg_7370                                 |   15|   0|   64|         49|
    |p_cast47_reg_7355                                 |   15|   0|   64|         49|
    |p_cast48_reg_7350                                 |   15|   0|   64|         49|
    |p_cast49_reg_7335                                 |   15|   0|   64|         49|
    |p_cast50_reg_7330                                 |   15|   0|   64|         49|
    |p_cast51_reg_7315                                 |   15|   0|   64|         49|
    |p_cast52_reg_7310                                 |   15|   0|   64|         49|
    |p_cast53_reg_7295                                 |   15|   0|   64|         49|
    |p_cast54_reg_7290                                 |   15|   0|   64|         49|
    |p_cast55_reg_7275                                 |   15|   0|   64|         49|
    |p_cast56_reg_7270                                 |   15|   0|   64|         49|
    |p_cast57_reg_7255                                 |   15|   0|   64|         49|
    |p_cast58_reg_7250                                 |   15|   0|   64|         49|
    |p_cast59_reg_7235                                 |   15|   0|   64|         49|
    |p_cast60_reg_7230                                 |   14|   0|   64|         50|
    |p_cast61_reg_7166                                 |   14|   0|   64|         50|
    |p_cast62_reg_7161                                 |   14|   0|   64|         50|
    |p_cast63_reg_7146                                 |   14|   0|   64|         50|
    |p_cast64_reg_7141                                 |   14|   0|   64|         50|
    |p_cast65_reg_7126                                 |   14|   0|   64|         50|
    |p_cast66_reg_7121                                 |   14|   0|   64|         50|
    |p_cast67_reg_7106                                 |   14|   0|   64|         50|
    |p_cast68_reg_7101                                 |   14|   0|   64|         50|
    |p_cast69_reg_7086                                 |   14|   0|   64|         50|
    |p_cast70_reg_7081                                 |   14|   0|   64|         50|
    |p_cast71_reg_7066                                 |   14|   0|   64|         50|
    |p_cast72_reg_7061                                 |   14|   0|   64|         50|
    |p_cast73_reg_7046                                 |   14|   0|   64|         50|
    |p_cast74_reg_7041                                 |   14|   0|   64|         50|
    |p_cast75_reg_7026                                 |   14|   0|   64|         50|
    |p_cast76_reg_7021                                 |   14|   0|   64|         50|
    |p_cast77_reg_7006                                 |   14|   0|   64|         50|
    |p_cast78_reg_7001                                 |   14|   0|   64|         50|
    |p_cast79_reg_6986                                 |   14|   0|   64|         50|
    |p_cast80_reg_6981                                 |   14|   0|   64|         50|
    |p_cast81_reg_6966                                 |   14|   0|   64|         50|
    |p_cast82_reg_6961                                 |   14|   0|   64|         50|
    |p_cast83_reg_6946                                 |   14|   0|   64|         50|
    |p_cast84_reg_6941                                 |   14|   0|   64|         50|
    |p_cast85_reg_6926                                 |   14|   0|   64|         50|
    |p_cast86_reg_6921                                 |   14|   0|   64|         50|
    |p_cast87_reg_6906                                 |   14|   0|   64|         50|
    |p_cast88_reg_6901                                 |   14|   0|   64|         50|
    |p_cast89_reg_6886                                 |   14|   0|   64|         50|
    |p_cast90_reg_6881                                 |   14|   0|   64|         50|
    |p_cast91_reg_6866                                 |   14|   0|   64|         50|
    |p_cast92_reg_6861                                 |   14|   0|   64|         50|
    |p_cast94_reg_6702                                 |   15|   0|   64|         49|
    |p_cast95_reg_6697                                 |   15|   0|   64|         49|
    |p_cast96_reg_6682                                 |   15|   0|   64|         49|
    |p_cast97_reg_6677                                 |   15|   0|   64|         49|
    |p_cast98_reg_6662                                 |   15|   0|   64|         49|
    |p_cast99_reg_6657                                 |   15|   0|   64|         49|
    |p_cast_reg_7635                                   |   15|   0|   64|         49|
    |phi_mul15_cast93_reg_7181                         |   14|   0|   15|          1|
    |phi_mul15_cast_reg_6851                           |   14|   0|   64|         50|
    |phi_mul15_reg_3083                                |   14|   0|   14|          0|
    |phi_mul17_reg_3016                                |   15|   0|   15|          0|
    |phi_mul_cast168_reg_6248                          |   14|   0|   15|          1|
    |phi_mul_cast_reg_5918                             |   14|   0|   64|         50|
    |phi_mul_reg_3038                                  |   14|   0|   14|          0|
    |reg_3358                                          |   32|   0|   32|          0|
    |reg_3364                                          |   32|   0|   32|          0|
    |reg_3369                                          |   32|   0|   32|          0|
    |reg_3374                                          |   32|   0|   32|          0|
    |reg_3379                                          |   32|   0|   32|          0|
    |reg_3384                                          |   32|   0|   32|          0|
    |reg_3390                                          |   32|   0|   32|          0|
    |round_assign_reg_2992                             |    8|   0|    8|          0|
    |select_ln1251_reg_6786                            |    3|   0|    3|          0|
    |status_0_reg_3186                                 |   32|   0|   32|          0|
    |sub_ln1254_reg_5813                               |   11|   0|   11|          0|
    |tmp_10_reg_6801                                   |    8|   0|   10|          2|
    |tmp_11_reg_6812                                   |    8|   0|   64|         56|
    |tmp_12_reg_6831                                   |    8|   0|   64|         56|
    |tmp_13_reg_6836                                   |    8|   0|   64|         56|
    |tmp_14_reg_7663                                   |    8|   0|   10|          2|
    |tmp_15_reg_7674                                   |    8|   0|   64|         56|
    |tmp_16_reg_7693                                   |    8|   0|   64|         56|
    |tmp_17_reg_7698                                   |    8|   0|   64|         56|
    |tmp_1_reg_5903                                    |    8|   0|   64|         56|
    |tmp_25_cast_reg_7719                              |   11|   0|   16|          5|
    |tmp_2_reg_6730                                    |    8|   0|   10|          2|
    |tmp_3_reg_6741                                    |    8|   0|   64|         56|
    |tmp_6_reg_6760                                    |    8|   0|   64|         56|
    |tmp_7_reg_6765                                    |    8|   0|   64|         56|
    |tmp_8_reg_5868                                    |    8|   0|   10|          2|
    |tmp_9_reg_5879                                    |    8|   0|   64|         56|
    |tmp_s_reg_5898                                    |    8|   0|   64|         56|
    |trunc_ln386_2_reg_5840                            |    1|   0|    1|          0|
    |trunc_ln54_1_reg_5845                             |    1|   0|    1|          0|
    |trunc_ln81_reg_7713                               |    2|   0|    2|          0|
    |view3Output_0_rec_reg_3004                        |   10|   0|   10|          0|
    |zext_ln1250_cast_reg_5858                         |    2|   0|   11|          9|
    |zext_ln1251_1_cast_reg_6791                       |    3|   0|   11|          8|
    |zext_ln1251_reg_6780                              |    2|   0|    3|          1|
    |zext_ln1253_reg_7724                              |    3|   0|   11|          8|
    |zext_ln1254_1_reg_5806                            |    8|   0|   11|          3|
    |zext_ln1254_reg_5801                              |    8|   0|   14|          6|
    |zext_ln1268_reg_7783                              |    3|   0|   10|          7|
    +--------------------------------------------------+-----+----+-----+-----------+
    |Total                                             | 3171|   0|11542|       8371|
    +--------------------------------------------------+-----+----+-----+-----------+



================================================================
== Interface
================================================================
* Summary: 
+------------------------------+-----+-----+------------+---------------------+--------------+
|           RTL Ports          | Dir | Bits|  Protocol  |    Source Object    |    C Type    |
+------------------------------+-----+-----+------------+---------------------+--------------+
|ap_clk                        |  in |    1| ap_ctrl_hs |        verify       | return value |
|ap_rst                        |  in |    1| ap_ctrl_hs |        verify       | return value |
|ap_start                      |  in |    1| ap_ctrl_hs |        verify       | return value |
|ap_done                       | out |    1| ap_ctrl_hs |        verify       | return value |
|ap_idle                       | out |    1| ap_ctrl_hs |        verify       | return value |
|ap_ready                      | out |    1| ap_ctrl_hs |        verify       | return value |
|ap_return                     | out |   32| ap_ctrl_hs |        verify       | return value |
|sig_0_proofs_seed1_address0   | out |   12|  ap_memory |  sig_0_proofs_seed1 |     array    |
|sig_0_proofs_seed1_ce0        | out |    1|  ap_memory |  sig_0_proofs_seed1 |     array    |
|sig_0_proofs_seed1_q0         |  in |    8|  ap_memory |  sig_0_proofs_seed1 |     array    |
|sig_0_proofs_seed2_address0   | out |   12|  ap_memory |  sig_0_proofs_seed2 |     array    |
|sig_0_proofs_seed2_ce0        | out |    1|  ap_memory |  sig_0_proofs_seed2 |     array    |
|sig_0_proofs_seed2_q0         |  in |    8|  ap_memory |  sig_0_proofs_seed2 |     array    |
|sig_0_proofs_inputS_address0  | out |   10|  ap_memory | sig_0_proofs_inputS |     array    |
|sig_0_proofs_inputS_ce0       | out |    1|  ap_memory | sig_0_proofs_inputS |     array    |
|sig_0_proofs_inputS_q0        |  in |   32|  ap_memory | sig_0_proofs_inputS |     array    |
|sig_0_proofs_commun_address0  | out |   15|  ap_memory | sig_0_proofs_commun |     array    |
|sig_0_proofs_commun_ce0       | out |    1|  ap_memory | sig_0_proofs_commun |     array    |
|sig_0_proofs_commun_q0        |  in |    8|  ap_memory | sig_0_proofs_commun |     array    |
|sig_0_proofs_view3C_address0  | out |   13|  ap_memory | sig_0_proofs_view3C |     array    |
|sig_0_proofs_view3C_ce0       | out |    1|  ap_memory | sig_0_proofs_view3C |     array    |
|sig_0_proofs_view3C_q0        |  in |    8|  ap_memory | sig_0_proofs_view3C |     array    |
|sig_0_challengeBits_address0  | out |    6|  ap_memory | sig_0_challengeBits |     array    |
|sig_0_challengeBits_ce0       | out |    1|  ap_memory | sig_0_challengeBits |     array    |
|sig_0_challengeBits_q0        |  in |    8|  ap_memory | sig_0_challengeBits |     array    |
|sig_0_challengeBits_address1  | out |    6|  ap_memory | sig_0_challengeBits |     array    |
|sig_0_challengeBits_ce1       | out |    1|  ap_memory | sig_0_challengeBits |     array    |
|sig_0_challengeBits_q1        |  in |    8|  ap_memory | sig_0_challengeBits |     array    |
|sig_0_salt_address0           | out |    5|  ap_memory |      sig_0_salt     |     array    |
|sig_0_salt_ce0                | out |    1|  ap_memory |      sig_0_salt     |     array    |
|sig_0_salt_q0                 |  in |    8|  ap_memory |      sig_0_salt     |     array    |
|pubKey_address0               | out |    3|  ap_memory |        pubKey       |     array    |
|pubKey_ce0                    | out |    1|  ap_memory |        pubKey       |     array    |
|pubKey_q0                     |  in |   32|  ap_memory |        pubKey       |     array    |
|plaintext_address0            | out |    3|  ap_memory |      plaintext      |     array    |
|plaintext_ce0                 | out |    1|  ap_memory |      plaintext      |     array    |
|plaintext_q0                  |  in |   32|  ap_memory |      plaintext      |     array    |
|message_address0              | out |   16|  ap_memory |       message       |     array    |
|message_ce0                   | out |    1|  ap_memory |       message       |     array    |
|message_q0                    |  in |    8|  ap_memory |       message       |     array    |
|messageByteLength             |  in |   64|   ap_none  |  messageByteLength  |    scalar    |
|viewOutputs_address0          | out |   14|  ap_memory |     viewOutputs     |     array    |
|viewOutputs_ce0               | out |    1|  ap_memory |     viewOutputs     |     array    |
|viewOutputs_we0               | out |    1|  ap_memory |     viewOutputs     |     array    |
|viewOutputs_d0                | out |   32|  ap_memory |     viewOutputs     |     array    |
|viewOutputs_q0                |  in |   32|  ap_memory |     viewOutputs     |     array    |
+------------------------------+-----+-----+------------+---------------------+--------------+

