

================================================================
== Vivado HLS Report for 'theta'
================================================================
* Date:           Thu May  7 18:31:43 2020

* Version:        2019.2 (Build 2704478 on Wed Nov 06 22:10:23 MST 2019)
* Project:        picnic1
* Solution:       sing_open
* Product family: artix7
* Target device:  xc7a200t-fbg676-2


================================================================
== Performance Estimates
================================================================
+ Timing: 
    * Summary: 
    +--------+----------+----------+------------+
    |  Clock |  Target  | Estimated| Uncertainty|
    +--------+----------+----------+------------+
    |ap_clk  | 10.00 ns | 6.352 ns |   1.25 ns  |
    +--------+----------+----------+------------+

+ Latency: 
    * Summary: 
    +---------+---------+----------+----------+-----+-----+---------+
    |  Latency (cycles) |  Latency (absolute) |  Interval | Pipeline|
    |   min   |   max   |    min   |    max   | min | max |   Type  |
    +---------+---------+----------+----------+-----+-----+---------+
    |      138|      138| 1.380 us | 1.380 us |  138|  138|   none  |
    +---------+---------+----------+----------+-----+-----+---------+

    + Detail: 
        * Instance: 
        N/A

        * Loop: 
        +-------------+---------+---------+----------+-----------+-----------+------+----------+
        |             |  Latency (cycles) | Iteration|  Initiation Interval  | Trip |          |
        |  Loop Name  |   min   |   max   |  Latency |  achieved |   target  | Count| Pipelined|
        +-------------+---------+---------+----------+-----------+-----------+------+----------+
        |- Loop 1     |       60|       60|        12|          -|          -|     5|    no    |
        | + Loop 1.1  |       10|       10|         2|          -|          -|     5|    no    |
        |- Loop 2     |       10|       10|         2|          -|          -|     5|    no    |
        |- Loop 3     |       65|       65|        13|          -|          -|     5|    no    |
        | + Loop 3.1  |       10|       10|         2|          -|          -|     5|    no    |
        +-------------+---------+---------+----------+-----------+-----------+------+----------+



================================================================
== Utilization Estimates
================================================================
* Summary: 
+-----------------+---------+-------+--------+--------+-----+
|       Name      | BRAM_18K| DSP48E|   FF   |   LUT  | URAM|
+-----------------+---------+-------+--------+--------+-----+
|DSP              |        -|      -|       -|       -|    -|
|Expression       |        -|      -|       0|     407|    -|
|FIFO             |        -|      -|       -|       -|    -|
|Instance         |        -|      -|       -|       -|    -|
|Memory           |        0|      -|     256|      10|    0|
|Multiplexer      |        -|      -|       -|     167|    -|
|Register         |        -|      -|     118|       -|    -|
+-----------------+---------+-------+--------+--------+-----+
|Total            |        0|      0|     374|     584|    0|
+-----------------+---------+-------+--------+--------+-----+
|Available        |      730|    740|  269200|  134600|    0|
+-----------------+---------+-------+--------+--------+-----+
|Utilization (%)  |        0|      0|   ~0   |   ~0   |    0|
+-----------------+---------+-------+--------+--------+-----+

+ Detail: 
    * Instance: 
    N/A

    * DSP48E: 
    N/A

    * Memory: 
    +-------+---------+---------+-----+----+-----+------+-----+------+-------------+
    | Memory|  Module | BRAM_18K|  FF | LUT| URAM| Words| Bits| Banks| W*Bits*Banks|
    +-------+---------+---------+-----+----+-----+------+-----+------+-------------+
    |C_U    |theta_C  |        0|  128|   5|    0|     5|   64|     1|          320|
    |D_U    |theta_D  |        0|  128|   5|    0|     5|   64|     1|          320|
    +-------+---------+---------+-----+----+-----+------+-----+------+-------------+
    |Total  |         |        0|  256|  10|    0|    10|  128|     2|          640|
    +-------+---------+---------+-----+----+-----+------+-----+------+-------------+

    * FIFO: 
    N/A

    * Expression: 
    +--------------------------+----------+-------+---+----+------------+------------+
    |       Variable Name      | Operation| DSP48E| FF| LUT| Bitwidth P0| Bitwidth P1|
    +--------------------------+----------+-------+---+----+------------+------------+
    |add_ln339_1_fu_215_p2     |     +    |      0|  0|  13|           4|           4|
    |add_ln339_fu_224_p2       |     +    |      0|  0|  15|           5|           5|
    |add_ln342_1_fu_283_p2     |     +    |      0|  0|  13|           3|           4|
    |add_ln342_2_fu_295_p2     |     +    |      0|  0|  12|           2|           3|
    |add_ln345_1_fu_395_p2     |     +    |      0|  0|  13|           4|           4|
    |add_ln345_fu_404_p2       |     +    |      0|  0|  15|           5|           5|
    |x_3_fu_176_p2             |     +    |      0|  0|  12|           3|           1|
    |x_4_fu_356_p2             |     +    |      0|  0|  12|           3|           1|
    |x_fu_252_p2               |     +    |      0|  0|  12|           3|           1|
    |y_2_fu_377_p2             |     +    |      0|  0|  12|           3|           1|
    |y_fu_197_p2               |     +    |      0|  0|  12|           3|           1|
    |icmp_ln336_fu_170_p2      |   icmp   |      0|  0|   9|           3|           3|
    |icmp_ln338_fu_191_p2      |   icmp   |      0|  0|   9|           3|           3|
    |icmp_ln341_fu_246_p2      |   icmp   |      0|  0|   9|           3|           3|
    |icmp_ln342_1_fu_289_p2    |   icmp   |      0|  0|   9|           4|           3|
    |icmp_ln342_fu_258_p2      |   icmp   |      0|  0|   9|           3|           3|
    |icmp_ln343_fu_350_p2      |   icmp   |      0|  0|   9|           3|           3|
    |icmp_ln344_fu_371_p2      |   icmp   |      0|  0|   9|           3|           3|
    |select_ln342_1_fu_305_p3  |  select  |      0|  0|   4|           1|           4|
    |select_ln342_fu_270_p3    |  select  |      0|  0|   3|           1|           3|
    |A_d0                      |    xor   |      0|  0|  64|          64|          64|
    |D_d0                      |    xor   |      0|  0|  64|          64|          64|
    |xor_ln339_fu_235_p2       |    xor   |      0|  0|  64|          64|          64|
    |xor_ln342_1_fu_264_p2     |    xor   |      0|  0|   4|           3|           4|
    +--------------------------+----------+-------+---+----+------------+------------+
    |Total                     |          |      0|  0| 407|         257|         254|
    +--------------------------+----------+-------+---+----+------------+------------+

    * Multiplexer: 
    +-------------+----+-----------+-----+-----------+
    |     Name    | LUT| Input Size| Bits| Total Bits|
    +-------------+----+-----------+-----+-----------+
    |A_address0   |  21|          4|    5|         20|
    |C_address0   |  21|          4|    3|         12|
    |C_d0         |  15|          3|   64|        192|
    |D_address0   |  15|          3|    3|          9|
    |ap_NS_fsm    |  50|         11|    1|         11|
    |x_0_reg_113  |   9|          2|    3|          6|
    |x_1_reg_135  |   9|          2|    3|          6|
    |x_2_reg_147  |   9|          2|    3|          6|
    |y_0_reg_124  |   9|          2|    3|          6|
    |y_1_reg_159  |   9|          2|    3|          6|
    +-------------+----+-----------+-----+-----------+
    |Total        | 167|         35|   91|        274|
    +-------------+----+-----------+-----+-----------+

    * Register: 
    +----------------------+----+----+-----+-----------+
    |         Name         | FF | LUT| Bits| Const Bits|
    +----------------------+----+----+-----+-----------+
    |A_addr_1_reg_501      |   5|   0|    5|          0|
    |C_addr_reg_429        |   3|   0|    3|          0|
    |D_load_reg_483        |  64|   0|   64|          0|
    |ap_CS_fsm             |  10|   0|   10|          0|
    |x_0_reg_113           |   3|   0|    3|          0|
    |x_1_reg_135           |   3|   0|    3|          0|
    |x_2_reg_147           |   3|   0|    3|          0|
    |x_3_reg_424           |   3|   0|    3|          0|
    |x_4_reg_473           |   3|   0|    3|          0|
    |x_reg_455             |   3|   0|    3|          0|
    |y_0_reg_124           |   3|   0|    3|          0|
    |y_1_reg_159           |   3|   0|    3|          0|
    |y_2_reg_496           |   3|   0|    3|          0|
    |y_reg_442             |   3|   0|    3|          0|
    |zext_ln339_1_reg_434  |   3|   0|    4|          1|
    |zext_ln345_2_reg_488  |   3|   0|    4|          1|
    +----------------------+----+----+-----+-----------+
    |Total                 | 118|   0|  120|          2|
    +----------------------+----+----+-----+-----------+



================================================================
== Interface
================================================================
* Summary: 
+------------+-----+-----+------------+--------------+--------------+
|  RTL Ports | Dir | Bits|  Protocol  | Source Object|    C Type    |
+------------+-----+-----+------------+--------------+--------------+
|ap_clk      |  in |    1| ap_ctrl_hs |     theta    | return value |
|ap_rst      |  in |    1| ap_ctrl_hs |     theta    | return value |
|ap_start    |  in |    1| ap_ctrl_hs |     theta    | return value |
|ap_done     | out |    1| ap_ctrl_hs |     theta    | return value |
|ap_idle     | out |    1| ap_ctrl_hs |     theta    | return value |
|ap_ready    | out |    1| ap_ctrl_hs |     theta    | return value |
|A_address0  | out |    5|  ap_memory |       A      |     array    |
|A_ce0       | out |    1|  ap_memory |       A      |     array    |
|A_we0       | out |    1|  ap_memory |       A      |     array    |
|A_d0        | out |   64|  ap_memory |       A      |     array    |
|A_q0        |  in |   64|  ap_memory |       A      |     array    |
+------------+-----+-----+------------+--------------+--------------+

