

================================================================
== Vivado HLS Report for 'KeccakWidth1600_Spon_8'
================================================================
* Date:           Thu May  7 18:42:27 2020

* Version:        2019.2 (Build 2704478 on Wed Nov 06 22:10:23 MST 2019)
* Project:        picnic1
* Solution:       sing_open
* Product family: artix7
* Target device:  xc7a200t-fbg676-2


================================================================
== Performance Estimates
================================================================
+ Timing: 
    * Summary: 
    +--------+----------+----------+------------+
    |  Clock |  Target  | Estimated| Uncertainty|
    +--------+----------+----------+------------+
    |ap_clk  | 10.00 ns | 8.579 ns |   1.25 ns  |
    +--------+----------+----------+------------+

+ Latency: 
    * Summary: 
    +---------+---------+----------+----------+-----+-----+---------+
    |  Latency (cycles) |  Latency (absolute) |  Interval | Pipeline|
    |   min   |   max   |    min   |    max   | min | max |   Type  |
    +---------+---------+----------+----------+-----+-----+---------+
    |        ?|        ?|         ?|         ?|    ?|    ?|   none  |
    +---------+---------+----------+----------+-----+-----+---------+

    + Detail: 
        * Instance: 
        N/A

        * Loop: 
        +-----------------+---------+---------+----------+-----------+-----------+------+----------+
        |                 |  Latency (cycles) | Iteration|  Initiation Interval  | Trip |          |
        |    Loop Name    |   min   |   max   |  Latency |  achieved |   target  | Count| Pipelined|
        +-----------------+---------+---------+----------+-----------+-----------+------+----------+
        |- Loop 1         |        ?|        ?|         ?|          -|          -|     ?|    no    |
        | + Loop 1.1      |        ?|        ?|     18923|          -|          -|     ?|    no    |
        |  ++ Loop 1.1.1  |      336|      336|         2|          -|          -|   168|    no    |
        | + Loop 1.2      |        ?|        ?|         2|          -|          -|     ?|    no    |
        +-----------------+---------+---------+----------+-----------+-----------+------+----------+

============================================================
+ Verbose Summary: Synthesis Manager
============================================================
InlineROM: 1
ExposeGlobal: 1
============================================================
+ Verbose Summary: CDFG Model
============================================================
IsTopModel: 0
ResetActiveHigh: 1
IsCombinational: 0
IsDatapathOnly: 0
HasWiredReturn: 1
HasMFsm: 0
HasVarLatency: 1
IsPipeline: 0
IsRtlPipelined: 0
IsInstanceOverlapped: 0
IsDontTouch: 0
HasImplIP: 0
IsGatedGlobalClock: 0


============================================================
+ Verbose Summary: Schedule
============================================================
* Number of FSM states : 10
* Pipeline : 0
* Dataflow Pipeline: 0

* FSM state transitions: 
1 --> 2 
2 --> 7 3 
3 --> 4 10 
4 --> 5 6 
5 --> 4 
6 --> 3 
7 --> 8 
8 --> 9 10 
9 --> 8 
10 --> 2 

* FSM state operations: 

State 1 <SV = 0> <Delay = 1.45>
ST_1 : Operation 11 [1/1] (0.00ns)   --->   "%i_13 = alloca i34"   --->   Operation 11 'alloca' 'i_13' <Predicate = true> <Delay = 0.00>
ST_1 : Operation 12 [1/1] (0.00ns)   --->   "%instance_byteIOIndex = alloca i32"   --->   Operation 12 'alloca' 'instance_byteIOIndex' <Predicate = true> <Delay = 0.00>
ST_1 : Operation 13 [1/1] (0.00ns)   --->   "%instance_byteIOIndex_7 = call i32 @_ssdm_op_Read.ap_auto.i32(i32 %instance_byteIOIndex_read)" [sha3/KeccakSpongeWidth1600.c:181]   --->   Operation 13 'read' 'instance_byteIOIndex_7' <Predicate = true> <Delay = 0.00>
ST_1 : Operation 14 [1/1] (1.45ns)   --->   "store i32 %instance_byteIOIndex_7, i32* %instance_byteIOIndex" [sha3/KeccakSpongeWidth1600.c:194]   --->   Operation 14 'store' <Predicate = true> <Delay = 1.45>
ST_1 : Operation 15 [1/1] (1.45ns)   --->   "store i34 0, i34* %i_13" [sha3/KeccakSpongeWidth1600.c:194]   --->   Operation 15 'store' <Predicate = true> <Delay = 1.45>
ST_1 : Operation 16 [1/1] (1.35ns)   --->   "br label %.preheader2" [sha3/KeccakSpongeWidth1600.c:194]   --->   Operation 16 'br' <Predicate = true> <Delay = 1.35>

State 2 <SV = 1> <Delay = 4.23>
ST_2 : Operation 17 [1/1] (0.00ns)   --->   "%p_01_rec = phi i64 [ 0, %.preheader2.preheader ], [ %p_2_rec, %._crit_edge6 ]" [sha3/KeccakSpongeWidth1600.c:214]   --->   Operation 17 'phi' 'p_01_rec' <Predicate = true> <Delay = 0.00>
ST_2 : Operation 18 [1/1] (0.00ns)   --->   "%i_13_load = load i34* %i_13" [sha3/KeccakSpongeWidth1600.c:223]   --->   Operation 18 'load' 'i_13_load' <Predicate = true> <Delay = 0.00>
ST_2 : Operation 19 [1/1] (0.00ns)   --->   "%tmp = call i29 @_ssdm_op_PartSelect.i29.i34.i32.i32(i34 %i_13_load, i32 5, i32 33)" [sha3/KeccakSpongeWidth1600.c:194]   --->   Operation 19 'partselect' 'tmp' <Predicate = true> <Delay = 0.00>
ST_2 : Operation 20 [1/1] (2.08ns)   --->   "%icmp_ln194 = icmp eq i29 %tmp, 0" [sha3/KeccakSpongeWidth1600.c:194]   --->   Operation 20 'icmp' 'icmp_ln194' <Predicate = true> <Delay = 2.08> <Core = "Cmp">   --->   Core 25 'Cmp' <Latency = 0> <II = 1> <Delay = 2.11> <FuncUnit> <Opcode : 'icmp'> <InPorts = 2> <OutPorts = 1>
ST_2 : Operation 21 [1/1] (0.00ns)   --->   "br i1 %icmp_ln194, label %0, label %.loopexit" [sha3/KeccakSpongeWidth1600.c:194]   --->   Operation 21 'br' <Predicate = true> <Delay = 0.00>
ST_2 : Operation 22 [1/1] (0.00ns)   --->   "%instance_byteIOIndex_8 = load i32* %instance_byteIOIndex" [sha3/KeccakSpongeWidth1600.c:195]   --->   Operation 22 'load' 'instance_byteIOIndex_8' <Predicate = (icmp_ln194)> <Delay = 0.00>
ST_2 : Operation 23 [1/1] (2.11ns)   --->   "%icmp_ln195 = icmp eq i32 %instance_byteIOIndex_8, 0" [sha3/KeccakSpongeWidth1600.c:195]   --->   Operation 23 'icmp' 'icmp_ln195' <Predicate = (icmp_ln194)> <Delay = 2.11> <Core = "Cmp">   --->   Core 25 'Cmp' <Latency = 0> <II = 1> <Delay = 2.11> <FuncUnit> <Opcode : 'icmp'> <InPorts = 2> <OutPorts = 1>
ST_2 : Operation 24 [1/1] (0.00ns)   --->   "br i1 %icmp_ln195, label %1, label %._crit_edge" [sha3/KeccakSpongeWidth1600.c:195]   --->   Operation 24 'br' <Predicate = (icmp_ln194)> <Delay = 0.00>
ST_2 : Operation 25 [1/1] (0.00ns)   --->   "%trunc_ln195 = trunc i34 %i_13_load to i30" [sha3/KeccakSpongeWidth1600.c:195]   --->   Operation 25 'trunc' 'trunc_ln195' <Predicate = (icmp_ln194 & icmp_ln195)> <Delay = 0.00>
ST_2 : Operation 26 [1/1] (2.13ns)   --->   "%add_ln195 = add i30 168, %trunc_ln195" [sha3/KeccakSpongeWidth1600.c:195]   --->   Operation 26 'add' 'add_ln195' <Predicate = (icmp_ln194 & icmp_ln195)> <Delay = 2.13> <Core = "AddSub">   --->   Core 14 'AddSub' <Latency = 0> <II = 1> <Delay = 2.99> <FuncUnit> <Opcode : 'add' 'sub'> <InPorts = 2> <OutPorts = 1>
ST_2 : Operation 27 [1/1] (2.09ns)   --->   "%icmp_ln195_1 = icmp ugt i30 %add_ln195, 32" [sha3/KeccakSpongeWidth1600.c:195]   --->   Operation 27 'icmp' 'icmp_ln195_1' <Predicate = (icmp_ln194 & icmp_ln195)> <Delay = 2.09> <Core = "Cmp">   --->   Core 25 'Cmp' <Latency = 0> <II = 1> <Delay = 2.11> <FuncUnit> <Opcode : 'icmp'> <InPorts = 2> <OutPorts = 1>
ST_2 : Operation 28 [1/1] (0.00ns)   --->   "br i1 %icmp_ln195_1, label %._crit_edge, label %2" [sha3/KeccakSpongeWidth1600.c:195]   --->   Operation 28 'br' <Predicate = (icmp_ln194 & icmp_ln195)> <Delay = 0.00>
ST_2 : Operation 29 [1/1] (2.23ns)   --->   "%j = sub i34 32, %i_13_load" [sha3/KeccakSpongeWidth1600.c:206]   --->   Operation 29 'sub' 'j' <Predicate = (icmp_ln194 & icmp_ln195 & !icmp_ln195_1)> <Delay = 2.23> <Core = "AddSub">   --->   Core 14 'AddSub' <Latency = 0> <II = 1> <Delay = 2.99> <FuncUnit> <Opcode : 'add' 'sub'> <InPorts = 2> <OutPorts = 1>
ST_2 : Operation 30 [1/1] (0.00ns)   --->   "%zext_ln206 = zext i34 %j to i64" [sha3/KeccakSpongeWidth1600.c:206]   --->   Operation 30 'zext' 'zext_ln206' <Predicate = (icmp_ln194 & icmp_ln195 & !icmp_ln195_1)> <Delay = 0.00>
ST_2 : Operation 31 [1/1] (1.35ns)   --->   "br label %3" [sha3/KeccakSpongeWidth1600.c:206]   --->   Operation 31 'br' <Predicate = (icmp_ln194 & icmp_ln195 & !icmp_ln195_1)> <Delay = 1.35>
ST_2 : Operation 32 [1/1] (0.00ns)   --->   "%trunc_ln223 = trunc i34 %i_13_load to i6" [sha3/KeccakSpongeWidth1600.c:223]   --->   Operation 32 'trunc' 'trunc_ln223' <Predicate = (icmp_ln194 & icmp_ln195_1) | (icmp_ln194 & !icmp_ln195)> <Delay = 0.00>
ST_2 : Operation 33 [1/1] (1.60ns)   --->   "%partialBlock = sub i6 -32, %trunc_ln223" [sha3/KeccakSpongeWidth1600.c:223]   --->   Operation 33 'sub' 'partialBlock' <Predicate = (icmp_ln194 & icmp_ln195_1) | (icmp_ln194 & !icmp_ln195)> <Delay = 1.60> <Core = "AddSub">   --->   Core 14 'AddSub' <Latency = 0> <II = 1> <Delay = 2.99> <FuncUnit> <Opcode : 'add' 'sub'> <InPorts = 2> <OutPorts = 1>
ST_2 : Operation 34 [1/1] (0.00ns)   --->   "%instance_byteIOIndex_12 = load i32* %instance_byteIOIndex"   --->   Operation 34 'load' 'instance_byteIOIndex_12' <Predicate = (!icmp_ln194)> <Delay = 0.00>
ST_2 : Operation 35 [1/1] (0.00ns)   --->   "ret i32 %instance_byteIOIndex_12"   --->   Operation 35 'ret' <Predicate = (!icmp_ln194)> <Delay = 0.00>

State 3 <SV = 2> <Delay = 3.68>
ST_3 : Operation 36 [1/1] (0.00ns)   --->   "%j_0 = phi i64 [ %zext_ln206, %2 ], [ %j_3, %5 ]"   --->   Operation 36 'phi' 'j_0' <Predicate = true> <Delay = 0.00>
ST_3 : Operation 37 [1/1] (0.00ns)   --->   "%p_1_rec = phi i64 [ 0, %2 ], [ %add_ln214, %5 ]" [sha3/KeccakSpongeWidth1600.c:214]   --->   Operation 37 'phi' 'p_1_rec' <Predicate = true> <Delay = 0.00>
ST_3 : Operation 38 [1/1] (2.34ns)   --->   "%icmp_ln206 = icmp ult i64 %j_0, 168" [sha3/KeccakSpongeWidth1600.c:206]   --->   Operation 38 'icmp' 'icmp_ln206' <Predicate = true> <Delay = 2.34> <Core = "Cmp">   --->   Core 25 'Cmp' <Latency = 0> <II = 1> <Delay = 2.11> <FuncUnit> <Opcode : 'icmp'> <InPorts = 2> <OutPorts = 1>
ST_3 : Operation 39 [1/1] (0.00ns)   --->   "br i1 %icmp_ln206, label %6, label %.preheader.preheader" [sha3/KeccakSpongeWidth1600.c:206]   --->   Operation 39 'br' <Predicate = true> <Delay = 0.00>
ST_3 : Operation 40 [1/1] (1.35ns)   --->   "br label %.preheader" [sha3/KeccakSpongeWidth1600.c:211]   --->   Operation 40 'br' <Predicate = (!icmp_ln206)> <Delay = 1.35>
ST_3 : Operation 41 [1/1] (0.00ns)   --->   "%trunc_ln216 = trunc i64 %j_0 to i34" [sha3/KeccakSpongeWidth1600.c:216]   --->   Operation 41 'trunc' 'trunc_ln216' <Predicate = (icmp_ln206)> <Delay = 0.00>
ST_3 : Operation 42 [1/1] (2.23ns)   --->   "%sub_ln216 = sub i34 32, %trunc_ln216" [sha3/KeccakSpongeWidth1600.c:216]   --->   Operation 42 'sub' 'sub_ln216' <Predicate = (icmp_ln206)> <Delay = 2.23> <Core = "AddSub">   --->   Core 14 'AddSub' <Latency = 0> <II = 1> <Delay = 2.99> <FuncUnit> <Opcode : 'add' 'sub'> <InPorts = 2> <OutPorts = 1>
ST_3 : Operation 43 [1/1] (1.45ns)   --->   "store i32 0, i32* %instance_byteIOIndex" [sha3/KeccakSpongeWidth1600.c:220]   --->   Operation 43 'store' <Predicate = (icmp_ln206)> <Delay = 1.45>
ST_3 : Operation 44 [1/1] (1.45ns)   --->   "store i34 %sub_ln216, i34* %i_13" [sha3/KeccakSpongeWidth1600.c:220]   --->   Operation 44 'store' <Predicate = (icmp_ln206)> <Delay = 1.45>
ST_3 : Operation 45 [1/1] (1.35ns)   --->   "br label %._crit_edge6" [sha3/KeccakSpongeWidth1600.c:220]   --->   Operation 45 'br' <Predicate = (icmp_ln206)> <Delay = 1.35>

State 4 <SV = 3> <Delay = 4.66>
ST_4 : Operation 46 [1/1] (0.00ns)   --->   "%offset_assign_8 = phi i8 [ %loop_37, %4 ], [ 0, %.preheader.preheader ]"   --->   Operation 46 'phi' 'offset_assign_8' <Predicate = true> <Delay = 0.00>
ST_4 : Operation 47 [1/1] (1.24ns)   --->   "%icmp_ln211 = icmp eq i8 %offset_assign_8, -88" [sha3/KeccakSpongeWidth1600.c:211]   --->   Operation 47 'icmp' 'icmp_ln211' <Predicate = true> <Delay = 1.24> <Core = "Cmp">   --->   Core 25 'Cmp' <Latency = 0> <II = 1> <Delay = 2.11> <FuncUnit> <Opcode : 'icmp'> <InPorts = 2> <OutPorts = 1>
ST_4 : Operation 48 [1/1] (1.71ns)   --->   "%loop_37 = add i8 %offset_assign_8, 1" [sha3/KeccakSpongeWidth1600.c:211]   --->   Operation 48 'add' 'loop_37' <Predicate = true> <Delay = 1.71> <Core = "AddSub">   --->   Core 14 'AddSub' <Latency = 0> <II = 1> <Delay = 2.99> <FuncUnit> <Opcode : 'add' 'sub'> <InPorts = 2> <OutPorts = 1>
ST_4 : Operation 49 [1/1] (0.00ns)   --->   "%empty = call i32 (...)* @_ssdm_op_SpecLoopTripCount(i64 168, i64 168, i64 168)"   --->   Operation 49 'speclooptripcount' 'empty' <Predicate = true> <Delay = 0.00>
ST_4 : Operation 50 [1/1] (0.00ns)   --->   "br i1 %icmp_ln211, label %5, label %4" [sha3/KeccakSpongeWidth1600.c:211]   --->   Operation 50 'br' <Predicate = true> <Delay = 0.00>
ST_4 : Operation 51 [1/1] (0.00ns)   --->   "%zext_ln212 = zext i8 %offset_assign_8 to i64" [sha3/KeccakSpongeWidth1600.c:212]   --->   Operation 51 'zext' 'zext_ln212' <Predicate = (!icmp_ln211)> <Delay = 0.00>
ST_4 : Operation 52 [1/1] (0.00ns)   --->   "%trunc_ln212 = trunc i8 %offset_assign_8 to i7" [sha3/KeccakSpongeWidth1600.c:212]   --->   Operation 52 'trunc' 'trunc_ln212' <Predicate = (!icmp_ln211)> <Delay = 0.00>
ST_4 : Operation 53 [1/1] (0.00ns)   --->   "%trunc_ln206 = trunc i64 %p_1_rec to i7" [sha3/KeccakSpongeWidth1600.c:206]   --->   Operation 53 'trunc' 'trunc_ln206' <Predicate = (!icmp_ln211)> <Delay = 0.00>
ST_4 : Operation 54 [1/1] (0.00ns) (grouped into TernaryAdder)   --->   "%add_ln212 = add i7 %trunc_ln212, %trunc_ln206" [sha3/KeccakSpongeWidth1600.c:212]   --->   Operation 54 'add' 'add_ln212' <Predicate = (!icmp_ln211)> <Delay = 0.00> <Core = "TAddSub">   --->   Core 83 'TAddSub' <Latency = 0> <II = 1> <Delay = 1.45> <IPBlock> <Opcode : 'add' 'sub'> <InPorts = 3> <OutPorts = 1> <Sync> <CReg>
ST_4 : Operation 55 [1/1] (0.00ns)   --->   "%trunc_ln194_2 = trunc i64 %p_01_rec to i7" [sha3/KeccakSpongeWidth1600.c:194]   --->   Operation 55 'trunc' 'trunc_ln194_2' <Predicate = (!icmp_ln211)> <Delay = 0.00>
ST_4 : Operation 56 [1/1] (2.90ns) (root node of TernaryAdder)   --->   "%add_ln212_1 = add i7 %trunc_ln194_2, %add_ln212" [sha3/KeccakSpongeWidth1600.c:212]   --->   Operation 56 'add' 'add_ln212_1' <Predicate = (!icmp_ln211)> <Delay = 2.90> <Core = "TAddSub">   --->   Core 83 'TAddSub' <Latency = 0> <II = 1> <Delay = 1.45> <IPBlock> <Opcode : 'add' 'sub'> <InPorts = 3> <OutPorts = 1> <Sync> <CReg>
ST_4 : Operation 57 [1/1] (0.00ns)   --->   "%zext_ln212_2 = zext i7 %add_ln212_1 to i64" [sha3/KeccakSpongeWidth1600.c:212]   --->   Operation 57 'zext' 'zext_ln212_2' <Predicate = (!icmp_ln211)> <Delay = 0.00>
ST_4 : Operation 58 [1/1] (0.00ns)   --->   "%data_0_addr_1 = getelementptr [32 x i8]* %data_0, i64 0, i64 %zext_ln212_2" [sha3/KeccakSpongeWidth1600.c:212]   --->   Operation 58 'getelementptr' 'data_0_addr_1' <Predicate = (!icmp_ln211)> <Delay = 0.00>
ST_4 : Operation 59 [2/2] (1.75ns)   --->   "%data_0_load_1 = load i8* %data_0_addr_1, align 1" [sha3/KeccakSpongeWidth1600.c:212]   --->   Operation 59 'load' 'data_0_load_1' <Predicate = (!icmp_ln211)> <Delay = 1.75> <Core = "RAM">   --->   Core 37 'RAM' <Latency = 1> <II = 1> <Delay = 2.77> <Storage> <Opcode : 'load' 'store'> <Ports = 2> <Width = 8> <Depth = 200> <RAM>
ST_4 : Operation 60 [1/1] (0.00ns)   --->   "%instance_state_addr_2 = getelementptr [200 x i8]* %instance_state, i64 0, i64 %zext_ln212" [sha3/KeccakP-1600-reference.c:149->sha3/KeccakSpongeWidth1600.c:212]   --->   Operation 60 'getelementptr' 'instance_state_addr_2' <Predicate = (!icmp_ln211)> <Delay = 0.00>
ST_4 : Operation 61 [2/2] (2.77ns)   --->   "%instance_state_load_2 = load i8* %instance_state_addr_2, align 1" [sha3/KeccakP-1600-reference.c:149->sha3/KeccakSpongeWidth1600.c:212]   --->   Operation 61 'load' 'instance_state_load_2' <Predicate = (!icmp_ln211)> <Delay = 2.77> <Core = "RAM">   --->   Core 37 'RAM' <Latency = 1> <II = 1> <Delay = 2.77> <Storage> <Opcode : 'load' 'store'> <Ports = 2> <Width = 8> <Depth = 200> <RAM>
ST_4 : Operation 62 [2/2] (1.35ns)   --->   "call fastcc void @KeccakP1600_Permute_([200 x i8]* %instance_state)" [sha3/KeccakSpongeWidth1600.c:213]   --->   Operation 62 'call' <Predicate = (icmp_ln211)> <Delay = 1.35> <CoreType = "Generic">   --->   Core 0 '' <Latency = 0> <II = 1> <Delay = 1.00> <Generic> <Opcode : >
ST_4 : Operation 63 [1/1] (2.99ns)   --->   "%j_3 = add i64 %j_0, -168" [sha3/KeccakSpongeWidth1600.c:206]   --->   Operation 63 'add' 'j_3' <Predicate = (icmp_ln211)> <Delay = 2.99> <Core = "AddSub">   --->   Core 14 'AddSub' <Latency = 0> <II = 1> <Delay = 2.99> <FuncUnit> <Opcode : 'add' 'sub'> <InPorts = 2> <OutPorts = 1>

State 5 <SV = 4> <Delay = 6.34>
ST_5 : Operation 64 [1/2] (1.75ns)   --->   "%data_0_load_1 = load i8* %data_0_addr_1, align 1" [sha3/KeccakSpongeWidth1600.c:212]   --->   Operation 64 'load' 'data_0_load_1' <Predicate = true> <Delay = 1.75> <Core = "RAM">   --->   Core 37 'RAM' <Latency = 1> <II = 1> <Delay = 2.77> <Storage> <Opcode : 'load' 'store'> <Ports = 2> <Width = 8> <Depth = 200> <RAM>
ST_5 : Operation 65 [1/2] (2.77ns)   --->   "%instance_state_load_2 = load i8* %instance_state_addr_2, align 1" [sha3/KeccakP-1600-reference.c:149->sha3/KeccakSpongeWidth1600.c:212]   --->   Operation 65 'load' 'instance_state_load_2' <Predicate = true> <Delay = 2.77> <Core = "RAM">   --->   Core 37 'RAM' <Latency = 1> <II = 1> <Delay = 2.77> <Storage> <Opcode : 'load' 'store'> <Ports = 2> <Width = 8> <Depth = 200> <RAM>
ST_5 : Operation 66 [1/1] (0.80ns)   --->   "%xor_ln149_2 = xor i8 %instance_state_load_2, %data_0_load_1" [sha3/KeccakP-1600-reference.c:149->sha3/KeccakSpongeWidth1600.c:212]   --->   Operation 66 'xor' 'xor_ln149_2' <Predicate = true> <Delay = 0.80> <Core = "LogicGate">   --->   Core 27 'LogicGate' <Latency = 0> <II = 1> <Delay = 0.80> <FuncUnit> <Opcode : 'and' 'or' 'xor'> <InPorts = 2> <OutPorts = 1>
ST_5 : Operation 67 [1/1] (2.77ns)   --->   "store i8 %xor_ln149_2, i8* %instance_state_addr_2, align 1" [sha3/KeccakP-1600-reference.c:149->sha3/KeccakSpongeWidth1600.c:212]   --->   Operation 67 'store' <Predicate = true> <Delay = 2.77> <Core = "RAM">   --->   Core 37 'RAM' <Latency = 1> <II = 1> <Delay = 2.77> <Storage> <Opcode : 'load' 'store'> <Ports = 2> <Width = 8> <Depth = 200> <RAM>
ST_5 : Operation 68 [1/1] (0.00ns)   --->   "br label %.preheader" [sha3/KeccakSpongeWidth1600.c:211]   --->   Operation 68 'br' <Predicate = true> <Delay = 0.00>

State 6 <SV = 4> <Delay = 2.99>
ST_6 : Operation 69 [1/2] (0.00ns)   --->   "call fastcc void @KeccakP1600_Permute_([200 x i8]* %instance_state)" [sha3/KeccakSpongeWidth1600.c:213]   --->   Operation 69 'call' <Predicate = true> <Delay = 0.00> <CoreType = "Generic">   --->   Core 0 '' <Latency = 0> <II = 1> <Delay = 1.00> <Generic> <Opcode : >
ST_6 : Operation 70 [1/1] (2.99ns)   --->   "%add_ln214 = add i64 %p_1_rec, 168" [sha3/KeccakSpongeWidth1600.c:214]   --->   Operation 70 'add' 'add_ln214' <Predicate = true> <Delay = 2.99> <Core = "AddSub">   --->   Core 14 'AddSub' <Latency = 0> <II = 1> <Delay = 2.99> <FuncUnit> <Opcode : 'add' 'sub'> <InPorts = 2> <OutPorts = 1>
ST_6 : Operation 71 [1/1] (0.00ns)   --->   "br label %3" [sha3/KeccakSpongeWidth1600.c:206]   --->   Operation 71 'br' <Predicate = true> <Delay = 0.00>

State 7 <SV = 2> <Delay = 7.29>
ST_7 : Operation 72 [1/1] (0.00ns)   --->   "%instance_byteIOIndex_9 = load i32* %instance_byteIOIndex" [sha3/KeccakSpongeWidth1600.c:224]   --->   Operation 72 'load' 'instance_byteIOIndex_9' <Predicate = true> <Delay = 0.00>
ST_7 : Operation 73 [1/1] (0.00ns)   --->   "%zext_ln223 = zext i6 %partialBlock to i32" [sha3/KeccakSpongeWidth1600.c:223]   --->   Operation 73 'zext' 'zext_ln223' <Predicate = true> <Delay = 0.00>
ST_7 : Operation 74 [1/1] (2.18ns)   --->   "%add_ln224 = add i32 %zext_ln223, %instance_byteIOIndex_9" [sha3/KeccakSpongeWidth1600.c:224]   --->   Operation 74 'add' 'add_ln224' <Predicate = true> <Delay = 2.18> <Core = "AddSub">   --->   Core 14 'AddSub' <Latency = 0> <II = 1> <Delay = 2.99> <FuncUnit> <Opcode : 'add' 'sub'> <InPorts = 2> <OutPorts = 1>
ST_7 : Operation 75 [1/1] (2.11ns)   --->   "%icmp_ln224 = icmp ugt i32 %add_ln224, 168" [sha3/KeccakSpongeWidth1600.c:224]   --->   Operation 75 'icmp' 'icmp_ln224' <Predicate = true> <Delay = 2.11> <Core = "Cmp">   --->   Core 25 'Cmp' <Latency = 0> <II = 1> <Delay = 2.11> <FuncUnit> <Opcode : 'icmp'> <InPorts = 2> <OutPorts = 1>
ST_7 : Operation 76 [1/1] (2.18ns)   --->   "%partialBlock_2 = sub i32 168, %instance_byteIOIndex_9" [sha3/KeccakSpongeWidth1600.c:225]   --->   Operation 76 'sub' 'partialBlock_2' <Predicate = true> <Delay = 2.18> <Core = "AddSub">   --->   Core 14 'AddSub' <Latency = 0> <II = 1> <Delay = 2.99> <FuncUnit> <Opcode : 'add' 'sub'> <InPorts = 2> <OutPorts = 1>
ST_7 : Operation 77 [1/1] (0.77ns)   --->   "%select_ln224 = select i1 %icmp_ln224, i32 %partialBlock_2, i32 %zext_ln223" [sha3/KeccakSpongeWidth1600.c:224]   --->   Operation 77 'select' 'select_ln224' <Predicate = true> <Delay = 0.77> <Core = "Sel">   --->   Core 26 'Sel' <Latency = 0> <II = 1> <Delay = 0.77> <FuncUnit> <Opcode : 'select'> <InPorts = 3> <OutPorts = 1>
ST_7 : Operation 78 [1/1] (0.00ns)   --->   "%zext_ln229 = zext i32 %select_ln224 to i64" [sha3/KeccakSpongeWidth1600.c:229]   --->   Operation 78 'zext' 'zext_ln229' <Predicate = true> <Delay = 0.00>
ST_7 : Operation 79 [1/1] (0.00ns)   --->   "%zext_ln229_2 = zext i32 %select_ln224 to i34" [sha3/KeccakSpongeWidth1600.c:229]   --->   Operation 79 'zext' 'zext_ln229_2' <Predicate = true> <Delay = 0.00>
ST_7 : Operation 80 [1/1] (2.23ns)   --->   "%i = add i34 %zext_ln229_2, %i_13_load" [sha3/KeccakSpongeWidth1600.c:229]   --->   Operation 80 'add' 'i' <Predicate = true> <Delay = 2.23> <Core = "AddSub">   --->   Core 14 'AddSub' <Latency = 0> <II = 1> <Delay = 2.99> <FuncUnit> <Opcode : 'add' 'sub'> <InPorts = 2> <OutPorts = 1>
ST_7 : Operation 81 [1/1] (1.35ns)   --->   "br label %7" [sha3/KeccakSpongeWidth1600.c:231]   --->   Operation 81 'br' <Predicate = true> <Delay = 1.35>

State 8 <SV = 3> <Delay = 4.95>
ST_8 : Operation 82 [1/1] (0.00ns)   --->   "%loop_1 = phi i32 [ 0, %._crit_edge ], [ %loop, %8 ]"   --->   Operation 82 'phi' 'loop_1' <Predicate = true> <Delay = 0.00>
ST_8 : Operation 83 [1/1] (2.11ns)   --->   "%icmp_ln231 = icmp eq i32 %loop_1, %select_ln224" [sha3/KeccakSpongeWidth1600.c:231]   --->   Operation 83 'icmp' 'icmp_ln231' <Predicate = true> <Delay = 2.11> <Core = "Cmp">   --->   Core 25 'Cmp' <Latency = 0> <II = 1> <Delay = 2.11> <FuncUnit> <Opcode : 'icmp'> <InPorts = 2> <OutPorts = 1>
ST_8 : Operation 84 [1/1] (2.18ns)   --->   "%loop = add nsw i32 %loop_1, 1" [sha3/KeccakSpongeWidth1600.c:231]   --->   Operation 84 'add' 'loop' <Predicate = true> <Delay = 2.18> <Core = "AddSub">   --->   Core 14 'AddSub' <Latency = 0> <II = 1> <Delay = 2.99> <FuncUnit> <Opcode : 'add' 'sub'> <InPorts = 2> <OutPorts = 1>
ST_8 : Operation 85 [1/1] (0.00ns)   --->   "br i1 %icmp_ln231, label %9, label %8" [sha3/KeccakSpongeWidth1600.c:231]   --->   Operation 85 'br' <Predicate = true> <Delay = 0.00>
ST_8 : Operation 86 [1/1] (0.00ns)   --->   "%instance_byteIOIndex_10 = load i32* %instance_byteIOIndex" [sha3/KeccakSpongeWidth1600.c:232]   --->   Operation 86 'load' 'instance_byteIOIndex_10' <Predicate = (!icmp_ln231)> <Delay = 0.00>
ST_8 : Operation 87 [1/1] (0.00ns)   --->   "%trunc_ln232 = trunc i32 %loop_1 to i7" [sha3/KeccakSpongeWidth1600.c:232]   --->   Operation 87 'trunc' 'trunc_ln232' <Predicate = (!icmp_ln231)> <Delay = 0.00>
ST_8 : Operation 88 [1/1] (0.00ns)   --->   "%trunc_ln194 = trunc i64 %p_01_rec to i7" [sha3/KeccakSpongeWidth1600.c:194]   --->   Operation 88 'trunc' 'trunc_ln194' <Predicate = (!icmp_ln231)> <Delay = 0.00>
ST_8 : Operation 89 [1/1] (1.66ns)   --->   "%add_ln232 = add i7 %trunc_ln194, %trunc_ln232" [sha3/KeccakSpongeWidth1600.c:232]   --->   Operation 89 'add' 'add_ln232' <Predicate = (!icmp_ln231)> <Delay = 1.66> <Core = "AddSub">   --->   Core 14 'AddSub' <Latency = 0> <II = 1> <Delay = 2.99> <FuncUnit> <Opcode : 'add' 'sub'> <InPorts = 2> <OutPorts = 1>
ST_8 : Operation 90 [1/1] (0.00ns)   --->   "%zext_ln232 = zext i7 %add_ln232 to i64" [sha3/KeccakSpongeWidth1600.c:232]   --->   Operation 90 'zext' 'zext_ln232' <Predicate = (!icmp_ln231)> <Delay = 0.00>
ST_8 : Operation 91 [1/1] (0.00ns)   --->   "%data_0_addr = getelementptr [32 x i8]* %data_0, i64 0, i64 %zext_ln232" [sha3/KeccakSpongeWidth1600.c:232]   --->   Operation 91 'getelementptr' 'data_0_addr' <Predicate = (!icmp_ln231)> <Delay = 0.00>
ST_8 : Operation 92 [2/2] (1.75ns)   --->   "%data_0_load = load i8* %data_0_addr, align 1" [sha3/KeccakSpongeWidth1600.c:232]   --->   Operation 92 'load' 'data_0_load' <Predicate = (!icmp_ln231)> <Delay = 1.75> <Core = "RAM">   --->   Core 37 'RAM' <Latency = 1> <II = 1> <Delay = 2.77> <Storage> <Opcode : 'load' 'store'> <Ports = 2> <Width = 8> <Depth = 200> <RAM>
ST_8 : Operation 93 [1/1] (2.18ns)   --->   "%add_ln232_2 = add i32 %instance_byteIOIndex_10, %loop_1" [sha3/KeccakSpongeWidth1600.c:232]   --->   Operation 93 'add' 'add_ln232_2' <Predicate = (!icmp_ln231)> <Delay = 2.18> <Core = "AddSub">   --->   Core 14 'AddSub' <Latency = 0> <II = 1> <Delay = 2.99> <FuncUnit> <Opcode : 'add' 'sub'> <InPorts = 2> <OutPorts = 1>
ST_8 : Operation 94 [1/1] (0.00ns)   --->   "%zext_ln149 = zext i32 %add_ln232_2 to i64" [sha3/KeccakP-1600-reference.c:149->sha3/KeccakSpongeWidth1600.c:232]   --->   Operation 94 'zext' 'zext_ln149' <Predicate = (!icmp_ln231)> <Delay = 0.00>
ST_8 : Operation 95 [1/1] (0.00ns)   --->   "%instance_state_addr = getelementptr [200 x i8]* %instance_state, i64 0, i64 %zext_ln149" [sha3/KeccakP-1600-reference.c:149->sha3/KeccakSpongeWidth1600.c:232]   --->   Operation 95 'getelementptr' 'instance_state_addr' <Predicate = (!icmp_ln231)> <Delay = 0.00>
ST_8 : Operation 96 [2/2] (2.77ns)   --->   "%instance_state_load = load i8* %instance_state_addr, align 1" [sha3/KeccakP-1600-reference.c:149->sha3/KeccakSpongeWidth1600.c:232]   --->   Operation 96 'load' 'instance_state_load' <Predicate = (!icmp_ln231)> <Delay = 2.77> <Core = "RAM">   --->   Core 37 'RAM' <Latency = 1> <II = 1> <Delay = 2.77> <Storage> <Opcode : 'load' 'store'> <Ports = 2> <Width = 8> <Depth = 200> <RAM>
ST_8 : Operation 97 [1/1] (0.00ns)   --->   "%instance_byteIOIndex_11 = load i32* %instance_byteIOIndex" [sha3/KeccakSpongeWidth1600.c:236]   --->   Operation 97 'load' 'instance_byteIOIndex_11' <Predicate = (icmp_ln231)> <Delay = 0.00>
ST_8 : Operation 98 [1/1] (2.18ns)   --->   "%add_ln236 = add i32 %instance_byteIOIndex_11, %select_ln224" [sha3/KeccakSpongeWidth1600.c:236]   --->   Operation 98 'add' 'add_ln236' <Predicate = (icmp_ln231)> <Delay = 2.18> <Core = "AddSub">   --->   Core 14 'AddSub' <Latency = 0> <II = 1> <Delay = 2.99> <FuncUnit> <Opcode : 'add' 'sub'> <InPorts = 2> <OutPorts = 1>
ST_8 : Operation 99 [1/1] (2.11ns)   --->   "%icmp_ln237 = icmp eq i32 %add_ln236, 168" [sha3/KeccakSpongeWidth1600.c:237]   --->   Operation 99 'icmp' 'icmp_ln237' <Predicate = (icmp_ln231)> <Delay = 2.11> <Core = "Cmp">   --->   Core 25 'Cmp' <Latency = 0> <II = 1> <Delay = 2.11> <FuncUnit> <Opcode : 'icmp'> <InPorts = 2> <OutPorts = 1>
ST_8 : Operation 100 [1/1] (1.45ns)   --->   "store i34 %i, i34* %i_13" [sha3/KeccakSpongeWidth1600.c:237]   --->   Operation 100 'store' <Predicate = (icmp_ln231)> <Delay = 1.45>
ST_8 : Operation 101 [1/1] (0.00ns)   --->   "br i1 %icmp_ln237, label %10, label %.._crit_edge6_crit_edge" [sha3/KeccakSpongeWidth1600.c:237]   --->   Operation 101 'br' <Predicate = (icmp_ln231)> <Delay = 0.00>
ST_8 : Operation 102 [1/1] (1.45ns)   --->   "store i32 %add_ln236, i32* %instance_byteIOIndex" [sha3/KeccakSpongeWidth1600.c:237]   --->   Operation 102 'store' <Predicate = (icmp_ln231 & !icmp_ln237)> <Delay = 1.45>
ST_8 : Operation 103 [1/1] (1.35ns)   --->   "br label %._crit_edge6" [sha3/KeccakSpongeWidth1600.c:237]   --->   Operation 103 'br' <Predicate = (icmp_ln231 & !icmp_ln237)> <Delay = 1.35>
ST_8 : Operation 104 [2/2] (1.35ns)   --->   "call fastcc void @KeccakP1600_Permute_([200 x i8]* %instance_state)" [sha3/KeccakSpongeWidth1600.c:238]   --->   Operation 104 'call' <Predicate = (icmp_ln231 & icmp_ln237)> <Delay = 1.35> <CoreType = "Generic">   --->   Core 0 '' <Latency = 0> <II = 1> <Delay = 1.00> <Generic> <Opcode : >
ST_8 : Operation 105 [1/1] (1.45ns)   --->   "store i32 0, i32* %instance_byteIOIndex" [sha3/KeccakSpongeWidth1600.c:240]   --->   Operation 105 'store' <Predicate = (icmp_ln231 & icmp_ln237)> <Delay = 1.45>

State 9 <SV = 4> <Delay = 6.34>
ST_9 : Operation 106 [1/2] (1.75ns)   --->   "%data_0_load = load i8* %data_0_addr, align 1" [sha3/KeccakSpongeWidth1600.c:232]   --->   Operation 106 'load' 'data_0_load' <Predicate = true> <Delay = 1.75> <Core = "RAM">   --->   Core 37 'RAM' <Latency = 1> <II = 1> <Delay = 2.77> <Storage> <Opcode : 'load' 'store'> <Ports = 2> <Width = 8> <Depth = 200> <RAM>
ST_9 : Operation 107 [1/2] (2.77ns)   --->   "%instance_state_load = load i8* %instance_state_addr, align 1" [sha3/KeccakP-1600-reference.c:149->sha3/KeccakSpongeWidth1600.c:232]   --->   Operation 107 'load' 'instance_state_load' <Predicate = true> <Delay = 2.77> <Core = "RAM">   --->   Core 37 'RAM' <Latency = 1> <II = 1> <Delay = 2.77> <Storage> <Opcode : 'load' 'store'> <Ports = 2> <Width = 8> <Depth = 200> <RAM>
ST_9 : Operation 108 [1/1] (0.80ns)   --->   "%xor_ln149 = xor i8 %instance_state_load, %data_0_load" [sha3/KeccakP-1600-reference.c:149->sha3/KeccakSpongeWidth1600.c:232]   --->   Operation 108 'xor' 'xor_ln149' <Predicate = true> <Delay = 0.80> <Core = "LogicGate">   --->   Core 27 'LogicGate' <Latency = 0> <II = 1> <Delay = 0.80> <FuncUnit> <Opcode : 'and' 'or' 'xor'> <InPorts = 2> <OutPorts = 1>
ST_9 : Operation 109 [1/1] (2.77ns)   --->   "store i8 %xor_ln149, i8* %instance_state_addr, align 1" [sha3/KeccakP-1600-reference.c:149->sha3/KeccakSpongeWidth1600.c:232]   --->   Operation 109 'store' <Predicate = true> <Delay = 2.77> <Core = "RAM">   --->   Core 37 'RAM' <Latency = 1> <II = 1> <Delay = 2.77> <Storage> <Opcode : 'load' 'store'> <Ports = 2> <Width = 8> <Depth = 200> <RAM>
ST_9 : Operation 110 [1/1] (0.00ns)   --->   "br label %7" [sha3/KeccakSpongeWidth1600.c:231]   --->   Operation 110 'br' <Predicate = true> <Delay = 0.00>

State 10 <SV = 4> <Delay = 4.34>
ST_10 : Operation 111 [1/2] (0.00ns)   --->   "call fastcc void @KeccakP1600_Permute_([200 x i8]* %instance_state)" [sha3/KeccakSpongeWidth1600.c:238]   --->   Operation 111 'call' <Predicate = (icmp_ln195_1 & icmp_ln237) | (!icmp_ln195 & icmp_ln237)> <Delay = 0.00> <CoreType = "Generic">   --->   Core 0 '' <Latency = 0> <II = 1> <Delay = 1.00> <Generic> <Opcode : >
ST_10 : Operation 112 [1/1] (1.35ns)   --->   "br label %._crit_edge6" [sha3/KeccakSpongeWidth1600.c:240]   --->   Operation 112 'br' <Predicate = (icmp_ln195_1 & icmp_ln237) | (!icmp_ln195 & icmp_ln237)> <Delay = 1.35>
ST_10 : Operation 113 [1/1] (0.00ns)   --->   "%p_1_rec_pn = phi i64 [ %p_1_rec, %6 ], [ %zext_ln229, %10 ], [ %zext_ln229, %.._crit_edge6_crit_edge ]" [sha3/KeccakSpongeWidth1600.c:214]   --->   Operation 113 'phi' 'p_1_rec_pn' <Predicate = true> <Delay = 0.00>
ST_10 : Operation 114 [1/1] (2.99ns)   --->   "%p_2_rec = add i64 %p_1_rec_pn, %p_01_rec" [sha3/KeccakSpongeWidth1600.c:214]   --->   Operation 114 'add' 'p_2_rec' <Predicate = true> <Delay = 2.99> <Core = "AddSub">   --->   Core 14 'AddSub' <Latency = 0> <II = 1> <Delay = 2.99> <FuncUnit> <Opcode : 'add' 'sub'> <InPorts = 2> <OutPorts = 1>
ST_10 : Operation 115 [1/1] (0.00ns)   --->   "br label %.preheader2" [sha3/KeccakSpongeWidth1600.c:242]   --->   Operation 115 'br' <Predicate = true> <Delay = 0.00>


============================================================
+ Verbose Summary: Timing violations
============================================================
Target clock period: 10ns, clock uncertainty: 1.25ns.

 <State 1>: 1.45ns
The critical path consists of the following:
	'alloca' operation ('i') [8]  (0 ns)
	'store' operation ('store_ln194', sha3/KeccakSpongeWidth1600.c:194) of constant 0 on local variable 'i' [12]  (1.45 ns)

 <State 2>: 4.23ns
The critical path consists of the following:
	'load' operation ('i_13_load', sha3/KeccakSpongeWidth1600.c:223) on local variable 'i' [16]  (0 ns)
	'add' operation ('add_ln195', sha3/KeccakSpongeWidth1600.c:195) [26]  (2.14 ns)
	'icmp' operation ('icmp_ln195_1', sha3/KeccakSpongeWidth1600.c:195) [27]  (2.09 ns)

 <State 3>: 3.68ns
The critical path consists of the following:
	'phi' operation ('j') with incoming values : ('zext_ln206', sha3/KeccakSpongeWidth1600.c:206) ('j', sha3/KeccakSpongeWidth1600.c:206) [34]  (0 ns)
	'sub' operation ('sub_ln216', sha3/KeccakSpongeWidth1600.c:216) [68]  (2.23 ns)
	'store' operation ('store_ln220', sha3/KeccakSpongeWidth1600.c:220) of variable 'sub_ln216', sha3/KeccakSpongeWidth1600.c:216 on local variable 'i' [70]  (1.45 ns)

 <State 4>: 4.66ns
The critical path consists of the following:
	'phi' operation ('loop') with incoming values : ('loop', sha3/KeccakSpongeWidth1600.c:211) [41]  (0 ns)
	'add' operation ('add_ln212', sha3/KeccakSpongeWidth1600.c:212) [50]  (0 ns)
	'add' operation ('add_ln212_1', sha3/KeccakSpongeWidth1600.c:212) [52]  (2.91 ns)
	'getelementptr' operation ('data_0_addr_1', sha3/KeccakSpongeWidth1600.c:212) [54]  (0 ns)
	'load' operation ('byte', sha3/KeccakSpongeWidth1600.c:212) on array 'data_0' [55]  (1.75 ns)

 <State 5>: 6.34ns
The critical path consists of the following:
	'load' operation ('instance_state_load_2', sha3/KeccakP-1600-reference.c:149->sha3/KeccakSpongeWidth1600.c:212) on array 'instance_state' [57]  (2.77 ns)
	'xor' operation ('xor_ln149_2', sha3/KeccakP-1600-reference.c:149->sha3/KeccakSpongeWidth1600.c:212) [58]  (0.8 ns)
	'store' operation ('store_ln149', sha3/KeccakP-1600-reference.c:149->sha3/KeccakSpongeWidth1600.c:212) of variable 'xor_ln149_2', sha3/KeccakP-1600-reference.c:149->sha3/KeccakSpongeWidth1600.c:212 on array 'instance_state' [59]  (2.77 ns)

 <State 6>: 3ns
The critical path consists of the following:
	'add' operation ('add_ln214', sha3/KeccakSpongeWidth1600.c:214) [63]  (3 ns)

 <State 7>: 7.29ns
The critical path consists of the following:
	'load' operation ('instance_byteIOIndex_9', sha3/KeccakSpongeWidth1600.c:224) on local variable 'instance.byteIOIndex' [73]  (0 ns)
	'add' operation ('add_ln224', sha3/KeccakSpongeWidth1600.c:224) [77]  (2.18 ns)
	'icmp' operation ('icmp_ln224', sha3/KeccakSpongeWidth1600.c:224) [78]  (2.11 ns)
	'select' operation ('select_ln224', sha3/KeccakSpongeWidth1600.c:224) [80]  (0.773 ns)
	'add' operation ('i', sha3/KeccakSpongeWidth1600.c:229) [83]  (2.23 ns)

 <State 8>: 4.95ns
The critical path consists of the following:
	'phi' operation ('loop') with incoming values : ('loop', sha3/KeccakSpongeWidth1600.c:231) [86]  (0 ns)
	'add' operation ('offset', sha3/KeccakSpongeWidth1600.c:232) [98]  (2.18 ns)
	'getelementptr' operation ('instance_state_addr', sha3/KeccakP-1600-reference.c:149->sha3/KeccakSpongeWidth1600.c:232) [100]  (0 ns)
	'load' operation ('instance_state_load', sha3/KeccakP-1600-reference.c:149->sha3/KeccakSpongeWidth1600.c:232) on array 'instance_state' [101]  (2.77 ns)

 <State 9>: 6.34ns
The critical path consists of the following:
	'load' operation ('instance_state_load', sha3/KeccakP-1600-reference.c:149->sha3/KeccakSpongeWidth1600.c:232) on array 'instance_state' [101]  (2.77 ns)
	'xor' operation ('xor_ln149', sha3/KeccakP-1600-reference.c:149->sha3/KeccakSpongeWidth1600.c:232) [102]  (0.8 ns)
	'store' operation ('store_ln149', sha3/KeccakP-1600-reference.c:149->sha3/KeccakSpongeWidth1600.c:232) of variable 'xor_ln149', sha3/KeccakP-1600-reference.c:149->sha3/KeccakSpongeWidth1600.c:232 on array 'instance_state' [103]  (2.77 ns)

 <State 10>: 4.35ns
The critical path consists of the following:
	multiplexor before 'phi' operation ('p_1_rec_pn', sha3/KeccakSpongeWidth1600.c:214) with incoming values : ('add_ln214', sha3/KeccakSpongeWidth1600.c:214) ('zext_ln229', sha3/KeccakSpongeWidth1600.c:229) [119]  (1.35 ns)
	'phi' operation ('p_1_rec_pn', sha3/KeccakSpongeWidth1600.c:214) with incoming values : ('add_ln214', sha3/KeccakSpongeWidth1600.c:214) ('zext_ln229', sha3/KeccakSpongeWidth1600.c:229) [119]  (0 ns)
	'add' operation ('p_2_rec', sha3/KeccakSpongeWidth1600.c:214) [120]  (3 ns)


============================================================
+ Verbose Summary: Binding
============================================================
N/A
* FSMD analyzer results:
  - Output states:
 - Input state : 
  - Chain level:
	State 1
	State 2
	State 3
	State 4
	State 5
	State 6
	State 7
	State 8
	State 9
	State 10


============================================================
+ Verbose Summary: Datapath Resource usage 
============================================================
N/A
