

================================================================
== Vivado HLS Report for 'KeccakWidth1600_Spon_12'
================================================================
* Date:           Thu May  7 18:01:25 2020

* Version:        2019.2 (Build 2704478 on Wed Nov 06 22:10:23 MST 2019)
* Project:        picnic1
* Solution:       sing_open
* Product family: artix7
* Target device:  xc7a200t-fbg676-2


================================================================
== Performance Estimates
================================================================
+ Timing: 
    * Summary: 
    +--------+----------+----------+------------+
    |  Clock |  Target  | Estimated| Uncertainty|
    +--------+----------+----------+------------+
    |ap_clk  | 10.00 ns | 8.579 ns |   1.25 ns  |
    +--------+----------+----------+------------+

+ Latency: 
    * Summary: 
    +---------+---------+----------+----------+-----+-----+---------+
    |  Latency (cycles) |  Latency (absolute) |  Interval | Pipeline|
    |   min   |   max   |    min   |    max   | min | max |   Type  |
    +---------+---------+----------+----------+-----+-----+---------+
    |        ?|        ?|         ?|         ?|    ?|    ?|   none  |
    +---------+---------+----------+----------+-----+-----+---------+

    + Detail: 
        * Instance: 
        +---------------------------------+-----------------------+---------+---------+----------+----------+-------+-------+---------+
        |                                 |                       |  Latency (cycles) |  Latency (absolute) |    Interval   | Pipeline|
        |             Instance            |         Module        |   min   |   max   |    min   |    max   |  min  |  max  |   Type  |
        +---------------------------------+-----------------------+---------+---------+----------+----------+-------+-------+---------+
        |grp_KeccakP1600_Permute_s_fu_54  |KeccakP1600_Permute_s  |    18584|    18584| 0.186 ms | 0.186 ms |  18584|  18584|   none  |
        +---------------------------------+-----------------------+---------+---------+----------+----------+-------+-------+---------+

        * Loop: 
        +-------------+---------+---------+----------+-----------+-----------+------+----------+
        |             |  Latency (cycles) | Iteration|  Initiation Interval  | Trip |          |
        |  Loop Name  |   min   |   max   |  Latency |  achieved |   target  | Count| Pipelined|
        +-------------+---------+---------+----------+-----------+-----------+------+----------+
        |- Loop 1     |        ?|        ?|         ?|          -|          -|     ?|    no    |
        | + Loop 1.1  |        ?|        ?|         2|          -|          -|     ?|    no    |
        +-------------+---------+---------+----------+-----------+-----------+------+----------+



================================================================
== Utilization Estimates
================================================================
* Summary: 
+-----------------+---------+-------+--------+--------+-----+
|       Name      | BRAM_18K| DSP48E|   FF   |   LUT  | URAM|
+-----------------+---------+-------+--------+--------+-----+
|DSP              |        -|      -|       -|       -|    -|
|Expression       |        -|      -|       0|     309|    -|
|FIFO             |        -|      -|       -|       -|    -|
|Instance         |        8|      -|    1003|    3085|    0|
|Memory           |        -|      -|       -|       -|    -|
|Multiplexer      |        -|      -|       -|     117|    -|
|Register         |        -|      -|     147|       -|    -|
+-----------------+---------+-------+--------+--------+-----+
|Total            |        8|      0|    1150|    3511|    0|
+-----------------+---------+-------+--------+--------+-----+
|Available        |      730|    740|  269200|  134600|    0|
+-----------------+---------+-------+--------+--------+-----+
|Utilization (%)  |        1|      0|   ~0   |       2|    0|
+-----------------+---------+-------+--------+--------+-----+

+ Detail: 
    * Instance: 
    +---------------------------------+-----------------------+---------+-------+------+------+-----+
    |             Instance            |         Module        | BRAM_18K| DSP48E|  FF  |  LUT | URAM|
    +---------------------------------+-----------------------+---------+-------+------+------+-----+
    |grp_KeccakP1600_Permute_s_fu_54  |KeccakP1600_Permute_s  |        8|      0|  1003|  3085|    0|
    +---------------------------------+-----------------------+---------+-------+------+------+-----+
    |Total                            |                       |        8|      0|  1003|  3085|    0|
    +---------------------------------+-----------------------+---------+-------+------+------+-----+

    * DSP48E: 
    N/A

    * Memory: 
    N/A

    * FIFO: 
    N/A

    * Expression: 
    +---------------------------------+----------+-------+---+----+------------+------------+
    |          Variable Name          | Operation| DSP48E| FF| LUT| Bitwidth P0| Bitwidth P1|
    +---------------------------------+----------+-------+---+----+------------+------------+
    |add_ln224_fu_76_p2               |     +    |      0|  0|  39|          32|           1|
    |add_ln232_fu_113_p2              |     +    |      0|  0|  39|          32|          32|
    |add_ln236_fu_124_p2              |     +    |      0|  0|  39|          32|          32|
    |loop_fu_107_p2                   |     +    |      0|  0|  39|          32|           1|
    |partialBlock_fu_88_p2            |     -    |      0|  0|  39|           8|          32|
    |ap_block_state5_on_subcall_done  |    and   |      0|  0|   2|           1|           1|
    |icmp_ln224_fu_82_p2              |   icmp   |      0|  0|  18|          32|           8|
    |icmp_ln231_fu_102_p2             |   icmp   |      0|  0|  18|          32|          32|
    |icmp_ln237_fu_129_p2             |   icmp   |      0|  0|  18|          32|           8|
    |phitmp_fu_146_p2                 |   icmp   |      0|  0|  18|          32|           1|
    |select_ln224_fu_94_p3            |  select  |      0|  0|  32|           1|          32|
    |xor_ln149_fu_140_p2              |    xor   |      0|  0|   8|           8|           8|
    +---------------------------------+----------+-------+---+----+------------+------------+
    |Total                            |          |      0|  0| 309|         274|         188|
    +---------------------------------+----------+-------+---+----+------------+------------+

    * Multiplexer: 
    +------------------------------+----+-----------+-----+-----------+
    |             Name             | LUT| Input Size| Bits| Total Bits|
    +------------------------------+----+-----------+-----+-----------+
    |ap_NS_fsm                     |  33|          6|    1|          6|
    |instance_byteIOIndex_1_fu_20  |   9|          2|   32|         64|
    |instance_state_address0       |  21|          4|    8|         32|
    |instance_state_ce0            |  15|          3|    1|          3|
    |instance_state_d0             |  15|          3|    8|         24|
    |instance_state_we0            |  15|          3|    1|          3|
    |loop_1_reg_43                 |   9|          2|   32|         64|
    +------------------------------+----+-----------+-----+-----------+
    |Total                         | 117|         23|   83|        196|
    +------------------------------+----+-----------+-----+-----------+

    * Register: 
    +----------------------------------------------+----+----+-----+-----------+
    |                     Name                     | FF | LUT| Bits| Const Bits|
    +----------------------------------------------+----+----+-----+-----------+
    |ap_CS_fsm                                     |   5|   0|    5|          0|
    |data_0_read_cast_reg_158                      |   4|   0|    8|          4|
    |grp_KeccakP1600_Permute_s_fu_54_ap_start_reg  |   1|   0|    1|          0|
    |icmp_ln237_reg_183                            |   1|   0|    1|          0|
    |instance_byteIOIndex_1_fu_20                  |  32|   0|   32|          0|
    |instance_state_addr_reg_178                   |   8|   0|    8|          0|
    |loop_1_reg_43                                 |  32|   0|   32|          0|
    |loop_reg_173                                  |  32|   0|   32|          0|
    |select_ln224_reg_163                          |  32|   0|   32|          0|
    +----------------------------------------------+----+----+-----+-----------+
    |Total                                         | 147|   0|  151|          4|
    +----------------------------------------------+----+----+-----+-----------+



================================================================
== Interface
================================================================
* Summary: 
+-------------------------+-----+-----+------------+-------------------------+--------------+
|        RTL Ports        | Dir | Bits|  Protocol  |      Source Object      |    C Type    |
+-------------------------+-----+-----+------------+-------------------------+--------------+
|ap_clk                   |  in |    1| ap_ctrl_hs | KeccakWidth1600_Spon.12 | return value |
|ap_rst                   |  in |    1| ap_ctrl_hs | KeccakWidth1600_Spon.12 | return value |
|ap_start                 |  in |    1| ap_ctrl_hs | KeccakWidth1600_Spon.12 | return value |
|ap_done                  | out |    1| ap_ctrl_hs | KeccakWidth1600_Spon.12 | return value |
|ap_idle                  | out |    1| ap_ctrl_hs | KeccakWidth1600_Spon.12 | return value |
|ap_ready                 | out |    1| ap_ctrl_hs | KeccakWidth1600_Spon.12 | return value |
|ap_return                | out |   32| ap_ctrl_hs | KeccakWidth1600_Spon.12 | return value |
|instance_state_address0  | out |    8|  ap_memory |      instance_state     |     array    |
|instance_state_ce0       | out |    1|  ap_memory |      instance_state     |     array    |
|instance_state_we0       | out |    1|  ap_memory |      instance_state     |     array    |
|instance_state_d0        | out |    8|  ap_memory |      instance_state     |     array    |
|instance_state_q0        |  in |    8|  ap_memory |      instance_state     |     array    |
|data_0_read              |  in |    4|   ap_none  |       data_0_read       |    scalar    |
+-------------------------+-----+-----+------------+-------------------------+--------------+

============================================================
+ Verbose Summary: Synthesis Manager
============================================================
InlineROM: 1
ExposeGlobal: 1
============================================================
+ Verbose Summary: CDFG Model
============================================================
IsTopModel: 0
ResetActiveHigh: 1
IsCombinational: 2
IsDatapathOnly: 2
HasWiredReturn: 1
HasMFsm: 0
HasVarLatency: 1
IsPipeline: 0
IsRtlPipelined: 0
IsInstanceOverlapped: 0
IsDontTouch: 0
HasImplIP: 0
IsGatedGlobalClock: 0


============================================================
+ Verbose Summary: Schedule
============================================================
* Number of FSM states : 5
* Pipeline : 0
* Dataflow Pipeline: 0

* FSM state transitions: 
1 --> 2 
2 --> 3 
3 --> 4 5 
4 --> 3 
5 --> 2 

* FSM state operations: 

State 1 <SV = 0> <Delay = 1.35>
ST_1 : Operation 6 [1/1] (0.00ns)   --->   "%instance_byteIOIndex_1 = alloca i32"   --->   Operation 6 'alloca' 'instance_byteIOIndex_1' <Predicate = true> <Delay = 0.00>
ST_1 : Operation 7 [1/1] (0.00ns)   --->   "%data_0_read_1 = call i4 @_ssdm_op_Read.ap_auto.i4(i4 %data_0_read)"   --->   Operation 7 'read' 'data_0_read_1' <Predicate = true> <Delay = 0.00>
ST_1 : Operation 8 [1/1] (0.00ns)   --->   "%data_0_read_cast = zext i4 %data_0_read_1 to i8"   --->   Operation 8 'zext' 'data_0_read_cast' <Predicate = true> <Delay = 0.00>
ST_1 : Operation 9 [1/1] (1.35ns)   --->   "store i32 0, i32* %instance_byteIOIndex_1" [sha3/KeccakSpongeWidth1600.c:194]   --->   Operation 9 'store' <Predicate = true> <Delay = 1.35>
ST_1 : Operation 10 [1/1] (0.00ns)   --->   "br label %._crit_edge"   --->   Operation 10 'br' <Predicate = true> <Delay = 0.00>

State 2 <SV = 1> <Delay = 5.06>
ST_2 : Operation 11 [1/1] (0.00ns)   --->   "%instance_byteIOIndex = load i32* %instance_byteIOIndex_1" [sha3/KeccakSpongeWidth1600.c:224]   --->   Operation 11 'load' 'instance_byteIOIndex' <Predicate = true> <Delay = 0.00>
ST_2 : Operation 12 [1/1] (2.18ns)   --->   "%add_ln224 = add i32 %instance_byteIOIndex, 1" [sha3/KeccakSpongeWidth1600.c:224]   --->   Operation 12 'add' 'add_ln224' <Predicate = true> <Delay = 2.18> <Core = "AddSub">   --->   Core 14 'AddSub' <Latency = 0> <II = 1> <Delay = 2.18> <FuncUnit> <Opcode : 'add' 'sub'> <InPorts = 2> <OutPorts = 1>
ST_2 : Operation 13 [1/1] (2.11ns)   --->   "%icmp_ln224 = icmp ugt i32 %add_ln224, 168" [sha3/KeccakSpongeWidth1600.c:224]   --->   Operation 13 'icmp' 'icmp_ln224' <Predicate = true> <Delay = 2.11> <Core = "Cmp">   --->   Core 25 'Cmp' <Latency = 0> <II = 1> <Delay = 2.11> <FuncUnit> <Opcode : 'icmp'> <InPorts = 2> <OutPorts = 1>
ST_2 : Operation 14 [1/1] (2.18ns)   --->   "%partialBlock = sub i32 168, %instance_byteIOIndex" [sha3/KeccakSpongeWidth1600.c:225]   --->   Operation 14 'sub' 'partialBlock' <Predicate = true> <Delay = 2.18> <Core = "AddSub">   --->   Core 14 'AddSub' <Latency = 0> <II = 1> <Delay = 2.18> <FuncUnit> <Opcode : 'add' 'sub'> <InPorts = 2> <OutPorts = 1>
ST_2 : Operation 15 [1/1] (0.77ns)   --->   "%select_ln224 = select i1 %icmp_ln224, i32 %partialBlock, i32 1" [sha3/KeccakSpongeWidth1600.c:224]   --->   Operation 15 'select' 'select_ln224' <Predicate = true> <Delay = 0.77> <Core = "Sel">   --->   Core 26 'Sel' <Latency = 0> <II = 1> <Delay = 0.77> <FuncUnit> <Opcode : 'select'> <InPorts = 3> <OutPorts = 1>
ST_2 : Operation 16 [1/1] (1.35ns)   --->   "br label %0" [sha3/KeccakSpongeWidth1600.c:231]   --->   Operation 16 'br' <Predicate = true> <Delay = 1.35>

State 3 <SV = 2> <Delay = 4.95>
ST_3 : Operation 17 [1/1] (0.00ns)   --->   "%loop_1 = phi i32 [ 0, %._crit_edge ], [ %loop, %1 ]"   --->   Operation 17 'phi' 'loop_1' <Predicate = true> <Delay = 0.00>
ST_3 : Operation 18 [1/1] (2.11ns)   --->   "%icmp_ln231 = icmp eq i32 %loop_1, %select_ln224" [sha3/KeccakSpongeWidth1600.c:231]   --->   Operation 18 'icmp' 'icmp_ln231' <Predicate = true> <Delay = 2.11> <Core = "Cmp">   --->   Core 25 'Cmp' <Latency = 0> <II = 1> <Delay = 2.11> <FuncUnit> <Opcode : 'icmp'> <InPorts = 2> <OutPorts = 1>
ST_3 : Operation 19 [1/1] (2.18ns)   --->   "%loop = add nsw i32 %loop_1, 1" [sha3/KeccakSpongeWidth1600.c:231]   --->   Operation 19 'add' 'loop' <Predicate = true> <Delay = 2.18> <Core = "AddSub">   --->   Core 14 'AddSub' <Latency = 0> <II = 1> <Delay = 2.18> <FuncUnit> <Opcode : 'add' 'sub'> <InPorts = 2> <OutPorts = 1>
ST_3 : Operation 20 [1/1] (0.00ns)   --->   "br i1 %icmp_ln231, label %2, label %1" [sha3/KeccakSpongeWidth1600.c:231]   --->   Operation 20 'br' <Predicate = true> <Delay = 0.00>
ST_3 : Operation 21 [1/1] (0.00ns)   --->   "%instance_byteIOIndex_57 = load i32* %instance_byteIOIndex_1" [sha3/KeccakSpongeWidth1600.c:232]   --->   Operation 21 'load' 'instance_byteIOIndex_57' <Predicate = (!icmp_ln231)> <Delay = 0.00>
ST_3 : Operation 22 [1/1] (2.18ns)   --->   "%add_ln232 = add i32 %instance_byteIOIndex_57, %loop_1" [sha3/KeccakSpongeWidth1600.c:232]   --->   Operation 22 'add' 'add_ln232' <Predicate = (!icmp_ln231)> <Delay = 2.18> <Core = "AddSub">   --->   Core 14 'AddSub' <Latency = 0> <II = 1> <Delay = 2.18> <FuncUnit> <Opcode : 'add' 'sub'> <InPorts = 2> <OutPorts = 1>
ST_3 : Operation 23 [1/1] (0.00ns)   --->   "%zext_ln149 = zext i32 %add_ln232 to i64" [sha3/KeccakP-1600-reference.c:149->sha3/KeccakSpongeWidth1600.c:232]   --->   Operation 23 'zext' 'zext_ln149' <Predicate = (!icmp_ln231)> <Delay = 0.00>
ST_3 : Operation 24 [1/1] (0.00ns)   --->   "%instance_state_addr = getelementptr [200 x i8]* %instance_state, i64 0, i64 %zext_ln149" [sha3/KeccakP-1600-reference.c:149->sha3/KeccakSpongeWidth1600.c:232]   --->   Operation 24 'getelementptr' 'instance_state_addr' <Predicate = (!icmp_ln231)> <Delay = 0.00>
ST_3 : Operation 25 [2/2] (2.77ns)   --->   "%instance_state_load = load i8* %instance_state_addr, align 1" [sha3/KeccakP-1600-reference.c:149->sha3/KeccakSpongeWidth1600.c:232]   --->   Operation 25 'load' 'instance_state_load' <Predicate = (!icmp_ln231)> <Delay = 2.77> <Core = "RAM">   --->   Core 37 'RAM' <Latency = 1> <II = 1> <Delay = 2.77> <Storage> <Opcode : 'load' 'store'> <Ports = 2> <Width = 64> <Depth = 25> <RAM>
ST_3 : Operation 26 [1/1] (0.00ns)   --->   "%instance_byteIOIndex_58 = load i32* %instance_byteIOIndex_1" [sha3/KeccakSpongeWidth1600.c:236]   --->   Operation 26 'load' 'instance_byteIOIndex_58' <Predicate = (icmp_ln231)> <Delay = 0.00>
ST_3 : Operation 27 [1/1] (2.18ns)   --->   "%add_ln236 = add i32 %select_ln224, %instance_byteIOIndex_58" [sha3/KeccakSpongeWidth1600.c:236]   --->   Operation 27 'add' 'add_ln236' <Predicate = (icmp_ln231)> <Delay = 2.18> <Core = "AddSub">   --->   Core 14 'AddSub' <Latency = 0> <II = 1> <Delay = 2.18> <FuncUnit> <Opcode : 'add' 'sub'> <InPorts = 2> <OutPorts = 1>
ST_3 : Operation 28 [1/1] (2.11ns)   --->   "%icmp_ln237 = icmp eq i32 %add_ln236, 168" [sha3/KeccakSpongeWidth1600.c:237]   --->   Operation 28 'icmp' 'icmp_ln237' <Predicate = (icmp_ln231)> <Delay = 2.11> <Core = "Cmp">   --->   Core 25 'Cmp' <Latency = 0> <II = 1> <Delay = 2.11> <FuncUnit> <Opcode : 'icmp'> <InPorts = 2> <OutPorts = 1>
ST_3 : Operation 29 [1/1] (0.00ns)   --->   "br i1 %icmp_ln237, label %3, label %..preheader2.backedge_crit_edge" [sha3/KeccakSpongeWidth1600.c:237]   --->   Operation 29 'br' <Predicate = (icmp_ln231)> <Delay = 0.00>
ST_3 : Operation 30 [1/1] (1.35ns)   --->   "store i32 %add_ln236, i32* %instance_byteIOIndex_1" [sha3/KeccakSpongeWidth1600.c:237]   --->   Operation 30 'store' <Predicate = (icmp_ln231 & !icmp_ln237)> <Delay = 1.35>
ST_3 : Operation 31 [1/1] (0.00ns)   --->   "br label %.preheader2.backedge" [sha3/KeccakSpongeWidth1600.c:237]   --->   Operation 31 'br' <Predicate = (icmp_ln231 & !icmp_ln237)> <Delay = 0.00>
ST_3 : Operation 32 [2/2] (0.00ns)   --->   "call fastcc void @KeccakP1600_Permute_([200 x i8]* %instance_state)" [sha3/KeccakSpongeWidth1600.c:238]   --->   Operation 32 'call' <Predicate = (icmp_ln231 & icmp_ln237)> <Delay = 0.00> <CoreType = "Generic">   --->   Core 0 '' <Latency = 0> <II = 1> <Delay = 1.00> <Generic> <Opcode : >
ST_3 : Operation 33 [1/1] (1.35ns)   --->   "store i32 0, i32* %instance_byteIOIndex_1" [sha3/KeccakSpongeWidth1600.c:240]   --->   Operation 33 'store' <Predicate = (icmp_ln231 & icmp_ln237)> <Delay = 1.35>

State 4 <SV = 3> <Delay = 6.34>
ST_4 : Operation 34 [1/2] (2.77ns)   --->   "%instance_state_load = load i8* %instance_state_addr, align 1" [sha3/KeccakP-1600-reference.c:149->sha3/KeccakSpongeWidth1600.c:232]   --->   Operation 34 'load' 'instance_state_load' <Predicate = true> <Delay = 2.77> <Core = "RAM">   --->   Core 37 'RAM' <Latency = 1> <II = 1> <Delay = 2.77> <Storage> <Opcode : 'load' 'store'> <Ports = 2> <Width = 64> <Depth = 25> <RAM>
ST_4 : Operation 35 [1/1] (0.80ns)   --->   "%xor_ln149 = xor i8 %instance_state_load, %data_0_read_cast" [sha3/KeccakP-1600-reference.c:149->sha3/KeccakSpongeWidth1600.c:232]   --->   Operation 35 'xor' 'xor_ln149' <Predicate = true> <Delay = 0.80> <Core = "LogicGate">   --->   Core 27 'LogicGate' <Latency = 0> <II = 1> <Delay = 0.80> <FuncUnit> <Opcode : 'and' 'or' 'xor'> <InPorts = 2> <OutPorts = 1>
ST_4 : Operation 36 [1/1] (2.77ns)   --->   "store i8 %xor_ln149, i8* %instance_state_addr, align 1" [sha3/KeccakP-1600-reference.c:149->sha3/KeccakSpongeWidth1600.c:232]   --->   Operation 36 'store' <Predicate = true> <Delay = 2.77> <Core = "RAM">   --->   Core 37 'RAM' <Latency = 1> <II = 1> <Delay = 2.77> <Storage> <Opcode : 'load' 'store'> <Ports = 2> <Width = 64> <Depth = 25> <RAM>
ST_4 : Operation 37 [1/1] (0.00ns)   --->   "br label %0" [sha3/KeccakSpongeWidth1600.c:231]   --->   Operation 37 'br' <Predicate = true> <Delay = 0.00>

State 5 <SV = 3> <Delay = 2.11>
ST_5 : Operation 38 [1/2] (0.00ns)   --->   "call fastcc void @KeccakP1600_Permute_([200 x i8]* %instance_state)" [sha3/KeccakSpongeWidth1600.c:238]   --->   Operation 38 'call' <Predicate = (icmp_ln237)> <Delay = 0.00> <CoreType = "Generic">   --->   Core 0 '' <Latency = 0> <II = 1> <Delay = 1.00> <Generic> <Opcode : >
ST_5 : Operation 39 [1/1] (0.00ns)   --->   "br label %.preheader2.backedge" [sha3/KeccakSpongeWidth1600.c:240]   --->   Operation 39 'br' <Predicate = (icmp_ln237)> <Delay = 0.00>
ST_5 : Operation 40 [1/1] (2.11ns)   --->   "%phitmp = icmp eq i32 %select_ln224, 0" [sha3/KeccakSpongeWidth1600.c:224]   --->   Operation 40 'icmp' 'phitmp' <Predicate = true> <Delay = 2.11> <Core = "Cmp">   --->   Core 25 'Cmp' <Latency = 0> <II = 1> <Delay = 2.11> <FuncUnit> <Opcode : 'icmp'> <InPorts = 2> <OutPorts = 1>
ST_5 : Operation 41 [1/1] (0.00ns)   --->   "br i1 %phitmp, label %._crit_edge, label %.loopexit" [sha3/KeccakSpongeWidth1600.c:194]   --->   Operation 41 'br' <Predicate = true> <Delay = 0.00>
ST_5 : Operation 42 [1/1] (0.00ns)   --->   "%instance_byteIOIndex_59 = load i32* %instance_byteIOIndex_1"   --->   Operation 42 'load' 'instance_byteIOIndex_59' <Predicate = (!phitmp)> <Delay = 0.00>
ST_5 : Operation 43 [1/1] (0.00ns)   --->   "ret i32 %instance_byteIOIndex_59"   --->   Operation 43 'ret' <Predicate = (!phitmp)> <Delay = 0.00>


============================================================
+ Verbose Summary: Binding
============================================================
STG Binding: 
---------------- STG Properties BEGIN ----------------
- Is combinational: 0
- Is one-state seq: 0
- Is datapath-only: 0
- Is pipelined: 0
- Is top level: 0
Port [ Return ] is wired: 1; IO mode=ap_ctrl_hs:ce=0
Port [ instance_state]:  wired=1; compound=1; hidden=0; nouse=0; global=0; static=0; extern=0; dir=2; type=1; pingpong=0; private_global=0; MemPort=[23]; IO mode=ap_memory:ce=0
Port [ data_0_read]:  wired=1; compound=0; hidden=0; nouse=0; global=0; static=0; extern=0; dir=0; type=0; pingpong=0; private_global=0; IO mode=ap_none:ce=0
Port [ KeccakRhoOffsets]:  wired=0; compound=1; hidden=1; nouse=1; global=1; static=1; extern=0; dir=0; type=1; pingpong=0; private_global=0; linkage=7; visibility=0; MemPort=[1]; IO mode=ap_memory:ce=0
Port [ KeccakRoundConstants]:  wired=0; compound=1; hidden=1; nouse=1; global=1; static=1; extern=0; dir=0; type=1; pingpong=0; private_global=0; linkage=7; visibility=0; MemPort=[1]; IO mode=ap_memory:ce=0
---------------- STG Properties END ------------------

---------------- Datapath Model BEGIN ----------------

<LifeTime>
<method=bitvector/>
instance_byteIOIndex_1  (alloca       ) [ 011111]
data_0_read_1           (read         ) [ 000000]
data_0_read_cast        (zext         ) [ 001111]
store_ln194             (store        ) [ 000000]
br_ln0                  (br           ) [ 000000]
instance_byteIOIndex    (load         ) [ 000000]
add_ln224               (add          ) [ 000000]
icmp_ln224              (icmp         ) [ 000000]
partialBlock            (sub          ) [ 000000]
select_ln224            (select       ) [ 000111]
br_ln231                (br           ) [ 001111]
loop_1                  (phi          ) [ 000100]
icmp_ln231              (icmp         ) [ 001111]
loop                    (add          ) [ 001111]
br_ln231                (br           ) [ 000000]
instance_byteIOIndex_57 (load         ) [ 000000]
add_ln232               (add          ) [ 000000]
zext_ln149              (zext         ) [ 000000]
instance_state_addr     (getelementptr) [ 000010]
instance_byteIOIndex_58 (load         ) [ 000000]
add_ln236               (add          ) [ 000000]
icmp_ln237              (icmp         ) [ 001111]
br_ln237                (br           ) [ 000000]
store_ln237             (store        ) [ 000000]
br_ln237                (br           ) [ 000000]
store_ln240             (store        ) [ 000000]
instance_state_load     (load         ) [ 000000]
xor_ln149               (xor          ) [ 000000]
store_ln149             (store        ) [ 000000]
br_ln231                (br           ) [ 001111]
call_ln238              (call         ) [ 000000]
br_ln240                (br           ) [ 000000]
phitmp                  (icmp         ) [ 001111]
br_ln194                (br           ) [ 000000]
instance_byteIOIndex_59 (load         ) [ 000000]
ret_ln0                 (ret          ) [ 000000]
</LifeTime>

<model>

<comp_list>
<comp id="0" class="1000" name="instance_state">
<pin_list>
<pin id="1" dir="1" index="0" bw="1" slack="0"/>
</pin_list>
<bind>
<StgValue><ssdm name="instance_state"/><MemPortTyVec>2 3 </MemPortTyVec>
</StgValue>
</bind>
</comp>

<comp id="2" class="1000" name="data_0_read">
<pin_list>
<pin id="3" dir="1" index="0" bw="1" slack="0"/>
</pin_list>
<bind>
<StgValue><ssdm name="data_0_read"/></StgValue>
</bind>
</comp>

<comp id="4" class="1000" name="KeccakRhoOffsets">
<pin_list>
<pin id="5" dir="1" index="0" bw="1" slack="0"/>
</pin_list>
<bind>
<StgValue><ssdm name="KeccakRhoOffsets"/><MemPortTyVec>1 </MemPortTyVec>
</StgValue>
</bind>
</comp>

<comp id="6" class="1000" name="KeccakRoundConstants">
<pin_list>
<pin id="7" dir="1" index="0" bw="1" slack="0"/>
</pin_list>
<bind>
<StgValue><ssdm name="KeccakRoundConstants"/><MemPortTyVec>1 </MemPortTyVec>
</StgValue>
</bind>
</comp>

<comp id="8" class="1001" name="const_8">
<pin_list>
<pin id="9" dir="1" index="0" bw="1" slack="0"/>
</pin_list>
<bind>
<StgValue><ssdm name=""/></StgValue>
</bind>
</comp>

<comp id="10" class="1001" name="const_10">
<pin_list>
<pin id="11" dir="1" index="0" bw="1" slack="0"/>
</pin_list>
<bind>
<StgValue><ssdm name="_ssdm_op_Read.ap_auto.i4"/></StgValue>
</bind>
</comp>

<comp id="12" class="1001" name="const_12">
<pin_list>
<pin id="13" dir="1" index="0" bw="1" slack="0"/>
</pin_list>
<bind>
<StgValue><ssdm name=""/></StgValue>
</bind>
</comp>

<comp id="14" class="1001" name="const_14">
<pin_list>
<pin id="15" dir="1" index="0" bw="1" slack="0"/>
</pin_list>
<bind>
<StgValue><ssdm name=""/></StgValue>
</bind>
</comp>

<comp id="16" class="1001" name="const_16">
<pin_list>
<pin id="17" dir="1" index="0" bw="1" slack="0"/>
</pin_list>
<bind>
<StgValue><ssdm name=""/></StgValue>
</bind>
</comp>

<comp id="18" class="1001" name="const_18">
<pin_list>
<pin id="19" dir="1" index="0" bw="1" slack="0"/>
</pin_list>
<bind>
<StgValue><ssdm name="KeccakP1600_Permute_"/></StgValue>
</bind>
</comp>

<comp id="20" class="1004" name="instance_byteIOIndex_1_fu_20">
<pin_list>
<pin id="21" dir="0" index="0" bw="1" slack="0"/>
<pin id="22" dir="1" index="1" bw="32" slack="0"/>
</pin_list>
<bind>
<opcode="alloca(26) " fcode="alloca"/>
<opset="instance_byteIOIndex_1/1 "/>
</bind>
</comp>

<comp id="24" class="1004" name="data_0_read_1_read_fu_24">
<pin_list>
<pin id="25" dir="0" index="0" bw="4" slack="0"/>
<pin id="26" dir="0" index="1" bw="4" slack="0"/>
<pin id="27" dir="1" index="2" bw="4" slack="0"/>
</pin_list>
<bind>
<opcode="read(1150) " fcode="read"/>
<opset="data_0_read_1/1 "/>
</bind>
</comp>

<comp id="30" class="1004" name="instance_state_addr_gep_fu_30">
<pin_list>
<pin id="31" dir="0" index="0" bw="8" slack="0"/>
<pin id="32" dir="0" index="1" bw="1" slack="0"/>
<pin id="33" dir="0" index="2" bw="32" slack="0"/>
<pin id="34" dir="1" index="3" bw="8" slack="0"/>
</pin_list>
<bind>
<opcode="getelementptr(29) " fcode="getelementptr"/>
<opset="instance_state_addr/3 "/>
</bind>
</comp>

<comp id="37" class="1004" name="grp_access_fu_37">
<pin_list>
<pin id="38" dir="0" index="0" bw="8" slack="0"/>
<pin id="39" dir="0" index="1" bw="8" slack="0"/>
<pin id="40" dir="0" index="2" bw="0" slack="2147483647"/>
<pin id="41" dir="1" index="3" bw="8" slack="0"/>
</pin_list>
<bind>
<opcode="load(27) store(28) " fcode="store"/>
<opset="instance_state_load/3 store_ln149/4 "/>
</bind>
</comp>

<comp id="43" class="1005" name="loop_1_reg_43">
<pin_list>
<pin id="44" dir="0" index="0" bw="32" slack="1"/>
<pin id="45" dir="1" index="1" bw="32" slack="1"/>
</pin_list>
<bind>
<opset="loop_1 (phireg) "/>
</bind>
</comp>

<comp id="47" class="1004" name="loop_1_phi_fu_47">
<pin_list>
<pin id="48" dir="0" index="0" bw="1" slack="1"/>
<pin id="49" dir="0" index="1" bw="0" slack="2147483647"/>
<pin id="50" dir="0" index="2" bw="32" slack="0"/>
<pin id="51" dir="0" index="3" bw="0" slack="2147483647"/>
<pin id="52" dir="1" index="4" bw="32" slack="0"/>
</pin_list>
<bind>
<opcode="phi(47) " fcode="phi"/>
<opset="loop_1/3 "/>
</bind>
</comp>

<comp id="54" class="1004" name="grp_KeccakP1600_Permute_s_fu_54">
<pin_list>
<pin id="55" dir="0" index="0" bw="0" slack="0"/>
<pin id="56" dir="0" index="1" bw="8" slack="0"/>
<pin id="57" dir="0" index="2" bw="6" slack="0"/>
<pin id="58" dir="0" index="3" bw="64" slack="0"/>
<pin id="59" dir="1" index="4" bw="0" slack="2147483647"/>
</pin_list>
<bind>
<opcode="call(48) " fcode="call"/>
<opset="call_ln238/3 "/>
</bind>
</comp>

<comp id="64" class="1004" name="grp_store_fu_64">
<pin_list>
<pin id="65" dir="0" index="0" bw="1" slack="0"/>
<pin id="66" dir="0" index="1" bw="32" slack="0"/>
<pin id="67" dir="1" index="2" bw="0" slack="2147483647"/>
</pin_list>
<bind>
<opcode="store(28) " fcode="store"/>
<opset="store_ln194/1 store_ln240/3 "/>
</bind>
</comp>

<comp id="69" class="1004" name="grp_load_fu_69">
<pin_list>
<pin id="70" dir="0" index="0" bw="32" slack="1"/>
<pin id="71" dir="1" index="1" bw="32" slack="0"/>
</pin_list>
<bind>
<opcode="load(27) " fcode="load"/>
<opset="instance_byteIOIndex/2 instance_byteIOIndex_57/3 instance_byteIOIndex_58/3 instance_byteIOIndex_59/5 "/>
</bind>
</comp>

<comp id="72" class="1004" name="data_0_read_cast_fu_72">
<pin_list>
<pin id="73" dir="0" index="0" bw="4" slack="0"/>
<pin id="74" dir="1" index="1" bw="8" slack="3"/>
</pin_list>
<bind>
<opcode="zext(34) " fcode="zext"/>
<opset="data_0_read_cast/1 "/>
</bind>
</comp>

<comp id="76" class="1004" name="add_ln224_fu_76">
<pin_list>
<pin id="77" dir="0" index="0" bw="32" slack="0"/>
<pin id="78" dir="0" index="1" bw="1" slack="0"/>
<pin id="79" dir="1" index="2" bw="32" slack="0"/>
</pin_list>
<bind>
<opcode="add(8) " fcode="add"/>
<opset="add_ln224/2 "/>
</bind>
</comp>

<comp id="82" class="1004" name="icmp_ln224_fu_82">
<pin_list>
<pin id="83" dir="0" index="0" bw="32" slack="0"/>
<pin id="84" dir="0" index="1" bw="32" slack="0"/>
<pin id="85" dir="1" index="2" bw="1" slack="0"/>
</pin_list>
<bind>
<opcode="icmp(45) " fcode="icmp"/>
<opset="icmp_ln224/2 "/>
</bind>
</comp>

<comp id="88" class="1004" name="partialBlock_fu_88">
<pin_list>
<pin id="89" dir="0" index="0" bw="9" slack="0"/>
<pin id="90" dir="0" index="1" bw="32" slack="0"/>
<pin id="91" dir="1" index="2" bw="32" slack="0"/>
</pin_list>
<bind>
<opcode="sub(10) " fcode="sub"/>
<opset="partialBlock/2 "/>
</bind>
</comp>

<comp id="94" class="1004" name="select_ln224_fu_94">
<pin_list>
<pin id="95" dir="0" index="0" bw="1" slack="0"/>
<pin id="96" dir="0" index="1" bw="32" slack="0"/>
<pin id="97" dir="0" index="2" bw="32" slack="0"/>
<pin id="98" dir="1" index="3" bw="32" slack="1"/>
</pin_list>
<bind>
<opcode="select(49) " fcode="select"/>
<opset="select_ln224/2 "/>
</bind>
</comp>

<comp id="102" class="1004" name="icmp_ln231_fu_102">
<pin_list>
<pin id="103" dir="0" index="0" bw="32" slack="0"/>
<pin id="104" dir="0" index="1" bw="32" slack="1"/>
<pin id="105" dir="1" index="2" bw="1" slack="2147483647"/>
</pin_list>
<bind>
<opcode="icmp(45) " fcode="icmp"/>
<opset="icmp_ln231/3 "/>
</bind>
</comp>

<comp id="107" class="1004" name="loop_fu_107">
<pin_list>
<pin id="108" dir="0" index="0" bw="32" slack="0"/>
<pin id="109" dir="0" index="1" bw="1" slack="0"/>
<pin id="110" dir="1" index="2" bw="32" slack="0"/>
</pin_list>
<bind>
<opcode="add(8) " fcode="add"/>
<opset="loop/3 "/>
</bind>
</comp>

<comp id="113" class="1004" name="add_ln232_fu_113">
<pin_list>
<pin id="114" dir="0" index="0" bw="32" slack="0"/>
<pin id="115" dir="0" index="1" bw="32" slack="0"/>
<pin id="116" dir="1" index="2" bw="32" slack="0"/>
</pin_list>
<bind>
<opcode="add(8) " fcode="add"/>
<opset="add_ln232/3 "/>
</bind>
</comp>

<comp id="119" class="1004" name="zext_ln149_fu_119">
<pin_list>
<pin id="120" dir="0" index="0" bw="32" slack="0"/>
<pin id="121" dir="1" index="1" bw="64" slack="0"/>
</pin_list>
<bind>
<opcode="zext(34) " fcode="zext"/>
<opset="zext_ln149/3 "/>
</bind>
</comp>

<comp id="124" class="1004" name="add_ln236_fu_124">
<pin_list>
<pin id="125" dir="0" index="0" bw="32" slack="1"/>
<pin id="126" dir="0" index="1" bw="32" slack="0"/>
<pin id="127" dir="1" index="2" bw="32" slack="0"/>
</pin_list>
<bind>
<opcode="add(8) " fcode="add"/>
<opset="add_ln236/3 "/>
</bind>
</comp>

<comp id="129" class="1004" name="icmp_ln237_fu_129">
<pin_list>
<pin id="130" dir="0" index="0" bw="32" slack="0"/>
<pin id="131" dir="0" index="1" bw="32" slack="0"/>
<pin id="132" dir="1" index="2" bw="1" slack="1"/>
</pin_list>
<bind>
<opcode="icmp(45) " fcode="icmp"/>
<opset="icmp_ln237/3 "/>
</bind>
</comp>

<comp id="135" class="1004" name="store_ln237_store_fu_135">
<pin_list>
<pin id="136" dir="0" index="0" bw="32" slack="0"/>
<pin id="137" dir="0" index="1" bw="32" slack="2"/>
<pin id="138" dir="1" index="2" bw="0" slack="2147483647"/>
</pin_list>
<bind>
<opcode="store(28) " fcode="store"/>
<opset="store_ln237/3 "/>
</bind>
</comp>

<comp id="140" class="1004" name="xor_ln149_fu_140">
<pin_list>
<pin id="141" dir="0" index="0" bw="8" slack="0"/>
<pin id="142" dir="0" index="1" bw="8" slack="3"/>
<pin id="143" dir="1" index="2" bw="8" slack="0"/>
</pin_list>
<bind>
<opcode="xor(25) " fcode="xor"/>
<opset="xor_ln149/4 "/>
</bind>
</comp>

<comp id="146" class="1004" name="phitmp_fu_146">
<pin_list>
<pin id="147" dir="0" index="0" bw="32" slack="2"/>
<pin id="148" dir="0" index="1" bw="32" slack="0"/>
<pin id="149" dir="1" index="2" bw="1" slack="2147483647"/>
</pin_list>
<bind>
<opcode="icmp(45) " fcode="icmp"/>
<opset="phitmp/5 "/>
</bind>
</comp>

<comp id="151" class="1005" name="instance_byteIOIndex_1_reg_151">
<pin_list>
<pin id="152" dir="0" index="0" bw="32" slack="0"/>
<pin id="153" dir="1" index="1" bw="32" slack="0"/>
</pin_list>
<bind>
<opset="instance_byteIOIndex_1 "/>
</bind>
</comp>

<comp id="158" class="1005" name="data_0_read_cast_reg_158">
<pin_list>
<pin id="159" dir="0" index="0" bw="8" slack="3"/>
<pin id="160" dir="1" index="1" bw="8" slack="3"/>
</pin_list>
<bind>
<opset="data_0_read_cast "/>
</bind>
</comp>

<comp id="163" class="1005" name="select_ln224_reg_163">
<pin_list>
<pin id="164" dir="0" index="0" bw="32" slack="1"/>
<pin id="165" dir="1" index="1" bw="32" slack="1"/>
</pin_list>
<bind>
<opset="select_ln224 "/>
</bind>
</comp>

<comp id="173" class="1005" name="loop_reg_173">
<pin_list>
<pin id="174" dir="0" index="0" bw="32" slack="0"/>
<pin id="175" dir="1" index="1" bw="32" slack="0"/>
</pin_list>
<bind>
<opset="loop "/>
</bind>
</comp>

<comp id="178" class="1005" name="instance_state_addr_reg_178">
<pin_list>
<pin id="179" dir="0" index="0" bw="8" slack="1"/>
<pin id="180" dir="1" index="1" bw="8" slack="1"/>
</pin_list>
<bind>
<opset="instance_state_addr "/>
</bind>
</comp>

<comp id="183" class="1005" name="icmp_ln237_reg_183">
<pin_list>
<pin id="184" dir="0" index="0" bw="1" slack="1"/>
<pin id="185" dir="1" index="1" bw="1" slack="2147483647"/>
</pin_list>
<bind>
<opset="icmp_ln237 "/>
</bind>
</comp>

</comp_list>

<net_list>
<net id="23"><net_src comp="8" pin="0"/><net_sink comp="20" pin=0"/></net>

<net id="28"><net_src comp="10" pin="0"/><net_sink comp="24" pin=0"/></net>

<net id="29"><net_src comp="2" pin="0"/><net_sink comp="24" pin=1"/></net>

<net id="35"><net_src comp="0" pin="0"/><net_sink comp="30" pin=0"/></net>

<net id="36"><net_src comp="16" pin="0"/><net_sink comp="30" pin=1"/></net>

<net id="42"><net_src comp="30" pin="3"/><net_sink comp="37" pin=0"/></net>

<net id="46"><net_src comp="12" pin="0"/><net_sink comp="43" pin=0"/></net>

<net id="53"><net_src comp="43" pin="1"/><net_sink comp="47" pin=0"/></net>

<net id="60"><net_src comp="18" pin="0"/><net_sink comp="54" pin=0"/></net>

<net id="61"><net_src comp="0" pin="0"/><net_sink comp="54" pin=1"/></net>

<net id="62"><net_src comp="4" pin="0"/><net_sink comp="54" pin=2"/></net>

<net id="63"><net_src comp="6" pin="0"/><net_sink comp="54" pin=3"/></net>

<net id="68"><net_src comp="12" pin="0"/><net_sink comp="64" pin=0"/></net>

<net id="75"><net_src comp="24" pin="2"/><net_sink comp="72" pin=0"/></net>

<net id="80"><net_src comp="69" pin="1"/><net_sink comp="76" pin=0"/></net>

<net id="81"><net_src comp="8" pin="0"/><net_sink comp="76" pin=1"/></net>

<net id="86"><net_src comp="76" pin="2"/><net_sink comp="82" pin=0"/></net>

<net id="87"><net_src comp="14" pin="0"/><net_sink comp="82" pin=1"/></net>

<net id="92"><net_src comp="14" pin="0"/><net_sink comp="88" pin=0"/></net>

<net id="93"><net_src comp="69" pin="1"/><net_sink comp="88" pin=1"/></net>

<net id="99"><net_src comp="82" pin="2"/><net_sink comp="94" pin=0"/></net>

<net id="100"><net_src comp="88" pin="2"/><net_sink comp="94" pin=1"/></net>

<net id="101"><net_src comp="8" pin="0"/><net_sink comp="94" pin=2"/></net>

<net id="106"><net_src comp="47" pin="4"/><net_sink comp="102" pin=0"/></net>

<net id="111"><net_src comp="47" pin="4"/><net_sink comp="107" pin=0"/></net>

<net id="112"><net_src comp="8" pin="0"/><net_sink comp="107" pin=1"/></net>

<net id="117"><net_src comp="69" pin="1"/><net_sink comp="113" pin=0"/></net>

<net id="118"><net_src comp="47" pin="4"/><net_sink comp="113" pin=1"/></net>

<net id="122"><net_src comp="113" pin="2"/><net_sink comp="119" pin=0"/></net>

<net id="123"><net_src comp="119" pin="1"/><net_sink comp="30" pin=2"/></net>

<net id="128"><net_src comp="69" pin="1"/><net_sink comp="124" pin=1"/></net>

<net id="133"><net_src comp="124" pin="2"/><net_sink comp="129" pin=0"/></net>

<net id="134"><net_src comp="14" pin="0"/><net_sink comp="129" pin=1"/></net>

<net id="139"><net_src comp="124" pin="2"/><net_sink comp="135" pin=0"/></net>

<net id="144"><net_src comp="37" pin="3"/><net_sink comp="140" pin=0"/></net>

<net id="145"><net_src comp="140" pin="2"/><net_sink comp="37" pin=1"/></net>

<net id="150"><net_src comp="12" pin="0"/><net_sink comp="146" pin=1"/></net>

<net id="154"><net_src comp="20" pin="1"/><net_sink comp="151" pin=0"/></net>

<net id="155"><net_src comp="151" pin="1"/><net_sink comp="64" pin=1"/></net>

<net id="156"><net_src comp="151" pin="1"/><net_sink comp="69" pin=0"/></net>

<net id="157"><net_src comp="151" pin="1"/><net_sink comp="135" pin=1"/></net>

<net id="161"><net_src comp="72" pin="1"/><net_sink comp="158" pin=0"/></net>

<net id="162"><net_src comp="158" pin="1"/><net_sink comp="140" pin=1"/></net>

<net id="166"><net_src comp="94" pin="3"/><net_sink comp="163" pin=0"/></net>

<net id="167"><net_src comp="163" pin="1"/><net_sink comp="102" pin=1"/></net>

<net id="168"><net_src comp="163" pin="1"/><net_sink comp="124" pin=0"/></net>

<net id="169"><net_src comp="163" pin="1"/><net_sink comp="146" pin=0"/></net>

<net id="176"><net_src comp="107" pin="2"/><net_sink comp="173" pin=0"/></net>

<net id="177"><net_src comp="173" pin="1"/><net_sink comp="47" pin=2"/></net>

<net id="181"><net_src comp="30" pin="3"/><net_sink comp="178" pin=0"/></net>

<net id="182"><net_src comp="178" pin="1"/><net_sink comp="37" pin=0"/></net>

<net id="186"><net_src comp="129" pin="2"/><net_sink comp="183" pin=0"/></net>

</net_list>

</model> 
---------------- Datapath Model END ------------------

* FSMD analyzer results:
  - Output states:
	Port: instance_state | {3 4 5 }
	Port: KeccakRhoOffsets | {}
	Port: KeccakRoundConstants | {}
 - Input state : 
	Port: KeccakWidth1600_Spon.12 : instance_state | {3 4 5 }
	Port: KeccakWidth1600_Spon.12 : data_0_read | {1 }
	Port: KeccakWidth1600_Spon.12 : KeccakRhoOffsets | {3 5 }
	Port: KeccakWidth1600_Spon.12 : KeccakRoundConstants | {3 5 }
  - Chain level:
	State 1
		store_ln194 : 1
	State 2
		add_ln224 : 1
		icmp_ln224 : 2
		partialBlock : 1
		select_ln224 : 3
	State 3
		icmp_ln231 : 1
		loop : 1
		br_ln231 : 2
		add_ln232 : 1
		zext_ln149 : 2
		instance_state_addr : 3
		instance_state_load : 4
		add_ln236 : 1
		icmp_ln237 : 2
		br_ln237 : 3
		store_ln237 : 2
	State 4
		xor_ln149 : 1
		store_ln149 : 1
	State 5
		br_ln194 : 1
		ret_ln0 : 1


============================================================
+ Verbose Summary: Datapath Resource usage 
============================================================

* Functional unit list:
|----------|---------------------------------|---------|---------|---------|---------|---------|
| Operation|         Functional Unit         |   BRAM  |  Delay  |    FF   |   LUT   |   URAM  |
|----------|---------------------------------|---------|---------|---------|---------|---------|
|   call   | grp_KeccakP1600_Permute_s_fu_54 |    6    |  34.028 |   1100  |   2420  |    0    |
|----------|---------------------------------|---------|---------|---------|---------|---------|
|          |         add_ln224_fu_76         |    0    |    0    |    0    |    39   |    0    |
|    add   |           loop_fu_107           |    0    |    0    |    0    |    39   |    0    |
|          |         add_ln232_fu_113        |    0    |    0    |    0    |    39   |    0    |
|          |         add_ln236_fu_124        |    0    |    0    |    0    |    39   |    0    |
|----------|---------------------------------|---------|---------|---------|---------|---------|
|          |         icmp_ln224_fu_82        |    0    |    0    |    0    |    18   |    0    |
|   icmp   |        icmp_ln231_fu_102        |    0    |    0    |    0    |    18   |    0    |
|          |        icmp_ln237_fu_129        |    0    |    0    |    0    |    18   |    0    |
|          |          phitmp_fu_146          |    0    |    0    |    0    |    18   |    0    |
|----------|---------------------------------|---------|---------|---------|---------|---------|
|    sub   |        partialBlock_fu_88       |    0    |    0    |    0    |    39   |    0    |
|----------|---------------------------------|---------|---------|---------|---------|---------|
|  select  |        select_ln224_fu_94       |    0    |    0    |    0    |    32   |    0    |
|----------|---------------------------------|---------|---------|---------|---------|---------|
|    xor   |         xor_ln149_fu_140        |    0    |    0    |    0    |    8    |    0    |
|----------|---------------------------------|---------|---------|---------|---------|---------|
|   read   |     data_0_read_1_read_fu_24    |    0    |    0    |    0    |    0    |    0    |
|----------|---------------------------------|---------|---------|---------|---------|---------|
|   zext   |      data_0_read_cast_fu_72     |    0    |    0    |    0    |    0    |    0    |
|          |        zext_ln149_fu_119        |    0    |    0    |    0    |    0    |    0    |
|----------|---------------------------------|---------|---------|---------|---------|---------|
|   Total  |                                 |    6    |  34.028 |   1100  |   2727  |    0    |
|----------|---------------------------------|---------|---------|---------|---------|---------|

Memories:
N/A

* Register list:
+------------------------------+--------+
|                              |   FF   |
+------------------------------+--------+
|   data_0_read_cast_reg_158   |    8   |
|      icmp_ln237_reg_183      |    1   |
|instance_byteIOIndex_1_reg_151|   32   |
|  instance_state_addr_reg_178 |    8   |
|         loop_1_reg_43        |   32   |
|         loop_reg_173         |   32   |
|     select_ln224_reg_163     |   32   |
+------------------------------+--------+
|             Total            |   145  |
+------------------------------+--------+

* Multiplexer (MUX) list: 
|------------------|------|------|------|--------||---------||---------|
|       Comp       |  Pin | Size |  BW  | S x BW ||  Delay  ||   LUT   |
|------------------|------|------|------|--------||---------||---------|
| grp_access_fu_37 |  p0  |   2  |   8  |   16   ||    9    |
|------------------|------|------|------|--------||---------||---------|
|       Total      |      |      |      |   16   ||   1.35  ||    9    |
|------------------|------|------|------|--------||---------||---------|



* Summary:
+-----------+--------+--------+--------+--------+--------+
|           |  BRAM  |  Delay |   FF   |   LUT  |  URAM  |
+-----------+--------+--------+--------+--------+--------+
|  Function |    6   |   34   |  1100  |  2727  |    0   |
|   Memory  |    -   |    -   |    -   |    -   |    -   |
|Multiplexer|    -   |    1   |    -   |    9   |    -   |
|  Register |    -   |    -   |   145  |    -   |    -   |
+-----------+--------+--------+--------+--------+--------+
|   Total   |    6   |   35   |  1245  |  2736  |    0   |
+-----------+--------+--------+--------+--------+--------+
